<testsuites id="" name="" tests="84" failures="84" skipped="0" errors="0" time="81.44305100000001">
<testsuite name="auth.spec.ts" timestamp="2026-03-19T23:12:14.101Z" hostname="frontend-chromium" tests="6" failures="6" skipped="0" time="55.485" errors="0">
<testcase name="Login › TS01 - login válido com redirect next e saudação" classname="auth.spec.ts" time="7.201">
<failure message="auth.spec.ts:33:3 TS01 - login válido com redirect next e saudação" type="FAILURE">
<![CDATA[  [frontend-chromium] › auth.spec.ts:33:3 › Login › TS01 - login válido com redirect next e saudação 

    Error: page.goto: net::ERR_CONNECTION_REFUSED at http://localhost:5174/login?next=/cart
    Call log:
      - navigating to "http://localhost:5174/login?next=/cart", waiting until "load"


      32 |
      33 |   test('TS01 - login válido com redirect next e saudação', async ({ page, waitForPageLoad }) => {
    > 34 |     await page.goto('/login?next=/cart');
         |                ^
      35 |     await waitForPageLoad(page, 'login');
      36 |
      37 |     await page.fill(selectors.login.email, 'valid@example.com');
        at D:\github-projects\tester.com\e2e\specs\frontend\auth.spec.ts:34:16

    attachment #1: screenshot (image/png) ──────────────────────────────────────────────────────────
    ..\..\..\test-results\auth-Login-TS01---login-válido-com-redirect-next-e-saudação-frontend-chromium\test-failed-1.png
    ────────────────────────────────────────────────────────────────────────────────────────────────

    attachment #3: video (video/webm) ──────────────────────────────────────────────────────────────
    ..\..\..\test-results\auth-Login-TS01---login-válido-com-redirect-next-e-saudação-frontend-chromium\video.webm
    ────────────────────────────────────────────────────────────────────────────────────────────────

    Error Context: ..\..\..\test-results\auth-Login-TS01---login-válido-com-redirect-next-e-saudação-frontend-chromium\error-context.md

    Retry #1 ───────────────────────────────────────────────────────────────────────────────────────

    Error: page.goto: net::ERR_CONNECTION_REFUSED at http://localhost:5174/login?next=/cart
    Call log:
      - navigating to "http://localhost:5174/login?next=/cart", waiting until "load"


      32 |
      33 |   test('TS01 - login válido com redirect next e saudação', async ({ page, waitForPageLoad }) => {
    > 34 |     await page.goto('/login?next=/cart');
         |                ^
      35 |     await waitForPageLoad(page, 'login');
      36 |
      37 |     await page.fill(selectors.login.email, 'valid@example.com');
        at D:\github-projects\tester.com\e2e\specs\frontend\auth.spec.ts:34:16

    attachment #1: screenshot (image/png) ──────────────────────────────────────────────────────────
    ..\..\..\test-results\auth-Login-TS01---login-válido-com-redirect-next-e-saudação-frontend-chromium-retry1\test-failed-1.png
    ────────────────────────────────────────────────────────────────────────────────────────────────

    attachment #3: video (video/webm) ──────────────────────────────────────────────────────────────
    ..\..\..\test-results\auth-Login-TS01---login-válido-com-redirect-next-e-saudação-frontend-chromium-retry1\video.webm
    ────────────────────────────────────────────────────────────────────────────────────────────────

    Error Context: ..\..\..\test-results\auth-Login-TS01---login-válido-com-redirect-next-e-saudação-frontend-chromium-retry1\error-context.md

    attachment #5: trace (application/zip) ─────────────────────────────────────────────────────────
    ..\..\..\test-results\auth-Login-TS01---login-válido-com-redirect-next-e-saudação-frontend-chromium-retry1\trace.zip
    Usage:

        npx playwright show-trace ..\..\..\test-results\auth-Login-TS01---login-válido-com-redirect-next-e-saudação-frontend-chromium-retry1\trace.zip

    ────────────────────────────────────────────────────────────────────────────────────────────────
]]>
</failure>
<system-out>
<![CDATA[
[[ATTACHMENT|test-results\auth-Login-TS01---login-válido-com-redirect-next-e-saudação-frontend-chromium\test-failed-1.png]]

[[ATTACHMENT|test-results\auth-Login-TS01---login-válido-com-redirect-next-e-saudação-frontend-chromium\video.webm]]

[[ATTACHMENT|test-results\auth-Login-TS01---login-válido-com-redirect-next-e-saudação-frontend-chromium\error-context.md]]

[[ATTACHMENT|test-results\auth-Login-TS01---login-válido-com-redirect-next-e-saudação-frontend-chromium-retry1\test-failed-1.png]]

[[ATTACHMENT|test-results\auth-Login-TS01---login-válido-com-redirect-next-e-saudação-frontend-chromium-retry1\video.webm]]

[[ATTACHMENT|test-results\auth-Login-TS01---login-válido-com-redirect-next-e-saudação-frontend-chromium-retry1\error-context.md]]

[[ATTACHMENT|test-results\auth-Login-TS01---login-válido-com-redirect-next-e-saudação-frontend-chromium-retry1\trace.zip]]
]]>
</system-out>
</testcase>
<testcase name="Login › TS02 - deve exibir erro para credenciais inválidas" classname="auth.spec.ts" time="10.05">
<failure message="auth.spec.ts:46:3 TS02 - deve exibir erro para credenciais inválidas" type="FAILURE">
<![CDATA[  [frontend-chromium] › auth.spec.ts:46:3 › Login › TS02 - deve exibir erro para credenciais inválidas 

    Error: page.goto: net::ERR_CONNECTION_REFUSED at http://localhost:5174/login
    Call log:
      - navigating to "http://localhost:5174/login", waiting until "load"


      45 |
      46 |   test('TS02 - deve exibir erro para credenciais inválidas', async ({ page, waitForPageLoad }) => {
    > 47 |     await page.goto('/login');
         |                ^
      48 |     await waitForPageLoad(page, 'login');
      49 |
      50 |     await page.fill(selectors.login.email, 'invalid@example.com');
        at D:\github-projects\tester.com\e2e\specs\frontend\auth.spec.ts:47:16

    attachment #1: screenshot (image/png) ──────────────────────────────────────────────────────────
    ..\..\..\test-results\auth-Login-TS02---deve-exi-2cc88--para-credenciais-inválidas-frontend-chromium\test-failed-1.png
    ────────────────────────────────────────────────────────────────────────────────────────────────

    attachment #3: video (video/webm) ──────────────────────────────────────────────────────────────
    ..\..\..\test-results\auth-Login-TS02---deve-exi-2cc88--para-credenciais-inválidas-frontend-chromium\video.webm
    ────────────────────────────────────────────────────────────────────────────────────────────────

    Error Context: ..\..\..\test-results\auth-Login-TS02---deve-exi-2cc88--para-credenciais-inválidas-frontend-chromium\error-context.md

    Retry #1 ───────────────────────────────────────────────────────────────────────────────────────

    Error: page.goto: net::ERR_CONNECTION_REFUSED at http://localhost:5174/login
    Call log:
      - navigating to "http://localhost:5174/login", waiting until "load"


      45 |
      46 |   test('TS02 - deve exibir erro para credenciais inválidas', async ({ page, waitForPageLoad }) => {
    > 47 |     await page.goto('/login');
         |                ^
      48 |     await waitForPageLoad(page, 'login');
      49 |
      50 |     await page.fill(selectors.login.email, 'invalid@example.com');
        at D:\github-projects\tester.com\e2e\specs\frontend\auth.spec.ts:47:16

    attachment #1: screenshot (image/png) ──────────────────────────────────────────────────────────
    ..\..\..\test-results\auth-Login-TS02---deve-exi-2cc88--para-credenciais-inválidas-frontend-chromium-retry1\test-failed-1.png
    ────────────────────────────────────────────────────────────────────────────────────────────────

    attachment #3: video (video/webm) ──────────────────────────────────────────────────────────────
    ..\..\..\test-results\auth-Login-TS02---deve-exi-2cc88--para-credenciais-inválidas-frontend-chromium-retry1\video.webm
    ────────────────────────────────────────────────────────────────────────────────────────────────

    Error Context: ..\..\..\test-results\auth-Login-TS02---deve-exi-2cc88--para-credenciais-inválidas-frontend-chromium-retry1\error-context.md

    attachment #5: trace (application/zip) ─────────────────────────────────────────────────────────
    ..\..\..\test-results\auth-Login-TS02---deve-exi-2cc88--para-credenciais-inválidas-frontend-chromium-retry1\trace.zip
    Usage:

        npx playwright show-trace ..\..\..\test-results\auth-Login-TS02---deve-exi-2cc88--para-credenciais-inválidas-frontend-chromium-retry1\trace.zip

    ────────────────────────────────────────────────────────────────────────────────────────────────
]]>
</failure>
<system-out>
<![CDATA[
[[ATTACHMENT|test-results\auth-Login-TS02---deve-exi-2cc88--para-credenciais-inválidas-frontend-chromium\test-failed-1.png]]

[[ATTACHMENT|test-results\auth-Login-TS02---deve-exi-2cc88--para-credenciais-inválidas-frontend-chromium\video.webm]]

[[ATTACHMENT|test-results\auth-Login-TS02---deve-exi-2cc88--para-credenciais-inválidas-frontend-chromium\error-context.md]]

[[ATTACHMENT|test-results\auth-Login-TS02---deve-exi-2cc88--para-credenciais-inválidas-frontend-chromium-retry1\test-failed-1.png]]

[[ATTACHMENT|test-results\auth-Login-TS02---deve-exi-2cc88--para-credenciais-inválidas-frontend-chromium-retry1\video.webm]]

[[ATTACHMENT|test-results\auth-Login-TS02---deve-exi-2cc88--para-credenciais-inválidas-frontend-chromium-retry1\error-context.md]]

[[ATTACHMENT|test-results\auth-Login-TS02---deve-exi-2cc88--para-credenciais-inválidas-frontend-chromium-retry1\trace.zip]]
]]>
</system-out>
</testcase>
<testcase name="Login › TS03 - deve validar campos obrigatórios" classname="auth.spec.ts" time="10.17">
<failure message="auth.spec.ts:57:3 TS03 - deve validar campos obrigatórios" type="FAILURE">
<![CDATA[  [frontend-chromium] › auth.spec.ts:57:3 › Login › TS03 - deve validar campos obrigatórios ────────

    Error: page.goto: net::ERR_CONNECTION_REFUSED at http://localhost:5174/login
    Call log:
      - navigating to "http://localhost:5174/login", waiting until "load"


      56 |
      57 |   test('TS03 - deve validar campos obrigatórios', async ({ page, waitForPageLoad }) => {
    > 58 |     await page.goto('/login');
         |                ^
      59 |     await waitForPageLoad(page, 'login');
      60 |
      61 |     await page.click(selectors.login.submit);
        at D:\github-projects\tester.com\e2e\specs\frontend\auth.spec.ts:58:16

    attachment #1: screenshot (image/png) ──────────────────────────────────────────────────────────
    ..\..\..\test-results\auth-Login-TS03---deve-validar-campos-obrigatórios-frontend-chromium\test-failed-1.png
    ────────────────────────────────────────────────────────────────────────────────────────────────

    attachment #3: video (video/webm) ──────────────────────────────────────────────────────────────
    ..\..\..\test-results\auth-Login-TS03---deve-validar-campos-obrigatórios-frontend-chromium\video.webm
    ────────────────────────────────────────────────────────────────────────────────────────────────

    Error Context: ..\..\..\test-results\auth-Login-TS03---deve-validar-campos-obrigatórios-frontend-chromium\error-context.md

    Retry #1 ───────────────────────────────────────────────────────────────────────────────────────

    Error: page.goto: net::ERR_CONNECTION_REFUSED at http://localhost:5174/login
    Call log:
      - navigating to "http://localhost:5174/login", waiting until "load"


      56 |
      57 |   test('TS03 - deve validar campos obrigatórios', async ({ page, waitForPageLoad }) => {
    > 58 |     await page.goto('/login');
         |                ^
      59 |     await waitForPageLoad(page, 'login');
      60 |
      61 |     await page.click(selectors.login.submit);
        at D:\github-projects\tester.com\e2e\specs\frontend\auth.spec.ts:58:16

    attachment #1: screenshot (image/png) ──────────────────────────────────────────────────────────
    ..\..\..\test-results\auth-Login-TS03---deve-validar-campos-obrigatórios-frontend-chromium-retry1\test-failed-1.png
    ────────────────────────────────────────────────────────────────────────────────────────────────

    attachment #3: video (video/webm) ──────────────────────────────────────────────────────────────
    ..\..\..\test-results\auth-Login-TS03---deve-validar-campos-obrigatórios-frontend-chromium-retry1\video.webm
    ────────────────────────────────────────────────────────────────────────────────────────────────

    Error Context: ..\..\..\test-results\auth-Login-TS03---deve-validar-campos-obrigatórios-frontend-chromium-retry1\error-context.md

    attachment #5: trace (application/zip) ─────────────────────────────────────────────────────────
    ..\..\..\test-results\auth-Login-TS03---deve-validar-campos-obrigatórios-frontend-chromium-retry1\trace.zip
    Usage:

        npx playwright show-trace ..\..\..\test-results\auth-Login-TS03---deve-validar-campos-obrigatórios-frontend-chromium-retry1\trace.zip

    ────────────────────────────────────────────────────────────────────────────────────────────────
]]>
</failure>
<system-out>
<![CDATA[
[[ATTACHMENT|test-results\auth-Login-TS03---deve-validar-campos-obrigatórios-frontend-chromium\test-failed-1.png]]

[[ATTACHMENT|test-results\auth-Login-TS03---deve-validar-campos-obrigatórios-frontend-chromium\video.webm]]

[[ATTACHMENT|test-results\auth-Login-TS03---deve-validar-campos-obrigatórios-frontend-chromium\error-context.md]]

[[ATTACHMENT|test-results\auth-Login-TS03---deve-validar-campos-obrigatórios-frontend-chromium-retry1\test-failed-1.png]]

[[ATTACHMENT|test-results\auth-Login-TS03---deve-validar-campos-obrigatórios-frontend-chromium-retry1\video.webm]]

[[ATTACHMENT|test-results\auth-Login-TS03---deve-validar-campos-obrigatórios-frontend-chromium-retry1\error-context.md]]

[[ATTACHMENT|test-results\auth-Login-TS03---deve-validar-campos-obrigatórios-frontend-chromium-retry1\trace.zip]]
]]>
</system-out>
</testcase>
<testcase name="Login › TS04 - login com senha em branco" classname="auth.spec.ts" time="7.285">
<failure message="auth.spec.ts:65:3 TS04 - login com senha em branco" type="FAILURE">
<![CDATA[  [frontend-chromium] › auth.spec.ts:65:3 › Login › TS04 - login com senha em branco ───────────────

    Error: page.goto: net::ERR_CONNECTION_REFUSED at http://localhost:5174/login
    Call log:
      - navigating to "http://localhost:5174/login", waiting until "load"


      64 |
      65 |   test('TS04 - login com senha em branco', async ({ page, waitForPageLoad }) => {
    > 66 |     await page.goto('/login');
         |                ^
      67 |     await waitForPageLoad(page, 'login');
      68 |
      69 |     await page.fill(selectors.login.email, 'valid@example.com');
        at D:\github-projects\tester.com\e2e\specs\frontend\auth.spec.ts:66:16

    attachment #1: screenshot (image/png) ──────────────────────────────────────────────────────────
    ..\..\..\test-results\auth-Login-TS04---login-com-senha-em-branco-frontend-chromium\test-failed-1.png
    ────────────────────────────────────────────────────────────────────────────────────────────────

    attachment #3: video (video/webm) ──────────────────────────────────────────────────────────────
    ..\..\..\test-results\auth-Login-TS04---login-com-senha-em-branco-frontend-chromium\video.webm
    ────────────────────────────────────────────────────────────────────────────────────────────────

    Error Context: ..\..\..\test-results\auth-Login-TS04---login-com-senha-em-branco-frontend-chromium\error-context.md

    Retry #1 ───────────────────────────────────────────────────────────────────────────────────────

    Error: page.goto: net::ERR_CONNECTION_REFUSED at http://localhost:5174/login
    Call log:
      - navigating to "http://localhost:5174/login", waiting until "load"


      64 |
      65 |   test('TS04 - login com senha em branco', async ({ page, waitForPageLoad }) => {
    > 66 |     await page.goto('/login');
         |                ^
      67 |     await waitForPageLoad(page, 'login');
      68 |
      69 |     await page.fill(selectors.login.email, 'valid@example.com');
        at D:\github-projects\tester.com\e2e\specs\frontend\auth.spec.ts:66:16

    attachment #1: screenshot (image/png) ──────────────────────────────────────────────────────────
    ..\..\..\test-results\auth-Login-TS04---login-com-senha-em-branco-frontend-chromium-retry1\test-failed-1.png
    ────────────────────────────────────────────────────────────────────────────────────────────────

    attachment #3: video (video/webm) ──────────────────────────────────────────────────────────────
    ..\..\..\test-results\auth-Login-TS04---login-com-senha-em-branco-frontend-chromium-retry1\video.webm
    ────────────────────────────────────────────────────────────────────────────────────────────────

    Error Context: ..\..\..\test-results\auth-Login-TS04---login-com-senha-em-branco-frontend-chromium-retry1\error-context.md

    attachment #5: trace (application/zip) ─────────────────────────────────────────────────────────
    ..\..\..\test-results\auth-Login-TS04---login-com-senha-em-branco-frontend-chromium-retry1\trace.zip
    Usage:

        npx playwright show-trace ..\..\..\test-results\auth-Login-TS04---login-com-senha-em-branco-frontend-chromium-retry1\trace.zip

    ────────────────────────────────────────────────────────────────────────────────────────────────
]]>
</failure>
<system-out>
<![CDATA[
[[ATTACHMENT|test-results\auth-Login-TS04---login-com-senha-em-branco-frontend-chromium\test-failed-1.png]]

[[ATTACHMENT|test-results\auth-Login-TS04---login-com-senha-em-branco-frontend-chromium\video.webm]]

[[ATTACHMENT|test-results\auth-Login-TS04---login-com-senha-em-branco-frontend-chromium\error-context.md]]

[[ATTACHMENT|test-results\auth-Login-TS04---login-com-senha-em-branco-frontend-chromium-retry1\test-failed-1.png]]

[[ATTACHMENT|test-results\auth-Login-TS04---login-com-senha-em-branco-frontend-chromium-retry1\video.webm]]

[[ATTACHMENT|test-results\auth-Login-TS04---login-com-senha-em-branco-frontend-chromium-retry1\error-context.md]]

[[ATTACHMENT|test-results\auth-Login-TS04---login-com-senha-em-branco-frontend-chromium-retry1\trace.zip]]
]]>
</system-out>
</testcase>
<testcase name="Login › TS05 - login com usuário em branco" classname="auth.spec.ts" time="10.196">
<failure message="auth.spec.ts:76:3 TS05 - login com usuário em branco" type="FAILURE">
<![CDATA[  [frontend-chromium] › auth.spec.ts:76:3 › Login › TS05 - login com usuário em branco ─────────────

    Error: page.goto: net::ERR_CONNECTION_REFUSED at http://localhost:5174/login
    Call log:
      - navigating to "http://localhost:5174/login", waiting until "load"


      75 |
      76 |   test('TS05 - login com usuário em branco', async ({ page, waitForPageLoad }) => {
    > 77 |     await page.goto('/login');
         |                ^
      78 |     await waitForPageLoad(page, 'login');
      79 |
      80 |     await page.fill(selectors.login.email, '');
        at D:\github-projects\tester.com\e2e\specs\frontend\auth.spec.ts:77:16

    attachment #1: screenshot (image/png) ──────────────────────────────────────────────────────────
    ..\..\..\test-results\auth-Login-TS05---login-com-usuário-em-branco-frontend-chromium\test-failed-1.png
    ────────────────────────────────────────────────────────────────────────────────────────────────

    attachment #3: video (video/webm) ──────────────────────────────────────────────────────────────
    ..\..\..\test-results\auth-Login-TS05---login-com-usuário-em-branco-frontend-chromium\video.webm
    ────────────────────────────────────────────────────────────────────────────────────────────────

    Error Context: ..\..\..\test-results\auth-Login-TS05---login-com-usuário-em-branco-frontend-chromium\error-context.md

    Retry #1 ───────────────────────────────────────────────────────────────────────────────────────

    Error: page.goto: net::ERR_CONNECTION_REFUSED at http://localhost:5174/login
    Call log:
      - navigating to "http://localhost:5174/login", waiting until "load"


      75 |
      76 |   test('TS05 - login com usuário em branco', async ({ page, waitForPageLoad }) => {
    > 77 |     await page.goto('/login');
         |                ^
      78 |     await waitForPageLoad(page, 'login');
      79 |
      80 |     await page.fill(selectors.login.email, '');
        at D:\github-projects\tester.com\e2e\specs\frontend\auth.spec.ts:77:16

    attachment #1: screenshot (image/png) ──────────────────────────────────────────────────────────
    ..\..\..\test-results\auth-Login-TS05---login-com-usuário-em-branco-frontend-chromium-retry1\test-failed-1.png
    ────────────────────────────────────────────────────────────────────────────────────────────────

    attachment #3: video (video/webm) ──────────────────────────────────────────────────────────────
    ..\..\..\test-results\auth-Login-TS05---login-com-usuário-em-branco-frontend-chromium-retry1\video.webm
    ────────────────────────────────────────────────────────────────────────────────────────────────

    Error Context: ..\..\..\test-results\auth-Login-TS05---login-com-usuário-em-branco-frontend-chromium-retry1\error-context.md

    attachment #5: trace (application/zip) ─────────────────────────────────────────────────────────
    ..\..\..\test-results\auth-Login-TS05---login-com-usuário-em-branco-frontend-chromium-retry1\trace.zip
    Usage:

        npx playwright show-trace ..\..\..\test-results\auth-Login-TS05---login-com-usuário-em-branco-frontend-chromium-retry1\trace.zip

    ────────────────────────────────────────────────────────────────────────────────────────────────
]]>
</failure>
<system-out>
<![CDATA[
[[ATTACHMENT|test-results\auth-Login-TS05---login-com-usuário-em-branco-frontend-chromium\test-failed-1.png]]

[[ATTACHMENT|test-results\auth-Login-TS05---login-com-usuário-em-branco-frontend-chromium\video.webm]]

[[ATTACHMENT|test-results\auth-Login-TS05---login-com-usuário-em-branco-frontend-chromium\error-context.md]]

[[ATTACHMENT|test-results\auth-Login-TS05---login-com-usuário-em-branco-frontend-chromium-retry1\test-failed-1.png]]

[[ATTACHMENT|test-results\auth-Login-TS05---login-com-usuário-em-branco-frontend-chromium-retry1\video.webm]]

[[ATTACHMENT|test-results\auth-Login-TS05---login-com-usuário-em-branco-frontend-chromium-retry1\error-context.md]]

[[ATTACHMENT|test-results\auth-Login-TS05---login-com-usuário-em-branco-frontend-chromium-retry1\trace.zip]]
]]>
</system-out>
</testcase>
<testcase name="Login › TS06 - deve manter estado autenticado após reload" classname="auth.spec.ts" time="10.583">
<failure message="auth.spec.ts:87:3 TS06 - deve manter estado autenticado após reload" type="FAILURE">
<![CDATA[  [frontend-chromium] › auth.spec.ts:87:3 › Login › TS06 - deve manter estado autenticado após reload 

    Error: page.goto: net::ERR_CONNECTION_REFUSED at http://localhost:5174/login
    Call log:
      - navigating to "http://localhost:5174/login", waiting until "load"


      86 |
      87 |   test('TS06 - deve manter estado autenticado após reload', async ({ page, waitForPageLoad }) => {
    > 88 |     await page.goto('/login');
         |                ^
      89 |     await waitForPageLoad(page, 'login');
      90 |
      91 |     await page.fill(selectors.login.email, 'valid@example.com');
        at D:\github-projects\tester.com\e2e\specs\frontend\auth.spec.ts:88:16

    attachment #1: screenshot (image/png) ──────────────────────────────────────────────────────────
    ..\..\..\test-results\auth-Login-TS06---deve-manter-estado-autenticado-após-reload-frontend-chromium\test-failed-1.png
    ────────────────────────────────────────────────────────────────────────────────────────────────

    attachment #3: video (video/webm) ──────────────────────────────────────────────────────────────
    ..\..\..\test-results\auth-Login-TS06---deve-manter-estado-autenticado-após-reload-frontend-chromium\video.webm
    ────────────────────────────────────────────────────────────────────────────────────────────────

    Error Context: ..\..\..\test-results\auth-Login-TS06---deve-manter-estado-autenticado-após-reload-frontend-chromium\error-context.md

    Retry #1 ───────────────────────────────────────────────────────────────────────────────────────

    Error: page.goto: net::ERR_CONNECTION_REFUSED at http://localhost:5174/login
    Call log:
      - navigating to "http://localhost:5174/login", waiting until "load"


      86 |
      87 |   test('TS06 - deve manter estado autenticado após reload', async ({ page, waitForPageLoad }) => {
    > 88 |     await page.goto('/login');
         |                ^
      89 |     await waitForPageLoad(page, 'login');
      90 |
      91 |     await page.fill(selectors.login.email, 'valid@example.com');
        at D:\github-projects\tester.com\e2e\specs\frontend\auth.spec.ts:88:16

    attachment #1: screenshot (image/png) ──────────────────────────────────────────────────────────
    ..\..\..\test-results\auth-Login-TS06---deve-manter-estado-autenticado-após-reload-frontend-chromium-retry1\test-failed-1.png
    ────────────────────────────────────────────────────────────────────────────────────────────────

    attachment #3: video (video/webm) ──────────────────────────────────────────────────────────────
    ..\..\..\test-results\auth-Login-TS06---deve-manter-estado-autenticado-após-reload-frontend-chromium-retry1\video.webm
    ────────────────────────────────────────────────────────────────────────────────────────────────

    Error Context: ..\..\..\test-results\auth-Login-TS06---deve-manter-estado-autenticado-após-reload-frontend-chromium-retry1\error-context.md

    attachment #5: trace (application/zip) ─────────────────────────────────────────────────────────
    ..\..\..\test-results\auth-Login-TS06---deve-manter-estado-autenticado-após-reload-frontend-chromium-retry1\trace.zip
    Usage:

        npx playwright show-trace ..\..\..\test-results\auth-Login-TS06---deve-manter-estado-autenticado-após-reload-frontend-chromium-retry1\trace.zip

    ────────────────────────────────────────────────────────────────────────────────────────────────
]]>
</failure>
<system-out>
<![CDATA[
[[ATTACHMENT|test-results\auth-Login-TS06---deve-manter-estado-autenticado-após-reload-frontend-chromium\test-failed-1.png]]

[[ATTACHMENT|test-results\auth-Login-TS06---deve-manter-estado-autenticado-após-reload-frontend-chromium\video.webm]]

[[ATTACHMENT|test-results\auth-Login-TS06---deve-manter-estado-autenticado-após-reload-frontend-chromium\error-context.md]]

[[ATTACHMENT|test-results\auth-Login-TS06---deve-manter-estado-autenticado-após-reload-frontend-chromium-retry1\test-failed-1.png]]

[[ATTACHMENT|test-results\auth-Login-TS06---deve-manter-estado-autenticado-após-reload-frontend-chromium-retry1\video.webm]]

[[ATTACHMENT|test-results\auth-Login-TS06---deve-manter-estado-autenticado-após-reload-frontend-chromium-retry1\error-context.md]]

[[ATTACHMENT|test-results\auth-Login-TS06---deve-manter-estado-autenticado-após-reload-frontend-chromium-retry1\trace.zip]]
]]>
</system-out>
</testcase>
</testsuite>
<testsuite name="cart-checkout.spec.ts" timestamp="2026-03-19T23:12:14.101Z" hostname="frontend-chromium" tests="3" failures="3" skipped="0" time="29.895" errors="0">
<testcase name="Cart and Checkout › TS01 usuário logado deve finalizar checkout e ir para thank-you" classname="cart-checkout.spec.ts" time="10.087">
<failure message="cart-checkout.spec.ts:35:3 TS01 usuário logado deve finalizar checkout e ir para thank-you" type="FAILURE">
<![CDATA[  [frontend-chromium] › cart-checkout.spec.ts:35:3 › Cart and Checkout › TS01 usuário logado deve finalizar checkout e ir para thank-you 

    Error: page.goto: net::ERR_CONNECTION_REFUSED at http://localhost:5174/
    Call log:
      - navigating to "http://localhost:5174/", waiting until "load"


      42 |     });
      43 |
    > 44 |     await page.goto('/');
         |                ^
      45 |     await waitForPageLoad(page, 'catalog');
      46 |
      47 |     await page.getByRole('button', { name: /Adicionar ao Carrinho|Add to Cart/i }).first().click();
        at D:\github-projects\tester.com\e2e\specs\frontend\cart-checkout.spec.ts:44:16

    attachment #1: screenshot (image/png) ──────────────────────────────────────────────────────────
    ..\..\..\test-results\cart-checkout-Cart-and-Che-7c373-heckout-e-ir-para-thank-you-frontend-chromium\test-failed-1.png
    ────────────────────────────────────────────────────────────────────────────────────────────────

    attachment #3: video (video/webm) ──────────────────────────────────────────────────────────────
    ..\..\..\test-results\cart-checkout-Cart-and-Che-7c373-heckout-e-ir-para-thank-you-frontend-chromium\video.webm
    ────────────────────────────────────────────────────────────────────────────────────────────────

    Error Context: ..\..\..\test-results\cart-checkout-Cart-and-Che-7c373-heckout-e-ir-para-thank-you-frontend-chromium\error-context.md

    Retry #1 ───────────────────────────────────────────────────────────────────────────────────────

    Error: page.goto: net::ERR_CONNECTION_REFUSED at http://localhost:5174/
    Call log:
      - navigating to "http://localhost:5174/", waiting until "load"


      42 |     });
      43 |
    > 44 |     await page.goto('/');
         |                ^
      45 |     await waitForPageLoad(page, 'catalog');
      46 |
      47 |     await page.getByRole('button', { name: /Adicionar ao Carrinho|Add to Cart/i }).first().click();
        at D:\github-projects\tester.com\e2e\specs\frontend\cart-checkout.spec.ts:44:16

    attachment #1: screenshot (image/png) ──────────────────────────────────────────────────────────
    ..\..\..\test-results\cart-checkout-Cart-and-Che-7c373-heckout-e-ir-para-thank-you-frontend-chromium-retry1\test-failed-1.png
    ────────────────────────────────────────────────────────────────────────────────────────────────

    attachment #3: video (video/webm) ──────────────────────────────────────────────────────────────
    ..\..\..\test-results\cart-checkout-Cart-and-Che-7c373-heckout-e-ir-para-thank-you-frontend-chromium-retry1\video.webm
    ────────────────────────────────────────────────────────────────────────────────────────────────

    Error Context: ..\..\..\test-results\cart-checkout-Cart-and-Che-7c373-heckout-e-ir-para-thank-you-frontend-chromium-retry1\error-context.md

    attachment #5: trace (application/zip) ─────────────────────────────────────────────────────────
    ..\..\..\test-results\cart-checkout-Cart-and-Che-7c373-heckout-e-ir-para-thank-you-frontend-chromium-retry1\trace.zip
    Usage:

        npx playwright show-trace ..\..\..\test-results\cart-checkout-Cart-and-Che-7c373-heckout-e-ir-para-thank-you-frontend-chromium-retry1\trace.zip

    ────────────────────────────────────────────────────────────────────────────────────────────────
]]>
</failure>
<system-out>
<![CDATA[
[[ATTACHMENT|test-results\cart-checkout-Cart-and-Che-7c373-heckout-e-ir-para-thank-you-frontend-chromium\test-failed-1.png]]

[[ATTACHMENT|test-results\cart-checkout-Cart-and-Che-7c373-heckout-e-ir-para-thank-you-frontend-chromium\video.webm]]

[[ATTACHMENT|test-results\cart-checkout-Cart-and-Che-7c373-heckout-e-ir-para-thank-you-frontend-chromium\error-context.md]]

[[ATTACHMENT|test-results\cart-checkout-Cart-and-Che-7c373-heckout-e-ir-para-thank-you-frontend-chromium-retry1\test-failed-1.png]]

[[ATTACHMENT|test-results\cart-checkout-Cart-and-Che-7c373-heckout-e-ir-para-thank-you-frontend-chromium-retry1\video.webm]]

[[ATTACHMENT|test-results\cart-checkout-Cart-and-Che-7c373-heckout-e-ir-para-thank-you-frontend-chromium-retry1\error-context.md]]

[[ATTACHMENT|test-results\cart-checkout-Cart-and-Che-7c373-heckout-e-ir-para-thank-you-frontend-chromium-retry1\trace.zip]]
]]>
</system-out>
</testcase>
<testcase name="Cart and Checkout › TS02 usuário não logado deve ser redirecionado para login com next" classname="cart-checkout.spec.ts" time="9.391">
<failure message="cart-checkout.spec.ts:58:3 TS02 usuário não logado deve ser redirecionado para login com next" type="FAILURE">
<![CDATA[  [frontend-chromium] › cart-checkout.spec.ts:58:3 › Cart and Checkout › TS02 usuário não logado deve ser redirecionado para login com next 

    Error: page.goto: net::ERR_CONNECTION_REFUSED at http://localhost:5174/
    Call log:
      - navigating to "http://localhost:5174/", waiting until "load"


      57 |
      58 |   test('TS02 usuário não logado deve ser redirecionado para login com next', async ({ page, waitForPageLoad }) => {
    > 59 |     await page.goto('/');
         |                ^
      60 |     await waitForPageLoad(page, 'catalog');
      61 |
      62 |     await page.getByRole('button', { name: /Adicionar ao Carrinho|Add to Cart/i }).first().click();
        at D:\github-projects\tester.com\e2e\specs\frontend\cart-checkout.spec.ts:59:16

    attachment #1: screenshot (image/png) ──────────────────────────────────────────────────────────
    ..\..\..\test-results\cart-checkout-Cart-and-Che-5c439-cionado-para-login-com-next-frontend-chromium\test-failed-1.png
    ────────────────────────────────────────────────────────────────────────────────────────────────

    attachment #3: video (video/webm) ──────────────────────────────────────────────────────────────
    ..\..\..\test-results\cart-checkout-Cart-and-Che-5c439-cionado-para-login-com-next-frontend-chromium\video.webm
    ────────────────────────────────────────────────────────────────────────────────────────────────

    Error Context: ..\..\..\test-results\cart-checkout-Cart-and-Che-5c439-cionado-para-login-com-next-frontend-chromium\error-context.md

    Retry #1 ───────────────────────────────────────────────────────────────────────────────────────

    Error: page.goto: net::ERR_CONNECTION_REFUSED at http://localhost:5174/
    Call log:
      - navigating to "http://localhost:5174/", waiting until "load"


      57 |
      58 |   test('TS02 usuário não logado deve ser redirecionado para login com next', async ({ page, waitForPageLoad }) => {
    > 59 |     await page.goto('/');
         |                ^
      60 |     await waitForPageLoad(page, 'catalog');
      61 |
      62 |     await page.getByRole('button', { name: /Adicionar ao Carrinho|Add to Cart/i }).first().click();
        at D:\github-projects\tester.com\e2e\specs\frontend\cart-checkout.spec.ts:59:16

    attachment #1: screenshot (image/png) ──────────────────────────────────────────────────────────
    ..\..\..\test-results\cart-checkout-Cart-and-Che-5c439-cionado-para-login-com-next-frontend-chromium-retry1\test-failed-1.png
    ────────────────────────────────────────────────────────────────────────────────────────────────

    attachment #3: video (video/webm) ──────────────────────────────────────────────────────────────
    ..\..\..\test-results\cart-checkout-Cart-and-Che-5c439-cionado-para-login-com-next-frontend-chromium-retry1\video.webm
    ────────────────────────────────────────────────────────────────────────────────────────────────

    Error Context: ..\..\..\test-results\cart-checkout-Cart-and-Che-5c439-cionado-para-login-com-next-frontend-chromium-retry1\error-context.md

    attachment #5: trace (application/zip) ─────────────────────────────────────────────────────────
    ..\..\..\test-results\cart-checkout-Cart-and-Che-5c439-cionado-para-login-com-next-frontend-chromium-retry1\trace.zip
    Usage:

        npx playwright show-trace ..\..\..\test-results\cart-checkout-Cart-and-Che-5c439-cionado-para-login-com-next-frontend-chromium-retry1\trace.zip

    ────────────────────────────────────────────────────────────────────────────────────────────────
]]>
</failure>
<system-out>
<![CDATA[
[[ATTACHMENT|test-results\cart-checkout-Cart-and-Che-5c439-cionado-para-login-com-next-frontend-chromium\test-failed-1.png]]

[[ATTACHMENT|test-results\cart-checkout-Cart-and-Che-5c439-cionado-para-login-com-next-frontend-chromium\video.webm]]

[[ATTACHMENT|test-results\cart-checkout-Cart-and-Che-5c439-cionado-para-login-com-next-frontend-chromium\error-context.md]]

[[ATTACHMENT|test-results\cart-checkout-Cart-and-Che-5c439-cionado-para-login-com-next-frontend-chromium-retry1\test-failed-1.png]]

[[ATTACHMENT|test-results\cart-checkout-Cart-and-Che-5c439-cionado-para-login-com-next-frontend-chromium-retry1\video.webm]]

[[ATTACHMENT|test-results\cart-checkout-Cart-and-Che-5c439-cionado-para-login-com-next-frontend-chromium-retry1\error-context.md]]

[[ATTACHMENT|test-results\cart-checkout-Cart-and-Che-5c439-cionado-para-login-com-next-frontend-chromium-retry1\trace.zip]]
]]>
</system-out>
</testcase>
<testcase name="Cart and Checkout › TS03 carrinho vazio deve manter checkout desabilitado" classname="cart-checkout.spec.ts" time="10.417">
<failure message="cart-checkout.spec.ts:70:3 TS03 carrinho vazio deve manter checkout desabilitado" type="FAILURE">
<![CDATA[  [frontend-chromium] › cart-checkout.spec.ts:70:3 › Cart and Checkout › TS03 carrinho vazio deve manter checkout desabilitado 

    Error: page.goto: net::ERR_CONNECTION_REFUSED at http://localhost:5174/cart
    Call log:
      - navigating to "http://localhost:5174/cart", waiting until "load"


      69 |
      70 |   test('TS03 carrinho vazio deve manter checkout desabilitado', async ({ page }) => {
    > 71 |     await page.goto('/cart');
         |                ^
      72 |     await expect(page.locator('body')).toContainText('Meu Carrinho');
      73 |     await expect(page.locator('body')).toContainText('Seu carrinho está vazio');
      74 |     await expect(page.locator('body')).toContainText('Adicione produtos do catálogo para começar.');
        at D:\github-projects\tester.com\e2e\specs\frontend\cart-checkout.spec.ts:71:16

    attachment #1: screenshot (image/png) ──────────────────────────────────────────────────────────
    ..\..\..\test-results\cart-checkout-Cart-and-Che-71a2b-anter-checkout-desabilitado-frontend-chromium\test-failed-1.png
    ────────────────────────────────────────────────────────────────────────────────────────────────

    attachment #3: video (video/webm) ──────────────────────────────────────────────────────────────
    ..\..\..\test-results\cart-checkout-Cart-and-Che-71a2b-anter-checkout-desabilitado-frontend-chromium\video.webm
    ────────────────────────────────────────────────────────────────────────────────────────────────

    Error Context: ..\..\..\test-results\cart-checkout-Cart-and-Che-71a2b-anter-checkout-desabilitado-frontend-chromium\error-context.md

    Retry #1 ───────────────────────────────────────────────────────────────────────────────────────

    Error: page.goto: net::ERR_CONNECTION_REFUSED at http://localhost:5174/cart
    Call log:
      - navigating to "http://localhost:5174/cart", waiting until "load"


      69 |
      70 |   test('TS03 carrinho vazio deve manter checkout desabilitado', async ({ page }) => {
    > 71 |     await page.goto('/cart');
         |                ^
      72 |     await expect(page.locator('body')).toContainText('Meu Carrinho');
      73 |     await expect(page.locator('body')).toContainText('Seu carrinho está vazio');
      74 |     await expect(page.locator('body')).toContainText('Adicione produtos do catálogo para começar.');
        at D:\github-projects\tester.com\e2e\specs\frontend\cart-checkout.spec.ts:71:16

    attachment #1: screenshot (image/png) ──────────────────────────────────────────────────────────
    ..\..\..\test-results\cart-checkout-Cart-and-Che-71a2b-anter-checkout-desabilitado-frontend-chromium-retry1\test-failed-1.png
    ────────────────────────────────────────────────────────────────────────────────────────────────

    attachment #3: video (video/webm) ──────────────────────────────────────────────────────────────
    ..\..\..\test-results\cart-checkout-Cart-and-Che-71a2b-anter-checkout-desabilitado-frontend-chromium-retry1\video.webm
    ────────────────────────────────────────────────────────────────────────────────────────────────

    Error Context: ..\..\..\test-results\cart-checkout-Cart-and-Che-71a2b-anter-checkout-desabilitado-frontend-chromium-retry1\error-context.md

    attachment #5: trace (application/zip) ─────────────────────────────────────────────────────────
    ..\..\..\test-results\cart-checkout-Cart-and-Che-71a2b-anter-checkout-desabilitado-frontend-chromium-retry1\trace.zip
    Usage:

        npx playwright show-trace ..\..\..\test-results\cart-checkout-Cart-and-Che-71a2b-anter-checkout-desabilitado-frontend-chromium-retry1\trace.zip

    ────────────────────────────────────────────────────────────────────────────────────────────────
]]>
</failure>
<system-out>
<![CDATA[
[[ATTACHMENT|test-results\cart-checkout-Cart-and-Che-71a2b-anter-checkout-desabilitado-frontend-chromium\test-failed-1.png]]

[[ATTACHMENT|test-results\cart-checkout-Cart-and-Che-71a2b-anter-checkout-desabilitado-frontend-chromium\video.webm]]

[[ATTACHMENT|test-results\cart-checkout-Cart-and-Che-71a2b-anter-checkout-desabilitado-frontend-chromium\error-context.md]]

[[ATTACHMENT|test-results\cart-checkout-Cart-and-Che-71a2b-anter-checkout-desabilitado-frontend-chromium-retry1\test-failed-1.png]]

[[ATTACHMENT|test-results\cart-checkout-Cart-and-Che-71a2b-anter-checkout-desabilitado-frontend-chromium-retry1\video.webm]]

[[ATTACHMENT|test-results\cart-checkout-Cart-and-Che-71a2b-anter-checkout-desabilitado-frontend-chromium-retry1\error-context.md]]

[[ATTACHMENT|test-results\cart-checkout-Cart-and-Che-71a2b-anter-checkout-desabilitado-frontend-chromium-retry1\trace.zip]]
]]>
</system-out>
</testcase>
</testsuite>
<testsuite name="catalog.spec.ts" timestamp="2026-03-19T23:12:14.101Z" hostname="frontend-chromium" tests="5" failures="5" skipped="0" time="49.215" errors="0">
<testcase name="Catalog Page › TS01 deve listar produtos ao carregar página" classname="catalog.spec.ts" time="10.218">
<failure message="catalog.spec.ts:45:3 TS01 deve listar produtos ao carregar página" type="FAILURE">
<![CDATA[  [frontend-chromium] › catalog.spec.ts:45:3 › Catalog Page › TS01 deve listar produtos ao carregar página 

    Error: page.goto: net::ERR_CONNECTION_REFUSED at http://localhost:5174/
    Call log:
      - navigating to "http://localhost:5174/", waiting until "load"


      40 |     });
      41 |
    > 42 |     await page.goto('/');
         |                ^
      43 |   });
      44 |
      45 |   test('TS01 deve listar produtos ao carregar página', async ({ page, waitForPageLoad }) => {
        at D:\github-projects\tester.com\e2e\specs\frontend\catalog.spec.ts:42:16

    attachment #1: screenshot (image/png) ──────────────────────────────────────────────────────────
    ..\..\..\test-results\catalog-Catalog-Page-TS01--55a04-produtos-ao-carregar-página-frontend-chromium\test-failed-1.png
    ────────────────────────────────────────────────────────────────────────────────────────────────

    attachment #3: video (video/webm) ──────────────────────────────────────────────────────────────
    ..\..\..\test-results\catalog-Catalog-Page-TS01--55a04-produtos-ao-carregar-página-frontend-chromium\video.webm
    ────────────────────────────────────────────────────────────────────────────────────────────────

    Error Context: ..\..\..\test-results\catalog-Catalog-Page-TS01--55a04-produtos-ao-carregar-página-frontend-chromium\error-context.md

    Retry #1 ───────────────────────────────────────────────────────────────────────────────────────

    Error: page.goto: net::ERR_CONNECTION_REFUSED at http://localhost:5174/
    Call log:
      - navigating to "http://localhost:5174/", waiting until "load"


      40 |     });
      41 |
    > 42 |     await page.goto('/');
         |                ^
      43 |   });
      44 |
      45 |   test('TS01 deve listar produtos ao carregar página', async ({ page, waitForPageLoad }) => {
        at D:\github-projects\tester.com\e2e\specs\frontend\catalog.spec.ts:42:16

    attachment #1: screenshot (image/png) ──────────────────────────────────────────────────────────
    ..\..\..\test-results\catalog-Catalog-Page-TS01--55a04-produtos-ao-carregar-página-frontend-chromium-retry1\test-failed-1.png
    ────────────────────────────────────────────────────────────────────────────────────────────────

    attachment #3: video (video/webm) ──────────────────────────────────────────────────────────────
    ..\..\..\test-results\catalog-Catalog-Page-TS01--55a04-produtos-ao-carregar-página-frontend-chromium-retry1\video.webm
    ────────────────────────────────────────────────────────────────────────────────────────────────

    Error Context: ..\..\..\test-results\catalog-Catalog-Page-TS01--55a04-produtos-ao-carregar-página-frontend-chromium-retry1\error-context.md

    attachment #5: trace (application/zip) ─────────────────────────────────────────────────────────
    ..\..\..\test-results\catalog-Catalog-Page-TS01--55a04-produtos-ao-carregar-página-frontend-chromium-retry1\trace.zip
    Usage:

        npx playwright show-trace ..\..\..\test-results\catalog-Catalog-Page-TS01--55a04-produtos-ao-carregar-página-frontend-chromium-retry1\trace.zip

    ────────────────────────────────────────────────────────────────────────────────────────────────
]]>
</failure>
<system-out>
<![CDATA[
[[ATTACHMENT|test-results\catalog-Catalog-Page-TS01--55a04-produtos-ao-carregar-página-frontend-chromium\test-failed-1.png]]

[[ATTACHMENT|test-results\catalog-Catalog-Page-TS01--55a04-produtos-ao-carregar-página-frontend-chromium\video.webm]]

[[ATTACHMENT|test-results\catalog-Catalog-Page-TS01--55a04-produtos-ao-carregar-página-frontend-chromium\error-context.md]]

[[ATTACHMENT|test-results\catalog-Catalog-Page-TS01--55a04-produtos-ao-carregar-página-frontend-chromium-retry1\test-failed-1.png]]

[[ATTACHMENT|test-results\catalog-Catalog-Page-TS01--55a04-produtos-ao-carregar-página-frontend-chromium-retry1\video.webm]]

[[ATTACHMENT|test-results\catalog-Catalog-Page-TS01--55a04-produtos-ao-carregar-página-frontend-chromium-retry1\error-context.md]]

[[ATTACHMENT|test-results\catalog-Catalog-Page-TS01--55a04-produtos-ao-carregar-página-frontend-chromium-retry1\trace.zip]]
]]>
</system-out>
</testcase>
<testcase name="Catalog Page › TS02 deve permitir busca por texto e atualizar contagem" classname="catalog.spec.ts" time="10.636">
<failure message="catalog.spec.ts:51:3 TS02 deve permitir busca por texto e atualizar contagem" type="FAILURE">
<![CDATA[  [frontend-chromium] › catalog.spec.ts:51:3 › Catalog Page › TS02 deve permitir busca por texto e atualizar contagem 

    Error: page.goto: net::ERR_CONNECTION_REFUSED at http://localhost:5174/
    Call log:
      - navigating to "http://localhost:5174/", waiting until "load"


      40 |     });
      41 |
    > 42 |     await page.goto('/');
         |                ^
      43 |   });
      44 |
      45 |   test('TS01 deve listar produtos ao carregar página', async ({ page, waitForPageLoad }) => {
        at D:\github-projects\tester.com\e2e\specs\frontend\catalog.spec.ts:42:16

    attachment #1: screenshot (image/png) ──────────────────────────────────────────────────────────
    ..\..\..\test-results\catalog-Catalog-Page-TS02--93567--texto-e-atualizar-contagem-frontend-chromium\test-failed-1.png
    ────────────────────────────────────────────────────────────────────────────────────────────────

    attachment #3: video (video/webm) ──────────────────────────────────────────────────────────────
    ..\..\..\test-results\catalog-Catalog-Page-TS02--93567--texto-e-atualizar-contagem-frontend-chromium\video.webm
    ────────────────────────────────────────────────────────────────────────────────────────────────

    Error Context: ..\..\..\test-results\catalog-Catalog-Page-TS02--93567--texto-e-atualizar-contagem-frontend-chromium\error-context.md

    Retry #1 ───────────────────────────────────────────────────────────────────────────────────────

    Error: page.goto: net::ERR_CONNECTION_REFUSED at http://localhost:5174/
    Call log:
      - navigating to "http://localhost:5174/", waiting until "load"


      40 |     });
      41 |
    > 42 |     await page.goto('/');
         |                ^
      43 |   });
      44 |
      45 |   test('TS01 deve listar produtos ao carregar página', async ({ page, waitForPageLoad }) => {
        at D:\github-projects\tester.com\e2e\specs\frontend\catalog.spec.ts:42:16

    attachment #1: screenshot (image/png) ──────────────────────────────────────────────────────────
    ..\..\..\test-results\catalog-Catalog-Page-TS02--93567--texto-e-atualizar-contagem-frontend-chromium-retry1\test-failed-1.png
    ────────────────────────────────────────────────────────────────────────────────────────────────

    attachment #3: video (video/webm) ──────────────────────────────────────────────────────────────
    ..\..\..\test-results\catalog-Catalog-Page-TS02--93567--texto-e-atualizar-contagem-frontend-chromium-retry1\video.webm
    ────────────────────────────────────────────────────────────────────────────────────────────────

    Error Context: ..\..\..\test-results\catalog-Catalog-Page-TS02--93567--texto-e-atualizar-contagem-frontend-chromium-retry1\error-context.md

    attachment #5: trace (application/zip) ─────────────────────────────────────────────────────────
    ..\..\..\test-results\catalog-Catalog-Page-TS02--93567--texto-e-atualizar-contagem-frontend-chromium-retry1\trace.zip
    Usage:

        npx playwright show-trace ..\..\..\test-results\catalog-Catalog-Page-TS02--93567--texto-e-atualizar-contagem-frontend-chromium-retry1\trace.zip

    ────────────────────────────────────────────────────────────────────────────────────────────────
]]>
</failure>
<system-out>
<![CDATA[
[[ATTACHMENT|test-results\catalog-Catalog-Page-TS02--93567--texto-e-atualizar-contagem-frontend-chromium\test-failed-1.png]]

[[ATTACHMENT|test-results\catalog-Catalog-Page-TS02--93567--texto-e-atualizar-contagem-frontend-chromium\video.webm]]

[[ATTACHMENT|test-results\catalog-Catalog-Page-TS02--93567--texto-e-atualizar-contagem-frontend-chromium\error-context.md]]

[[ATTACHMENT|test-results\catalog-Catalog-Page-TS02--93567--texto-e-atualizar-contagem-frontend-chromium-retry1\test-failed-1.png]]

[[ATTACHMENT|test-results\catalog-Catalog-Page-TS02--93567--texto-e-atualizar-contagem-frontend-chromium-retry1\video.webm]]

[[ATTACHMENT|test-results\catalog-Catalog-Page-TS02--93567--texto-e-atualizar-contagem-frontend-chromium-retry1\error-context.md]]

[[ATTACHMENT|test-results\catalog-Catalog-Page-TS02--93567--texto-e-atualizar-contagem-frontend-chromium-retry1\trace.zip]]
]]>
</system-out>
</testcase>
<testcase name="Catalog Page › TS03 deve aplicar filtro por categoria" classname="catalog.spec.ts" time="8.377">
<failure message="catalog.spec.ts:60:3 TS03 deve aplicar filtro por categoria" type="FAILURE">
<![CDATA[  [frontend-chromium] › catalog.spec.ts:60:3 › Catalog Page › TS03 deve aplicar filtro por categoria 

    Error: page.goto: net::ERR_CONNECTION_REFUSED at http://localhost:5174/
    Call log:
      - navigating to "http://localhost:5174/", waiting until "load"


      40 |     });
      41 |
    > 42 |     await page.goto('/');
         |                ^
      43 |   });
      44 |
      45 |   test('TS01 deve listar produtos ao carregar página', async ({ page, waitForPageLoad }) => {
        at D:\github-projects\tester.com\e2e\specs\frontend\catalog.spec.ts:42:16

    attachment #1: screenshot (image/png) ──────────────────────────────────────────────────────────
    ..\..\..\test-results\catalog-Catalog-Page-TS03-deve-aplicar-filtro-por-categoria-frontend-chromium\test-failed-1.png
    ────────────────────────────────────────────────────────────────────────────────────────────────

    attachment #3: video (video/webm) ──────────────────────────────────────────────────────────────
    ..\..\..\test-results\catalog-Catalog-Page-TS03-deve-aplicar-filtro-por-categoria-frontend-chromium\video.webm
    ────────────────────────────────────────────────────────────────────────────────────────────────

    Error Context: ..\..\..\test-results\catalog-Catalog-Page-TS03-deve-aplicar-filtro-por-categoria-frontend-chromium\error-context.md

    Retry #1 ───────────────────────────────────────────────────────────────────────────────────────

    Error: page.goto: net::ERR_CONNECTION_REFUSED at http://localhost:5174/
    Call log:
      - navigating to "http://localhost:5174/", waiting until "load"


      40 |     });
      41 |
    > 42 |     await page.goto('/');
         |                ^
      43 |   });
      44 |
      45 |   test('TS01 deve listar produtos ao carregar página', async ({ page, waitForPageLoad }) => {
        at D:\github-projects\tester.com\e2e\specs\frontend\catalog.spec.ts:42:16

    attachment #1: screenshot (image/png) ──────────────────────────────────────────────────────────
    ..\..\..\test-results\catalog-Catalog-Page-TS03-deve-aplicar-filtro-por-categoria-frontend-chromium-retry1\test-failed-1.png
    ────────────────────────────────────────────────────────────────────────────────────────────────

    attachment #3: video (video/webm) ──────────────────────────────────────────────────────────────
    ..\..\..\test-results\catalog-Catalog-Page-TS03-deve-aplicar-filtro-por-categoria-frontend-chromium-retry1\video.webm
    ────────────────────────────────────────────────────────────────────────────────────────────────

    Error Context: ..\..\..\test-results\catalog-Catalog-Page-TS03-deve-aplicar-filtro-por-categoria-frontend-chromium-retry1\error-context.md

    attachment #5: trace (application/zip) ─────────────────────────────────────────────────────────
    ..\..\..\test-results\catalog-Catalog-Page-TS03-deve-aplicar-filtro-por-categoria-frontend-chromium-retry1\trace.zip
    Usage:

        npx playwright show-trace ..\..\..\test-results\catalog-Catalog-Page-TS03-deve-aplicar-filtro-por-categoria-frontend-chromium-retry1\trace.zip

    ────────────────────────────────────────────────────────────────────────────────────────────────
]]>
</failure>
<system-out>
<![CDATA[
[[ATTACHMENT|test-results\catalog-Catalog-Page-TS03-deve-aplicar-filtro-por-categoria-frontend-chromium\test-failed-1.png]]

[[ATTACHMENT|test-results\catalog-Catalog-Page-TS03-deve-aplicar-filtro-por-categoria-frontend-chromium\video.webm]]

[[ATTACHMENT|test-results\catalog-Catalog-Page-TS03-deve-aplicar-filtro-por-categoria-frontend-chromium\error-context.md]]

[[ATTACHMENT|test-results\catalog-Catalog-Page-TS03-deve-aplicar-filtro-por-categoria-frontend-chromium-retry1\test-failed-1.png]]

[[ATTACHMENT|test-results\catalog-Catalog-Page-TS03-deve-aplicar-filtro-por-categoria-frontend-chromium-retry1\video.webm]]

[[ATTACHMENT|test-results\catalog-Catalog-Page-TS03-deve-aplicar-filtro-por-categoria-frontend-chromium-retry1\error-context.md]]

[[ATTACHMENT|test-results\catalog-Catalog-Page-TS03-deve-aplicar-filtro-por-categoria-frontend-chromium-retry1\trace.zip]]
]]>
</system-out>
</testcase>
<testcase name="Catalog Page › TS04 deve mostrar estado vazio quando busca não retorna itens" classname="catalog.spec.ts" time="10.102">
<failure message="catalog.spec.ts:68:3 TS04 deve mostrar estado vazio quando busca não retorna itens" type="FAILURE">
<![CDATA[  [frontend-chromium] › catalog.spec.ts:68:3 › Catalog Page › TS04 deve mostrar estado vazio quando busca não retorna itens 

    Error: page.goto: net::ERR_CONNECTION_REFUSED at http://localhost:5174/
    Call log:
      - navigating to "http://localhost:5174/", waiting until "load"


      40 |     });
      41 |
    > 42 |     await page.goto('/');
         |                ^
      43 |   });
      44 |
      45 |   test('TS01 deve listar produtos ao carregar página', async ({ page, waitForPageLoad }) => {
        at D:\github-projects\tester.com\e2e\specs\frontend\catalog.spec.ts:42:16

    attachment #1: screenshot (image/png) ──────────────────────────────────────────────────────────
    ..\..\..\test-results\catalog-Catalog-Page-TS04--89fc2-ndo-busca-não-retorna-itens-frontend-chromium\test-failed-1.png
    ────────────────────────────────────────────────────────────────────────────────────────────────

    attachment #3: video (video/webm) ──────────────────────────────────────────────────────────────
    ..\..\..\test-results\catalog-Catalog-Page-TS04--89fc2-ndo-busca-não-retorna-itens-frontend-chromium\video.webm
    ────────────────────────────────────────────────────────────────────────────────────────────────

    Error Context: ..\..\..\test-results\catalog-Catalog-Page-TS04--89fc2-ndo-busca-não-retorna-itens-frontend-chromium\error-context.md

    Retry #1 ───────────────────────────────────────────────────────────────────────────────────────

    Error: page.goto: net::ERR_CONNECTION_REFUSED at http://localhost:5174/
    Call log:
      - navigating to "http://localhost:5174/", waiting until "load"


      40 |     });
      41 |
    > 42 |     await page.goto('/');
         |                ^
      43 |   });
      44 |
      45 |   test('TS01 deve listar produtos ao carregar página', async ({ page, waitForPageLoad }) => {
        at D:\github-projects\tester.com\e2e\specs\frontend\catalog.spec.ts:42:16

    attachment #1: screenshot (image/png) ──────────────────────────────────────────────────────────
    ..\..\..\test-results\catalog-Catalog-Page-TS04--89fc2-ndo-busca-não-retorna-itens-frontend-chromium-retry1\test-failed-1.png
    ────────────────────────────────────────────────────────────────────────────────────────────────

    attachment #3: video (video/webm) ──────────────────────────────────────────────────────────────
    ..\..\..\test-results\catalog-Catalog-Page-TS04--89fc2-ndo-busca-não-retorna-itens-frontend-chromium-retry1\video.webm
    ────────────────────────────────────────────────────────────────────────────────────────────────

    Error Context: ..\..\..\test-results\catalog-Catalog-Page-TS04--89fc2-ndo-busca-não-retorna-itens-frontend-chromium-retry1\error-context.md

    attachment #5: trace (application/zip) ─────────────────────────────────────────────────────────
    ..\..\..\test-results\catalog-Catalog-Page-TS04--89fc2-ndo-busca-não-retorna-itens-frontend-chromium-retry1\trace.zip
    Usage:

        npx playwright show-trace ..\..\..\test-results\catalog-Catalog-Page-TS04--89fc2-ndo-busca-não-retorna-itens-frontend-chromium-retry1\trace.zip

    ────────────────────────────────────────────────────────────────────────────────────────────────
]]>
</failure>
<system-out>
<![CDATA[
[[ATTACHMENT|test-results\catalog-Catalog-Page-TS04--89fc2-ndo-busca-não-retorna-itens-frontend-chromium\test-failed-1.png]]

[[ATTACHMENT|test-results\catalog-Catalog-Page-TS04--89fc2-ndo-busca-não-retorna-itens-frontend-chromium\video.webm]]

[[ATTACHMENT|test-results\catalog-Catalog-Page-TS04--89fc2-ndo-busca-não-retorna-itens-frontend-chromium\error-context.md]]

[[ATTACHMENT|test-results\catalog-Catalog-Page-TS04--89fc2-ndo-busca-não-retorna-itens-frontend-chromium-retry1\test-failed-1.png]]

[[ATTACHMENT|test-results\catalog-Catalog-Page-TS04--89fc2-ndo-busca-não-retorna-itens-frontend-chromium-retry1\video.webm]]

[[ATTACHMENT|test-results\catalog-Catalog-Page-TS04--89fc2-ndo-busca-não-retorna-itens-frontend-chromium-retry1\error-context.md]]

[[ATTACHMENT|test-results\catalog-Catalog-Page-TS04--89fc2-ndo-busca-não-retorna-itens-frontend-chromium-retry1\trace.zip]]
]]>
</system-out>
</testcase>
<testcase name="Catalog Page › TS05 deve navegar para detalhes ao clicar no produto" classname="catalog.spec.ts" time="9.882">
<failure message="catalog.spec.ts:75:3 TS05 deve navegar para detalhes ao clicar no produto" type="FAILURE">
<![CDATA[  [frontend-chromium] › catalog.spec.ts:75:3 › Catalog Page › TS05 deve navegar para detalhes ao clicar no produto 

    Error: page.goto: net::ERR_CONNECTION_REFUSED at http://localhost:5174/
    Call log:
      - navigating to "http://localhost:5174/", waiting until "load"


      40 |     });
      41 |
    > 42 |     await page.goto('/');
         |                ^
      43 |   });
      44 |
      45 |   test('TS01 deve listar produtos ao carregar página', async ({ page, waitForPageLoad }) => {
        at D:\github-projects\tester.com\e2e\specs\frontend\catalog.spec.ts:42:16

    attachment #1: screenshot (image/png) ──────────────────────────────────────────────────────────
    ..\..\..\test-results\catalog-Catalog-Page-TS05--9153a-talhes-ao-clicar-no-produto-frontend-chromium\test-failed-1.png
    ────────────────────────────────────────────────────────────────────────────────────────────────

    attachment #3: video (video/webm) ──────────────────────────────────────────────────────────────
    ..\..\..\test-results\catalog-Catalog-Page-TS05--9153a-talhes-ao-clicar-no-produto-frontend-chromium\video.webm
    ────────────────────────────────────────────────────────────────────────────────────────────────

    Error Context: ..\..\..\test-results\catalog-Catalog-Page-TS05--9153a-talhes-ao-clicar-no-produto-frontend-chromium\error-context.md

    Retry #1 ───────────────────────────────────────────────────────────────────────────────────────

    Error: page.goto: net::ERR_CONNECTION_REFUSED at http://localhost:5174/
    Call log:
      - navigating to "http://localhost:5174/", waiting until "load"


      40 |     });
      41 |
    > 42 |     await page.goto('/');
         |                ^
      43 |   });
      44 |
      45 |   test('TS01 deve listar produtos ao carregar página', async ({ page, waitForPageLoad }) => {
        at D:\github-projects\tester.com\e2e\specs\frontend\catalog.spec.ts:42:16

    attachment #1: screenshot (image/png) ──────────────────────────────────────────────────────────
    ..\..\..\test-results\catalog-Catalog-Page-TS05--9153a-talhes-ao-clicar-no-produto-frontend-chromium-retry1\test-failed-1.png
    ────────────────────────────────────────────────────────────────────────────────────────────────

    attachment #3: video (video/webm) ──────────────────────────────────────────────────────────────
    ..\..\..\test-results\catalog-Catalog-Page-TS05--9153a-talhes-ao-clicar-no-produto-frontend-chromium-retry1\video.webm
    ────────────────────────────────────────────────────────────────────────────────────────────────

    Error Context: ..\..\..\test-results\catalog-Catalog-Page-TS05--9153a-talhes-ao-clicar-no-produto-frontend-chromium-retry1\error-context.md

    attachment #5: trace (application/zip) ─────────────────────────────────────────────────────────
    ..\..\..\test-results\catalog-Catalog-Page-TS05--9153a-talhes-ao-clicar-no-produto-frontend-chromium-retry1\trace.zip
    Usage:

        npx playwright show-trace ..\..\..\test-results\catalog-Catalog-Page-TS05--9153a-talhes-ao-clicar-no-produto-frontend-chromium-retry1\trace.zip

    ────────────────────────────────────────────────────────────────────────────────────────────────
]]>
</failure>
<system-out>
<![CDATA[
[[ATTACHMENT|test-results\catalog-Catalog-Page-TS05--9153a-talhes-ao-clicar-no-produto-frontend-chromium\test-failed-1.png]]

[[ATTACHMENT|test-results\catalog-Catalog-Page-TS05--9153a-talhes-ao-clicar-no-produto-frontend-chromium\video.webm]]

[[ATTACHMENT|test-results\catalog-Catalog-Page-TS05--9153a-talhes-ao-clicar-no-produto-frontend-chromium\error-context.md]]

[[ATTACHMENT|test-results\catalog-Catalog-Page-TS05--9153a-talhes-ao-clicar-no-produto-frontend-chromium-retry1\test-failed-1.png]]

[[ATTACHMENT|test-results\catalog-Catalog-Page-TS05--9153a-talhes-ao-clicar-no-produto-frontend-chromium-retry1\video.webm]]

[[ATTACHMENT|test-results\catalog-Catalog-Page-TS05--9153a-talhes-ao-clicar-no-produto-frontend-chromium-retry1\error-context.md]]

[[ATTACHMENT|test-results\catalog-Catalog-Page-TS05--9153a-talhes-ao-clicar-no-produto-frontend-chromium-retry1\trace.zip]]
]]>
</system-out>
</testcase>
</testsuite>
<testsuite name="product-details.spec.ts" timestamp="2026-03-19T23:12:14.101Z" hostname="frontend-chromium" tests="4" failures="4" skipped="0" time="32.104" errors="0">
<testcase name="Product Details › TS01 deve exibir dados principais do produto" classname="product-details.spec.ts" time="9.969">
<failure message="product-details.spec.ts:38:3 TS01 deve exibir dados principais do produto" type="FAILURE">
<![CDATA[  [frontend-chromium] › product-details.spec.ts:38:3 › Product Details › TS01 deve exibir dados principais do produto 

    Error: page.goto: net::ERR_CONNECTION_REFUSED at http://localhost:5174/product/1
    Call log:
      - navigating to "http://localhost:5174/product/1", waiting until "load"


      37 |
      38 |   test('TS01 deve exibir dados principais do produto', async ({ page, waitForPageLoad }) => {
    > 39 |     await page.goto('/product/1');
         |                ^
      40 |     await waitForPageLoad(page, 'productDetails');
      41 |
      42 |     // Verify product heading
        at D:\github-projects\tester.com\e2e\specs\frontend\product-details.spec.ts:39:16

    attachment #1: screenshot (image/png) ──────────────────────────────────────────────────────────
    ..\..\..\test-results\product-details-Product-De-30180-dados-principais-do-produto-frontend-chromium\test-failed-1.png
    ────────────────────────────────────────────────────────────────────────────────────────────────

    attachment #3: video (video/webm) ──────────────────────────────────────────────────────────────
    ..\..\..\test-results\product-details-Product-De-30180-dados-principais-do-produto-frontend-chromium\video.webm
    ────────────────────────────────────────────────────────────────────────────────────────────────

    Error Context: ..\..\..\test-results\product-details-Product-De-30180-dados-principais-do-produto-frontend-chromium\error-context.md

    Retry #1 ───────────────────────────────────────────────────────────────────────────────────────

    Error: page.goto: net::ERR_CONNECTION_REFUSED at http://localhost:5174/product/1
    Call log:
      - navigating to "http://localhost:5174/product/1", waiting until "load"


      37 |
      38 |   test('TS01 deve exibir dados principais do produto', async ({ page, waitForPageLoad }) => {
    > 39 |     await page.goto('/product/1');
         |                ^
      40 |     await waitForPageLoad(page, 'productDetails');
      41 |
      42 |     // Verify product heading
        at D:\github-projects\tester.com\e2e\specs\frontend\product-details.spec.ts:39:16

    attachment #1: screenshot (image/png) ──────────────────────────────────────────────────────────
    ..\..\..\test-results\product-details-Product-De-30180-dados-principais-do-produto-frontend-chromium-retry1\test-failed-1.png
    ────────────────────────────────────────────────────────────────────────────────────────────────

    attachment #3: video (video/webm) ──────────────────────────────────────────────────────────────
    ..\..\..\test-results\product-details-Product-De-30180-dados-principais-do-produto-frontend-chromium-retry1\video.webm
    ────────────────────────────────────────────────────────────────────────────────────────────────

    Error Context: ..\..\..\test-results\product-details-Product-De-30180-dados-principais-do-produto-frontend-chromium-retry1\error-context.md

    attachment #5: trace (application/zip) ─────────────────────────────────────────────────────────
    ..\..\..\test-results\product-details-Product-De-30180-dados-principais-do-produto-frontend-chromium-retry1\trace.zip
    Usage:

        npx playwright show-trace ..\..\..\test-results\product-details-Product-De-30180-dados-principais-do-produto-frontend-chromium-retry1\trace.zip

    ────────────────────────────────────────────────────────────────────────────────────────────────
]]>
</failure>
<system-out>
<![CDATA[
[[ATTACHMENT|test-results\product-details-Product-De-30180-dados-principais-do-produto-frontend-chromium\test-failed-1.png]]

[[ATTACHMENT|test-results\product-details-Product-De-30180-dados-principais-do-produto-frontend-chromium\video.webm]]

[[ATTACHMENT|test-results\product-details-Product-De-30180-dados-principais-do-produto-frontend-chromium\error-context.md]]

[[ATTACHMENT|test-results\product-details-Product-De-30180-dados-principais-do-produto-frontend-chromium-retry1\test-failed-1.png]]

[[ATTACHMENT|test-results\product-details-Product-De-30180-dados-principais-do-produto-frontend-chromium-retry1\video.webm]]

[[ATTACHMENT|test-results\product-details-Product-De-30180-dados-principais-do-produto-frontend-chromium-retry1\error-context.md]]

[[ATTACHMENT|test-results\product-details-Product-De-30180-dados-principais-do-produto-frontend-chromium-retry1\trace.zip]]
]]>
</system-out>
</testcase>
<testcase name="Product Details › TS02/TS03 deve permitir adicionar ao carrinho e atualizar badge" classname="product-details.spec.ts" time="7.526">
<failure message="product-details.spec.ts:50:3 TS02/TS03 deve permitir adicionar ao carrinho e atualizar badge" type="FAILURE">
<![CDATA[  [frontend-chromium] › product-details.spec.ts:50:3 › Product Details › TS02/TS03 deve permitir adicionar ao carrinho e atualizar badge 

    Error: page.goto: net::ERR_CONNECTION_REFUSED at http://localhost:5174/product/1
    Call log:
      - navigating to "http://localhost:5174/product/1", waiting until "load"


      49 |
      50 |   test('TS02/TS03 deve permitir adicionar ao carrinho e atualizar badge', async ({ page, waitForPageLoad }) => {
    > 51 |     await page.goto('/product/1');
         |                ^
      52 |     await waitForPageLoad(page, 'productDetails');
      53 |
      54 |     // Open MUI quantity dropdown using ARIA attributes for resilience
        at D:\github-projects\tester.com\e2e\specs\frontend\product-details.spec.ts:51:16

    attachment #1: screenshot (image/png) ──────────────────────────────────────────────────────────
    ..\..\..\test-results\product-details-Product-De-ae605--carrinho-e-atualizar-badge-frontend-chromium\test-failed-1.png
    ────────────────────────────────────────────────────────────────────────────────────────────────

    attachment #3: video (video/webm) ──────────────────────────────────────────────────────────────
    ..\..\..\test-results\product-details-Product-De-ae605--carrinho-e-atualizar-badge-frontend-chromium\video.webm
    ────────────────────────────────────────────────────────────────────────────────────────────────

    Error Context: ..\..\..\test-results\product-details-Product-De-ae605--carrinho-e-atualizar-badge-frontend-chromium\error-context.md

    Retry #1 ───────────────────────────────────────────────────────────────────────────────────────

    Error: page.goto: net::ERR_CONNECTION_REFUSED at http://localhost:5174/product/1
    Call log:
      - navigating to "http://localhost:5174/product/1", waiting until "load"


      49 |
      50 |   test('TS02/TS03 deve permitir adicionar ao carrinho e atualizar badge', async ({ page, waitForPageLoad }) => {
    > 51 |     await page.goto('/product/1');
         |                ^
      52 |     await waitForPageLoad(page, 'productDetails');
      53 |
      54 |     // Open MUI quantity dropdown using ARIA attributes for resilience
        at D:\github-projects\tester.com\e2e\specs\frontend\product-details.spec.ts:51:16

    attachment #1: screenshot (image/png) ──────────────────────────────────────────────────────────
    ..\..\..\test-results\product-details-Product-De-ae605--carrinho-e-atualizar-badge-frontend-chromium-retry1\test-failed-1.png
    ────────────────────────────────────────────────────────────────────────────────────────────────

    attachment #3: video (video/webm) ──────────────────────────────────────────────────────────────
    ..\..\..\test-results\product-details-Product-De-ae605--carrinho-e-atualizar-badge-frontend-chromium-retry1\video.webm
    ────────────────────────────────────────────────────────────────────────────────────────────────

    Error Context: ..\..\..\test-results\product-details-Product-De-ae605--carrinho-e-atualizar-badge-frontend-chromium-retry1\error-context.md

    attachment #5: trace (application/zip) ─────────────────────────────────────────────────────────
    ..\..\..\test-results\product-details-Product-De-ae605--carrinho-e-atualizar-badge-frontend-chromium-retry1\trace.zip
    Usage:

        npx playwright show-trace ..\..\..\test-results\product-details-Product-De-ae605--carrinho-e-atualizar-badge-frontend-chromium-retry1\trace.zip

    ────────────────────────────────────────────────────────────────────────────────────────────────
]]>
</failure>
<system-out>
<![CDATA[
[[ATTACHMENT|test-results\product-details-Product-De-ae605--carrinho-e-atualizar-badge-frontend-chromium\test-failed-1.png]]

[[ATTACHMENT|test-results\product-details-Product-De-ae605--carrinho-e-atualizar-badge-frontend-chromium\video.webm]]

[[ATTACHMENT|test-results\product-details-Product-De-ae605--carrinho-e-atualizar-badge-frontend-chromium\error-context.md]]

[[ATTACHMENT|test-results\product-details-Product-De-ae605--carrinho-e-atualizar-badge-frontend-chromium-retry1\test-failed-1.png]]

[[ATTACHMENT|test-results\product-details-Product-De-ae605--carrinho-e-atualizar-badge-frontend-chromium-retry1\video.webm]]

[[ATTACHMENT|test-results\product-details-Product-De-ae605--carrinho-e-atualizar-badge-frontend-chromium-retry1\error-context.md]]

[[ATTACHMENT|test-results\product-details-Product-De-ae605--carrinho-e-atualizar-badge-frontend-chromium-retry1\trace.zip]]
]]>
</system-out>
</testcase>
<testcase name="Product Details › TS04 deve tratar ID inválido" classname="product-details.spec.ts" time="7.513">
<failure message="product-details.spec.ts:67:3 TS04 deve tratar ID inválido" type="FAILURE">
<![CDATA[  [frontend-chromium] › product-details.spec.ts:67:3 › Product Details › TS04 deve tratar ID inválido 

    Error: page.goto: net::ERR_CONNECTION_REFUSED at http://localhost:5174/product/99999
    Call log:
      - navigating to "http://localhost:5174/product/99999", waiting until "load"


      67 |   test('TS04 deve tratar ID inválido', async ({ page }) => {
      68 |     // Navigate to non-existent product
    > 69 |     await page.goto('/product/99999');
         |                ^
      70 |     // Verify error message is displayed
      71 |     await expect(page.getByText(/Produto não encontrado|Product not found/i)).toBeVisible();
      72 |   });
        at D:\github-projects\tester.com\e2e\specs\frontend\product-details.spec.ts:69:16

    attachment #1: screenshot (image/png) ──────────────────────────────────────────────────────────
    ..\..\..\test-results\product-details-Product-Details-TS04-deve-tratar-ID-inválido-frontend-chromium\test-failed-1.png
    ────────────────────────────────────────────────────────────────────────────────────────────────

    attachment #3: video (video/webm) ──────────────────────────────────────────────────────────────
    ..\..\..\test-results\product-details-Product-Details-TS04-deve-tratar-ID-inválido-frontend-chromium\video.webm
    ────────────────────────────────────────────────────────────────────────────────────────────────

    Error Context: ..\..\..\test-results\product-details-Product-Details-TS04-deve-tratar-ID-inválido-frontend-chromium\error-context.md

    Retry #1 ───────────────────────────────────────────────────────────────────────────────────────

    Error: page.goto: net::ERR_CONNECTION_REFUSED at http://localhost:5174/product/99999
    Call log:
      - navigating to "http://localhost:5174/product/99999", waiting until "load"


      67 |   test('TS04 deve tratar ID inválido', async ({ page }) => {
      68 |     // Navigate to non-existent product
    > 69 |     await page.goto('/product/99999');
         |                ^
      70 |     // Verify error message is displayed
      71 |     await expect(page.getByText(/Produto não encontrado|Product not found/i)).toBeVisible();
      72 |   });
        at D:\github-projects\tester.com\e2e\specs\frontend\product-details.spec.ts:69:16

    attachment #1: screenshot (image/png) ──────────────────────────────────────────────────────────
    ..\..\..\test-results\product-details-Product-Details-TS04-deve-tratar-ID-inválido-frontend-chromium-retry1\test-failed-1.png
    ────────────────────────────────────────────────────────────────────────────────────────────────

    attachment #3: video (video/webm) ──────────────────────────────────────────────────────────────
    ..\..\..\test-results\product-details-Product-Details-TS04-deve-tratar-ID-inválido-frontend-chromium-retry1\video.webm
    ────────────────────────────────────────────────────────────────────────────────────────────────

    Error Context: ..\..\..\test-results\product-details-Product-Details-TS04-deve-tratar-ID-inválido-frontend-chromium-retry1\error-context.md

    attachment #5: trace (application/zip) ─────────────────────────────────────────────────────────
    ..\..\..\test-results\product-details-Product-Details-TS04-deve-tratar-ID-inválido-frontend-chromium-retry1\trace.zip
    Usage:

        npx playwright show-trace ..\..\..\test-results\product-details-Product-Details-TS04-deve-tratar-ID-inválido-frontend-chromium-retry1\trace.zip

    ────────────────────────────────────────────────────────────────────────────────────────────────
]]>
</failure>
<system-out>
<![CDATA[
[[ATTACHMENT|test-results\product-details-Product-Details-TS04-deve-tratar-ID-inválido-frontend-chromium\test-failed-1.png]]

[[ATTACHMENT|test-results\product-details-Product-Details-TS04-deve-tratar-ID-inválido-frontend-chromium\video.webm]]

[[ATTACHMENT|test-results\product-details-Product-Details-TS04-deve-tratar-ID-inválido-frontend-chromium\error-context.md]]

[[ATTACHMENT|test-results\product-details-Product-Details-TS04-deve-tratar-ID-inválido-frontend-chromium-retry1\test-failed-1.png]]

[[ATTACHMENT|test-results\product-details-Product-Details-TS04-deve-tratar-ID-inválido-frontend-chromium-retry1\video.webm]]

[[ATTACHMENT|test-results\product-details-Product-Details-TS04-deve-tratar-ID-inválido-frontend-chromium-retry1\error-context.md]]

[[ATTACHMENT|test-results\product-details-Product-Details-TS04-deve-tratar-ID-inválido-frontend-chromium-retry1\trace.zip]]
]]>
</system-out>
</testcase>
<testcase name="Product Details › TS05 deve voltar para catálogo" classname="product-details.spec.ts" time="7.096">
<failure message="product-details.spec.ts:74:3 TS05 deve voltar para catálogo" type="FAILURE">
<![CDATA[  [frontend-chromium] › product-details.spec.ts:74:3 › Product Details › TS05 deve voltar para catálogo 

    Error: page.goto: net::ERR_CONNECTION_REFUSED at http://localhost:5174/product/1
    Call log:
      - navigating to "http://localhost:5174/product/1", waiting until "load"


      73 |
      74 |   test('TS05 deve voltar para catálogo', async ({ page, waitForPageLoad }) => {
    > 75 |     await page.goto('/product/1');
         |                ^
      76 |     await waitForPageLoad(page, 'productDetails');
      77 |
      78 |     // Click back button to return to catalog
        at D:\github-projects\tester.com\e2e\specs\frontend\product-details.spec.ts:75:16

    attachment #1: screenshot (image/png) ──────────────────────────────────────────────────────────
    ..\..\..\test-results\product-details-Product-De-05c6c-5-deve-voltar-para-catálogo-frontend-chromium\test-failed-1.png
    ────────────────────────────────────────────────────────────────────────────────────────────────

    attachment #3: video (video/webm) ──────────────────────────────────────────────────────────────
    ..\..\..\test-results\product-details-Product-De-05c6c-5-deve-voltar-para-catálogo-frontend-chromium\video.webm
    ────────────────────────────────────────────────────────────────────────────────────────────────

    Error Context: ..\..\..\test-results\product-details-Product-De-05c6c-5-deve-voltar-para-catálogo-frontend-chromium\error-context.md

    Retry #1 ───────────────────────────────────────────────────────────────────────────────────────

    Error: page.goto: net::ERR_CONNECTION_REFUSED at http://localhost:5174/product/1
    Call log:
      - navigating to "http://localhost:5174/product/1", waiting until "load"


      73 |
      74 |   test('TS05 deve voltar para catálogo', async ({ page, waitForPageLoad }) => {
    > 75 |     await page.goto('/product/1');
         |                ^
      76 |     await waitForPageLoad(page, 'productDetails');
      77 |
      78 |     // Click back button to return to catalog
        at D:\github-projects\tester.com\e2e\specs\frontend\product-details.spec.ts:75:16

    attachment #1: screenshot (image/png) ──────────────────────────────────────────────────────────
    ..\..\..\test-results\product-details-Product-De-05c6c-5-deve-voltar-para-catálogo-frontend-chromium-retry1\test-failed-1.png
    ────────────────────────────────────────────────────────────────────────────────────────────────

    attachment #3: video (video/webm) ──────────────────────────────────────────────────────────────
    ..\..\..\test-results\product-details-Product-De-05c6c-5-deve-voltar-para-catálogo-frontend-chromium-retry1\video.webm
    ────────────────────────────────────────────────────────────────────────────────────────────────

    Error Context: ..\..\..\test-results\product-details-Product-De-05c6c-5-deve-voltar-para-catálogo-frontend-chromium-retry1\error-context.md

    attachment #5: trace (application/zip) ─────────────────────────────────────────────────────────
    ..\..\..\test-results\product-details-Product-De-05c6c-5-deve-voltar-para-catálogo-frontend-chromium-retry1\trace.zip
    Usage:

        npx playwright show-trace ..\..\..\test-results\product-details-Product-De-05c6c-5-deve-voltar-para-catálogo-frontend-chromium-retry1\trace.zip

    ────────────────────────────────────────────────────────────────────────────────────────────────
]]>
</failure>
<system-out>
<![CDATA[
[[ATTACHMENT|test-results\product-details-Product-De-05c6c-5-deve-voltar-para-catálogo-frontend-chromium\test-failed-1.png]]

[[ATTACHMENT|test-results\product-details-Product-De-05c6c-5-deve-voltar-para-catálogo-frontend-chromium\video.webm]]

[[ATTACHMENT|test-results\product-details-Product-De-05c6c-5-deve-voltar-para-catálogo-frontend-chromium\error-context.md]]

[[ATTACHMENT|test-results\product-details-Product-De-05c6c-5-deve-voltar-para-catálogo-frontend-chromium-retry1\test-failed-1.png]]

[[ATTACHMENT|test-results\product-details-Product-De-05c6c-5-deve-voltar-para-catálogo-frontend-chromium-retry1\video.webm]]

[[ATTACHMENT|test-results\product-details-Product-De-05c6c-5-deve-voltar-para-catálogo-frontend-chromium-retry1\error-context.md]]

[[ATTACHMENT|test-results\product-details-Product-De-05c6c-5-deve-voltar-para-catálogo-frontend-chromium-retry1\trace.zip]]
]]>
</system-out>
</testcase>
</testsuite>
<testsuite name="register-language.spec.ts" timestamp="2026-03-19T23:12:14.101Z" hostname="frontend-chromium" tests="3" failures="3" skipped="0" time="20.212" errors="0">
<testcase name="Register and Language › TS01 registro PF completo com sucesso" classname="register-language.spec.ts" time="6.643">
<failure message="register-language.spec.ts:8:3 TS01 registro PF completo com sucesso" type="FAILURE">
<![CDATA[  [frontend-chromium] › register-language.spec.ts:8:3 › Register and Language › TS01 registro PF completo com sucesso 

    Error: page.goto: net::ERR_CONNECTION_REFUSED at http://localhost:5174/register
    Call log:
      - navigating to "http://localhost:5174/register", waiting until "load"


       at ..\..\helpers\PageBase.ts:61

      59 |    */
      60 |   async goto(url: string) {
    > 61 |     await this.page.goto(url);
         |                     ^
      62 |   }
      63 |
      64 |   /**
        at RegisterPage.goto (D:\github-projects\tester.com\e2e\helpers\PageBase.ts:61:21)
        at RegisterPage.goToRegister (D:\github-projects\tester.com\e2e\helpers\RegisterPage.ts:80:16)
        at D:\github-projects\tester.com\e2e\specs\frontend\register-language.spec.ts:33:24

    attachment #1: screenshot (image/png) ──────────────────────────────────────────────────────────
    ..\..\..\test-results\register-language-Register-547c6-tro-PF-completo-com-sucesso-frontend-chromium\test-failed-1.png
    ────────────────────────────────────────────────────────────────────────────────────────────────

    attachment #3: video (video/webm) ──────────────────────────────────────────────────────────────
    ..\..\..\test-results\register-language-Register-547c6-tro-PF-completo-com-sucesso-frontend-chromium\video.webm
    ────────────────────────────────────────────────────────────────────────────────────────────────

    Error Context: ..\..\..\test-results\register-language-Register-547c6-tro-PF-completo-com-sucesso-frontend-chromium\error-context.md

    Retry #1 ───────────────────────────────────────────────────────────────────────────────────────

    Error: page.goto: net::ERR_CONNECTION_REFUSED at http://localhost:5174/register
    Call log:
      - navigating to "http://localhost:5174/register", waiting until "load"


       at ..\..\helpers\PageBase.ts:61

      59 |    */
      60 |   async goto(url: string) {
    > 61 |     await this.page.goto(url);
         |                     ^
      62 |   }
      63 |
      64 |   /**
        at RegisterPage.goto (D:\github-projects\tester.com\e2e\helpers\PageBase.ts:61:21)
        at RegisterPage.goToRegister (D:\github-projects\tester.com\e2e\helpers\RegisterPage.ts:80:16)
        at D:\github-projects\tester.com\e2e\specs\frontend\register-language.spec.ts:33:24

    attachment #1: screenshot (image/png) ──────────────────────────────────────────────────────────
    ..\..\..\test-results\register-language-Register-547c6-tro-PF-completo-com-sucesso-frontend-chromium-retry1\test-failed-1.png
    ────────────────────────────────────────────────────────────────────────────────────────────────

    attachment #3: video (video/webm) ──────────────────────────────────────────────────────────────
    ..\..\..\test-results\register-language-Register-547c6-tro-PF-completo-com-sucesso-frontend-chromium-retry1\video.webm
    ────────────────────────────────────────────────────────────────────────────────────────────────

    Error Context: ..\..\..\test-results\register-language-Register-547c6-tro-PF-completo-com-sucesso-frontend-chromium-retry1\error-context.md

    attachment #5: trace (application/zip) ─────────────────────────────────────────────────────────
    ..\..\..\test-results\register-language-Register-547c6-tro-PF-completo-com-sucesso-frontend-chromium-retry1\trace.zip
    Usage:

        npx playwright show-trace ..\..\..\test-results\register-language-Register-547c6-tro-PF-completo-com-sucesso-frontend-chromium-retry1\trace.zip

    ────────────────────────────────────────────────────────────────────────────────────────────────
]]>
</failure>
<system-out>
<![CDATA[
[[ATTACHMENT|test-results\register-language-Register-547c6-tro-PF-completo-com-sucesso-frontend-chromium\test-failed-1.png]]

[[ATTACHMENT|test-results\register-language-Register-547c6-tro-PF-completo-com-sucesso-frontend-chromium\video.webm]]

[[ATTACHMENT|test-results\register-language-Register-547c6-tro-PF-completo-com-sucesso-frontend-chromium\error-context.md]]

[[ATTACHMENT|test-results\register-language-Register-547c6-tro-PF-completo-com-sucesso-frontend-chromium-retry1\test-failed-1.png]]

[[ATTACHMENT|test-results\register-language-Register-547c6-tro-PF-completo-com-sucesso-frontend-chromium-retry1\video.webm]]

[[ATTACHMENT|test-results\register-language-Register-547c6-tro-PF-completo-com-sucesso-frontend-chromium-retry1\error-context.md]]

[[ATTACHMENT|test-results\register-language-Register-547c6-tro-PF-completo-com-sucesso-frontend-chromium-retry1\trace.zip]]
]]>
</system-out>
</testcase>
<testcase name="Register and Language › TS03 validação de campos obrigatórios no registro" classname="register-language.spec.ts" time="6.978">
<failure message="register-language.spec.ts:47:3 TS03 validação de campos obrigatórios no registro" type="FAILURE">
<![CDATA[  [frontend-chromium] › register-language.spec.ts:47:3 › Register and Language › TS03 validação de campos obrigatórios no registro 

    Error: page.goto: net::ERR_CONNECTION_REFUSED at http://localhost:5174/register
    Call log:
      - navigating to "http://localhost:5174/register", waiting until "load"


      46 |
      47 |   test('TS03 validação de campos obrigatórios no registro', async ({ page, waitForPageLoad }) => {
    > 48 |     await page.goto('/register');
         |                ^
      49 |     await waitForPageLoad(page, 'register');
      50 |
      51 |     await page.click(selectors.register.next);
        at D:\github-projects\tester.com\e2e\specs\frontend\register-language.spec.ts:48:16

    attachment #1: screenshot (image/png) ──────────────────────────────────────────────────────────
    ..\..\..\test-results\register-language-Register-30937-os-obrigatórios-no-registro-frontend-chromium\test-failed-1.png
    ────────────────────────────────────────────────────────────────────────────────────────────────

    attachment #3: video (video/webm) ──────────────────────────────────────────────────────────────
    ..\..\..\test-results\register-language-Register-30937-os-obrigatórios-no-registro-frontend-chromium\video.webm
    ────────────────────────────────────────────────────────────────────────────────────────────────

    Error Context: ..\..\..\test-results\register-language-Register-30937-os-obrigatórios-no-registro-frontend-chromium\error-context.md

    Retry #1 ───────────────────────────────────────────────────────────────────────────────────────

    Error: page.goto: net::ERR_CONNECTION_REFUSED at http://localhost:5174/register
    Call log:
      - navigating to "http://localhost:5174/register", waiting until "load"


      46 |
      47 |   test('TS03 validação de campos obrigatórios no registro', async ({ page, waitForPageLoad }) => {
    > 48 |     await page.goto('/register');
         |                ^
      49 |     await waitForPageLoad(page, 'register');
      50 |
      51 |     await page.click(selectors.register.next);
        at D:\github-projects\tester.com\e2e\specs\frontend\register-language.spec.ts:48:16

    attachment #1: screenshot (image/png) ──────────────────────────────────────────────────────────
    ..\..\..\test-results\register-language-Register-30937-os-obrigatórios-no-registro-frontend-chromium-retry1\test-failed-1.png
    ────────────────────────────────────────────────────────────────────────────────────────────────

    attachment #3: video (video/webm) ──────────────────────────────────────────────────────────────
    ..\..\..\test-results\register-language-Register-30937-os-obrigatórios-no-registro-frontend-chromium-retry1\video.webm
    ────────────────────────────────────────────────────────────────────────────────────────────────

    Error Context: ..\..\..\test-results\register-language-Register-30937-os-obrigatórios-no-registro-frontend-chromium-retry1\error-context.md

    attachment #5: trace (application/zip) ─────────────────────────────────────────────────────────
    ..\..\..\test-results\register-language-Register-30937-os-obrigatórios-no-registro-frontend-chromium-retry1\trace.zip
    Usage:

        npx playwright show-trace ..\..\..\test-results\register-language-Register-30937-os-obrigatórios-no-registro-frontend-chromium-retry1\trace.zip

    ────────────────────────────────────────────────────────────────────────────────────────────────
]]>
</failure>
<system-out>
<![CDATA[
[[ATTACHMENT|test-results\register-language-Register-30937-os-obrigatórios-no-registro-frontend-chromium\test-failed-1.png]]

[[ATTACHMENT|test-results\register-language-Register-30937-os-obrigatórios-no-registro-frontend-chromium\video.webm]]

[[ATTACHMENT|test-results\register-language-Register-30937-os-obrigatórios-no-registro-frontend-chromium\error-context.md]]

[[ATTACHMENT|test-results\register-language-Register-30937-os-obrigatórios-no-registro-frontend-chromium-retry1\test-failed-1.png]]

[[ATTACHMENT|test-results\register-language-Register-30937-os-obrigatórios-no-registro-frontend-chromium-retry1\video.webm]]

[[ATTACHMENT|test-results\register-language-Register-30937-os-obrigatórios-no-registro-frontend-chromium-retry1\error-context.md]]

[[ATTACHMENT|test-results\register-language-Register-30937-os-obrigatórios-no-registro-frontend-chromium-retry1\trace.zip]]
]]>
</system-out>
</testcase>
<testcase name="Register and Language › TS01/TS02 idioma alterna e persiste após reload" classname="register-language.spec.ts" time="6.591">
<failure message="register-language.spec.ts:55:3 TS01/TS02 idioma alterna e persiste após reload" type="FAILURE">
<![CDATA[  [frontend-chromium] › register-language.spec.ts:55:3 › Register and Language › TS01/TS02 idioma alterna e persiste após reload 

    Error: page.goto: net::ERR_CONNECTION_REFUSED at http://localhost:5174/
    Call log:
      - navigating to "http://localhost:5174/", waiting until "load"


      62 |     });
      63 |
    > 64 |     await page.goto('/');
         |                ^
      65 |     await waitForPageLoad(page, 'catalog');
      66 |
      67 |     await expect(page.getByRole('heading', { name: 'Catálogo de Produtos' })).toBeVisible();
        at D:\github-projects\tester.com\e2e\specs\frontend\register-language.spec.ts:64:16

    attachment #1: screenshot (image/png) ──────────────────────────────────────────────────────────
    ..\..\..\test-results\register-language-Register-280f8-erna-e-persiste-após-reload-frontend-chromium\test-failed-1.png
    ────────────────────────────────────────────────────────────────────────────────────────────────

    attachment #3: video (video/webm) ──────────────────────────────────────────────────────────────
    ..\..\..\test-results\register-language-Register-280f8-erna-e-persiste-após-reload-frontend-chromium\video.webm
    ────────────────────────────────────────────────────────────────────────────────────────────────

    Error Context: ..\..\..\test-results\register-language-Register-280f8-erna-e-persiste-após-reload-frontend-chromium\error-context.md

    Retry #1 ───────────────────────────────────────────────────────────────────────────────────────

    Error: page.goto: net::ERR_CONNECTION_REFUSED at http://localhost:5174/
    Call log:
      - navigating to "http://localhost:5174/", waiting until "load"


      62 |     });
      63 |
    > 64 |     await page.goto('/');
         |                ^
      65 |     await waitForPageLoad(page, 'catalog');
      66 |
      67 |     await expect(page.getByRole('heading', { name: 'Catálogo de Produtos' })).toBeVisible();
        at D:\github-projects\tester.com\e2e\specs\frontend\register-language.spec.ts:64:16

    attachment #1: screenshot (image/png) ──────────────────────────────────────────────────────────
    ..\..\..\test-results\register-language-Register-280f8-erna-e-persiste-após-reload-frontend-chromium-retry1\test-failed-1.png
    ────────────────────────────────────────────────────────────────────────────────────────────────

    attachment #3: video (video/webm) ──────────────────────────────────────────────────────────────
    ..\..\..\test-results\register-language-Register-280f8-erna-e-persiste-após-reload-frontend-chromium-retry1\video.webm
    ────────────────────────────────────────────────────────────────────────────────────────────────

    Error Context: ..\..\..\test-results\register-language-Register-280f8-erna-e-persiste-após-reload-frontend-chromium-retry1\error-context.md

    attachment #5: trace (application/zip) ─────────────────────────────────────────────────────────
    ..\..\..\test-results\register-language-Register-280f8-erna-e-persiste-após-reload-frontend-chromium-retry1\trace.zip
    Usage:

        npx playwright show-trace ..\..\..\test-results\register-language-Register-280f8-erna-e-persiste-após-reload-frontend-chromium-retry1\trace.zip

    ────────────────────────────────────────────────────────────────────────────────────────────────
]]>
</failure>
<system-out>
<![CDATA[
[[ATTACHMENT|test-results\register-language-Register-280f8-erna-e-persiste-após-reload-frontend-chromium\test-failed-1.png]]

[[ATTACHMENT|test-results\register-language-Register-280f8-erna-e-persiste-após-reload-frontend-chromium\video.webm]]

[[ATTACHMENT|test-results\register-language-Register-280f8-erna-e-persiste-após-reload-frontend-chromium\error-context.md]]

[[ATTACHMENT|test-results\register-language-Register-280f8-erna-e-persiste-após-reload-frontend-chromium-retry1\test-failed-1.png]]

[[ATTACHMENT|test-results\register-language-Register-280f8-erna-e-persiste-após-reload-frontend-chromium-retry1\video.webm]]

[[ATTACHMENT|test-results\register-language-Register-280f8-erna-e-persiste-após-reload-frontend-chromium-retry1\error-context.md]]

[[ATTACHMENT|test-results\register-language-Register-280f8-erna-e-persiste-após-reload-frontend-chromium-retry1\trace.zip]]
]]>
</system-out>
</testcase>
</testsuite>
<testsuite name="register.spec.ts" timestamp="2026-03-19T23:12:14.101Z" hostname="frontend-chromium" tests="7" failures="7" skipped="0" time="51.951" errors="0">
<testcase name="Register › TS01 - Validar registro realizado com sucesso" classname="register.spec.ts" time="7.076">
<failure message="register.spec.ts:38:3 TS01 - Validar registro realizado com sucesso" type="FAILURE">
<![CDATA[  [frontend-chromium] › register.spec.ts:38:3 › Register › TS01 - Validar registro realizado com sucesso 

    Error: page.goto: net::ERR_CONNECTION_REFUSED at http://localhost:5174/register
    Call log:
      - navigating to "http://localhost:5174/register", waiting until "load"


      45 |     await setupViacepMock(page);
      46 |
    > 47 |     await page.goto('/register');
         |                ^
      48 |     await waitForPageLoad(page, 'register');
      49 |
      50 |     // ── Step 0: Dados Pessoais ────────────────────────────────────────────────
        at D:\github-projects\tester.com\e2e\specs\frontend\register.spec.ts:47:16

    attachment #1: screenshot (image/png) ──────────────────────────────────────────────────────────
    ..\..\..\test-results\register-Register-TS01---V-4db0f-istro-realizado-com-sucesso-frontend-chromium\test-failed-1.png
    ────────────────────────────────────────────────────────────────────────────────────────────────

    attachment #3: video (video/webm) ──────────────────────────────────────────────────────────────
    ..\..\..\test-results\register-Register-TS01---V-4db0f-istro-realizado-com-sucesso-frontend-chromium\video.webm
    ────────────────────────────────────────────────────────────────────────────────────────────────

    Error Context: ..\..\..\test-results\register-Register-TS01---V-4db0f-istro-realizado-com-sucesso-frontend-chromium\error-context.md

    Retry #1 ───────────────────────────────────────────────────────────────────────────────────────

    Error: page.goto: net::ERR_CONNECTION_REFUSED at http://localhost:5174/register
    Call log:
      - navigating to "http://localhost:5174/register", waiting until "load"


      45 |     await setupViacepMock(page);
      46 |
    > 47 |     await page.goto('/register');
         |                ^
      48 |     await waitForPageLoad(page, 'register');
      49 |
      50 |     // ── Step 0: Dados Pessoais ────────────────────────────────────────────────
        at D:\github-projects\tester.com\e2e\specs\frontend\register.spec.ts:47:16

    attachment #1: screenshot (image/png) ──────────────────────────────────────────────────────────
    ..\..\..\test-results\register-Register-TS01---V-4db0f-istro-realizado-com-sucesso-frontend-chromium-retry1\test-failed-1.png
    ────────────────────────────────────────────────────────────────────────────────────────────────

    attachment #3: video (video/webm) ──────────────────────────────────────────────────────────────
    ..\..\..\test-results\register-Register-TS01---V-4db0f-istro-realizado-com-sucesso-frontend-chromium-retry1\video.webm
    ────────────────────────────────────────────────────────────────────────────────────────────────

    Error Context: ..\..\..\test-results\register-Register-TS01---V-4db0f-istro-realizado-com-sucesso-frontend-chromium-retry1\error-context.md

    attachment #5: trace (application/zip) ─────────────────────────────────────────────────────────
    ..\..\..\test-results\register-Register-TS01---V-4db0f-istro-realizado-com-sucesso-frontend-chromium-retry1\trace.zip
    Usage:

        npx playwright show-trace ..\..\..\test-results\register-Register-TS01---V-4db0f-istro-realizado-com-sucesso-frontend-chromium-retry1\trace.zip

    ────────────────────────────────────────────────────────────────────────────────────────────────
]]>
</failure>
<system-out>
<![CDATA[
[[ATTACHMENT|test-results\register-Register-TS01---V-4db0f-istro-realizado-com-sucesso-frontend-chromium\test-failed-1.png]]

[[ATTACHMENT|test-results\register-Register-TS01---V-4db0f-istro-realizado-com-sucesso-frontend-chromium\video.webm]]

[[ATTACHMENT|test-results\register-Register-TS01---V-4db0f-istro-realizado-com-sucesso-frontend-chromium\error-context.md]]

[[ATTACHMENT|test-results\register-Register-TS01---V-4db0f-istro-realizado-com-sucesso-frontend-chromium-retry1\test-failed-1.png]]

[[ATTACHMENT|test-results\register-Register-TS01---V-4db0f-istro-realizado-com-sucesso-frontend-chromium-retry1\video.webm]]

[[ATTACHMENT|test-results\register-Register-TS01---V-4db0f-istro-realizado-com-sucesso-frontend-chromium-retry1\error-context.md]]

[[ATTACHMENT|test-results\register-Register-TS01---V-4db0f-istro-realizado-com-sucesso-frontend-chromium-retry1\trace.zip]]
]]>
</system-out>
</testcase>
<testcase name="Register › TS02 - rejeita email em formato inválido aleatório" classname="register.spec.ts" time="6.561">
<failure message="register.spec.ts:76:3 TS02 - rejeita email em formato inválido aleatório" type="FAILURE">
<![CDATA[  [frontend-chromium] › register.spec.ts:76:3 › Register › TS02 - rejeita email em formato inválido aleatório 

    Error: page.goto: net::ERR_CONNECTION_REFUSED at http://localhost:5174/register
    Call log:
      - navigating to "http://localhost:5174/register", waiting until "load"


      79 |     const base = new PageBase(page);
      80 |
    > 81 |     await page.goto('/register');
         |                ^
      82 |     await waitForPageLoad(page, 'register');
      83 |
      84 |     await base.fill(selectors.register.firstName, userData.firstName);
        at D:\github-projects\tester.com\e2e\specs\frontend\register.spec.ts:81:16

    attachment #1: screenshot (image/png) ──────────────────────────────────────────────────────────
    ..\..\..\test-results\register-Register-TS02---r-4f885--formato-inválido-aleatório-frontend-chromium\test-failed-1.png
    ────────────────────────────────────────────────────────────────────────────────────────────────

    attachment #3: video (video/webm) ──────────────────────────────────────────────────────────────
    ..\..\..\test-results\register-Register-TS02---r-4f885--formato-inválido-aleatório-frontend-chromium\video.webm
    ────────────────────────────────────────────────────────────────────────────────────────────────

    Error Context: ..\..\..\test-results\register-Register-TS02---r-4f885--formato-inválido-aleatório-frontend-chromium\error-context.md

    Retry #1 ───────────────────────────────────────────────────────────────────────────────────────

    Error: page.goto: net::ERR_CONNECTION_REFUSED at http://localhost:5174/register
    Call log:
      - navigating to "http://localhost:5174/register", waiting until "load"


      79 |     const base = new PageBase(page);
      80 |
    > 81 |     await page.goto('/register');
         |                ^
      82 |     await waitForPageLoad(page, 'register');
      83 |
      84 |     await base.fill(selectors.register.firstName, userData.firstName);
        at D:\github-projects\tester.com\e2e\specs\frontend\register.spec.ts:81:16

    attachment #1: screenshot (image/png) ──────────────────────────────────────────────────────────
    ..\..\..\test-results\register-Register-TS02---r-4f885--formato-inválido-aleatório-frontend-chromium-retry1\test-failed-1.png
    ────────────────────────────────────────────────────────────────────────────────────────────────

    attachment #3: video (video/webm) ──────────────────────────────────────────────────────────────
    ..\..\..\test-results\register-Register-TS02---r-4f885--formato-inválido-aleatório-frontend-chromium-retry1\video.webm
    ────────────────────────────────────────────────────────────────────────────────────────────────

    Error Context: ..\..\..\test-results\register-Register-TS02---r-4f885--formato-inválido-aleatório-frontend-chromium-retry1\error-context.md

    attachment #5: trace (application/zip) ─────────────────────────────────────────────────────────
    ..\..\..\test-results\register-Register-TS02---r-4f885--formato-inválido-aleatório-frontend-chromium-retry1\trace.zip
    Usage:

        npx playwright show-trace ..\..\..\test-results\register-Register-TS02---r-4f885--formato-inválido-aleatório-frontend-chromium-retry1\trace.zip

    ────────────────────────────────────────────────────────────────────────────────────────────────
]]>
</failure>
<system-out>
<![CDATA[
[[ATTACHMENT|test-results\register-Register-TS02---r-4f885--formato-inválido-aleatório-frontend-chromium\test-failed-1.png]]

[[ATTACHMENT|test-results\register-Register-TS02---r-4f885--formato-inválido-aleatório-frontend-chromium\video.webm]]

[[ATTACHMENT|test-results\register-Register-TS02---r-4f885--formato-inválido-aleatório-frontend-chromium\error-context.md]]

[[ATTACHMENT|test-results\register-Register-TS02---r-4f885--formato-inválido-aleatório-frontend-chromium-retry1\test-failed-1.png]]

[[ATTACHMENT|test-results\register-Register-TS02---r-4f885--formato-inválido-aleatório-frontend-chromium-retry1\video.webm]]

[[ATTACHMENT|test-results\register-Register-TS02---r-4f885--formato-inválido-aleatório-frontend-chromium-retry1\error-context.md]]

[[ATTACHMENT|test-results\register-Register-TS02---r-4f885--formato-inválido-aleatório-frontend-chromium-retry1\trace.zip]]
]]>
</system-out>
</testcase>
<testcase name="Register › TS03 - rejeita senha curta no step 0" classname="register.spec.ts" time="8.102">
<failure message="register.spec.ts:98:3 TS03 - rejeita senha curta no step 0" type="FAILURE">
<![CDATA[  [frontend-chromium] › register.spec.ts:98:3 › Register › TS03 - rejeita senha curta no step 0 ────

    Error: page.goto: net::ERR_CONNECTION_REFUSED at http://localhost:5174/register
    Call log:
      - navigating to "http://localhost:5174/register", waiting until "load"


      101 |     const base = new PageBase(page);
      102 |
    > 103 |     await page.goto('/register');
          |                ^
      104 |     await waitForPageLoad(page, 'register');
      105 |
      106 |     await base.fill(selectors.register.firstName, userData.firstName);
        at D:\github-projects\tester.com\e2e\specs\frontend\register.spec.ts:103:16

    attachment #1: screenshot (image/png) ──────────────────────────────────────────────────────────
    ..\..\..\test-results\register-Register-TS03---rejeita-senha-curta-no-step-0-frontend-chromium\test-failed-1.png
    ────────────────────────────────────────────────────────────────────────────────────────────────

    attachment #3: video (video/webm) ──────────────────────────────────────────────────────────────
    ..\..\..\test-results\register-Register-TS03---rejeita-senha-curta-no-step-0-frontend-chromium\video.webm
    ────────────────────────────────────────────────────────────────────────────────────────────────

    Error Context: ..\..\..\test-results\register-Register-TS03---rejeita-senha-curta-no-step-0-frontend-chromium\error-context.md

    Retry #1 ───────────────────────────────────────────────────────────────────────────────────────

    Error: page.goto: net::ERR_CONNECTION_REFUSED at http://localhost:5174/register
    Call log:
      - navigating to "http://localhost:5174/register", waiting until "load"


      101 |     const base = new PageBase(page);
      102 |
    > 103 |     await page.goto('/register');
          |                ^
      104 |     await waitForPageLoad(page, 'register');
      105 |
      106 |     await base.fill(selectors.register.firstName, userData.firstName);
        at D:\github-projects\tester.com\e2e\specs\frontend\register.spec.ts:103:16

    attachment #1: screenshot (image/png) ──────────────────────────────────────────────────────────
    ..\..\..\test-results\register-Register-TS03---rejeita-senha-curta-no-step-0-frontend-chromium-retry1\test-failed-1.png
    ────────────────────────────────────────────────────────────────────────────────────────────────

    attachment #3: video (video/webm) ──────────────────────────────────────────────────────────────
    ..\..\..\test-results\register-Register-TS03---rejeita-senha-curta-no-step-0-frontend-chromium-retry1\video.webm
    ────────────────────────────────────────────────────────────────────────────────────────────────

    Error Context: ..\..\..\test-results\register-Register-TS03---rejeita-senha-curta-no-step-0-frontend-chromium-retry1\error-context.md

    attachment #5: trace (application/zip) ─────────────────────────────────────────────────────────
    ..\..\..\test-results\register-Register-TS03---rejeita-senha-curta-no-step-0-frontend-chromium-retry1\trace.zip
    Usage:

        npx playwright show-trace ..\..\..\test-results\register-Register-TS03---rejeita-senha-curta-no-step-0-frontend-chromium-retry1\trace.zip

    ────────────────────────────────────────────────────────────────────────────────────────────────
]]>
</failure>
<system-out>
<![CDATA[
[[ATTACHMENT|test-results\register-Register-TS03---rejeita-senha-curta-no-step-0-frontend-chromium\test-failed-1.png]]

[[ATTACHMENT|test-results\register-Register-TS03---rejeita-senha-curta-no-step-0-frontend-chromium\video.webm]]

[[ATTACHMENT|test-results\register-Register-TS03---rejeita-senha-curta-no-step-0-frontend-chromium\error-context.md]]

[[ATTACHMENT|test-results\register-Register-TS03---rejeita-senha-curta-no-step-0-frontend-chromium-retry1\test-failed-1.png]]

[[ATTACHMENT|test-results\register-Register-TS03---rejeita-senha-curta-no-step-0-frontend-chromium-retry1\video.webm]]

[[ATTACHMENT|test-results\register-Register-TS03---rejeita-senha-curta-no-step-0-frontend-chromium-retry1\error-context.md]]

[[ATTACHMENT|test-results\register-Register-TS03---rejeita-senha-curta-no-step-0-frontend-chromium-retry1\trace.zip]]
]]>
</system-out>
</testcase>
<testcase name="Register › TS04 - rejeita senhas não-correspondentes com dados aleatórios" classname="register.spec.ts" time="7.97">
<failure message="register.spec.ts:120:3 TS04 - rejeita senhas não-correspondentes com dados aleatórios" type="FAILURE">
<![CDATA[  [frontend-chromium] › register.spec.ts:120:3 › Register › TS04 - rejeita senhas não-correspondentes com dados aleatórios 

    Error: page.goto: net::ERR_CONNECTION_REFUSED at http://localhost:5174/register
    Call log:
      - navigating to "http://localhost:5174/register", waiting until "load"


      123 |     const base = new PageBase(page);
      124 |
    > 125 |     await page.goto('/register');
          |                ^
      126 |     await waitForPageLoad(page, 'register');
      127 |
      128 |     await base.fill(selectors.register.firstName, userData.firstName);
        at D:\github-projects\tester.com\e2e\specs\frontend\register.spec.ts:125:16

    attachment #1: screenshot (image/png) ──────────────────────────────────────────────────────────
    ..\..\..\test-results\register-Register-TS04---r-3dee2-dentes-com-dados-aleatórios-frontend-chromium\test-failed-1.png
    ────────────────────────────────────────────────────────────────────────────────────────────────

    attachment #3: video (video/webm) ──────────────────────────────────────────────────────────────
    ..\..\..\test-results\register-Register-TS04---r-3dee2-dentes-com-dados-aleatórios-frontend-chromium\video.webm
    ────────────────────────────────────────────────────────────────────────────────────────────────

    Error Context: ..\..\..\test-results\register-Register-TS04---r-3dee2-dentes-com-dados-aleatórios-frontend-chromium\error-context.md

    Retry #1 ───────────────────────────────────────────────────────────────────────────────────────

    Error: page.goto: net::ERR_CONNECTION_REFUSED at http://localhost:5174/register
    Call log:
      - navigating to "http://localhost:5174/register", waiting until "load"


      123 |     const base = new PageBase(page);
      124 |
    > 125 |     await page.goto('/register');
          |                ^
      126 |     await waitForPageLoad(page, 'register');
      127 |
      128 |     await base.fill(selectors.register.firstName, userData.firstName);
        at D:\github-projects\tester.com\e2e\specs\frontend\register.spec.ts:125:16

    attachment #1: screenshot (image/png) ──────────────────────────────────────────────────────────
    ..\..\..\test-results\register-Register-TS04---r-3dee2-dentes-com-dados-aleatórios-frontend-chromium-retry1\test-failed-1.png
    ────────────────────────────────────────────────────────────────────────────────────────────────

    attachment #3: video (video/webm) ──────────────────────────────────────────────────────────────
    ..\..\..\test-results\register-Register-TS04---r-3dee2-dentes-com-dados-aleatórios-frontend-chromium-retry1\video.webm
    ────────────────────────────────────────────────────────────────────────────────────────────────

    Error Context: ..\..\..\test-results\register-Register-TS04---r-3dee2-dentes-com-dados-aleatórios-frontend-chromium-retry1\error-context.md

    attachment #5: trace (application/zip) ─────────────────────────────────────────────────────────
    ..\..\..\test-results\register-Register-TS04---r-3dee2-dentes-com-dados-aleatórios-frontend-chromium-retry1\trace.zip
    Usage:

        npx playwright show-trace ..\..\..\test-results\register-Register-TS04---r-3dee2-dentes-com-dados-aleatórios-frontend-chromium-retry1\trace.zip

    ────────────────────────────────────────────────────────────────────────────────────────────────
]]>
</failure>
<system-out>
<![CDATA[
[[ATTACHMENT|test-results\register-Register-TS04---r-3dee2-dentes-com-dados-aleatórios-frontend-chromium\test-failed-1.png]]

[[ATTACHMENT|test-results\register-Register-TS04---r-3dee2-dentes-com-dados-aleatórios-frontend-chromium\video.webm]]

[[ATTACHMENT|test-results\register-Register-TS04---r-3dee2-dentes-com-dados-aleatórios-frontend-chromium\error-context.md]]

[[ATTACHMENT|test-results\register-Register-TS04---r-3dee2-dentes-com-dados-aleatórios-frontend-chromium-retry1\test-failed-1.png]]

[[ATTACHMENT|test-results\register-Register-TS04---r-3dee2-dentes-com-dados-aleatórios-frontend-chromium-retry1\video.webm]]

[[ATTACHMENT|test-results\register-Register-TS04---r-3dee2-dentes-com-dados-aleatórios-frontend-chromium-retry1\error-context.md]]

[[ATTACHMENT|test-results\register-Register-TS04---r-3dee2-dentes-com-dados-aleatórios-frontend-chromium-retry1\trace.zip]]
]]>
</system-out>
</testcase>
<testcase name="Register › TS05 - valida campo obrigatório faltando no step 0" classname="register.spec.ts" time="7.34">
<failure message="register.spec.ts:143:3 TS05 - valida campo obrigatório faltando no step 0" type="FAILURE">
<![CDATA[  [frontend-chromium] › register.spec.ts:143:3 › Register › TS05 - valida campo obrigatório faltando no step 0 

    Error: page.goto: net::ERR_CONNECTION_REFUSED at http://localhost:5174/register
    Call log:
      - navigating to "http://localhost:5174/register", waiting until "load"


      145 |     const base = new PageBase(page);
      146 |
    > 147 |     await page.goto('/register');
          |                ^
      148 |     await waitForPageLoad(page, 'register');
      149 |
      150 |     if (missingField !== 'firstName') await base.fill(selectors.register.firstName, faker.person.firstName());
        at D:\github-projects\tester.com\e2e\specs\frontend\register.spec.ts:147:16

    attachment #1: screenshot (image/png) ──────────────────────────────────────────────────────────
    ..\..\..\test-results\register-Register-TS05---v-38406-igatório-faltando-no-step-0-frontend-chromium\test-failed-1.png
    ────────────────────────────────────────────────────────────────────────────────────────────────

    attachment #3: video (video/webm) ──────────────────────────────────────────────────────────────
    ..\..\..\test-results\register-Register-TS05---v-38406-igatório-faltando-no-step-0-frontend-chromium\video.webm
    ────────────────────────────────────────────────────────────────────────────────────────────────

    Error Context: ..\..\..\test-results\register-Register-TS05---v-38406-igatório-faltando-no-step-0-frontend-chromium\error-context.md

    Retry #1 ───────────────────────────────────────────────────────────────────────────────────────

    Error: page.goto: net::ERR_CONNECTION_REFUSED at http://localhost:5174/register
    Call log:
      - navigating to "http://localhost:5174/register", waiting until "load"


      145 |     const base = new PageBase(page);
      146 |
    > 147 |     await page.goto('/register');
          |                ^
      148 |     await waitForPageLoad(page, 'register');
      149 |
      150 |     if (missingField !== 'firstName') await base.fill(selectors.register.firstName, faker.person.firstName());
        at D:\github-projects\tester.com\e2e\specs\frontend\register.spec.ts:147:16

    attachment #1: screenshot (image/png) ──────────────────────────────────────────────────────────
    ..\..\..\test-results\register-Register-TS05---v-38406-igatório-faltando-no-step-0-frontend-chromium-retry1\test-failed-1.png
    ────────────────────────────────────────────────────────────────────────────────────────────────

    attachment #3: video (video/webm) ──────────────────────────────────────────────────────────────
    ..\..\..\test-results\register-Register-TS05---v-38406-igatório-faltando-no-step-0-frontend-chromium-retry1\video.webm
    ────────────────────────────────────────────────────────────────────────────────────────────────

    Error Context: ..\..\..\test-results\register-Register-TS05---v-38406-igatório-faltando-no-step-0-frontend-chromium-retry1\error-context.md

    attachment #5: trace (application/zip) ─────────────────────────────────────────────────────────
    ..\..\..\test-results\register-Register-TS05---v-38406-igatório-faltando-no-step-0-frontend-chromium-retry1\trace.zip
    Usage:

        npx playwright show-trace ..\..\..\test-results\register-Register-TS05---v-38406-igatório-faltando-no-step-0-frontend-chromium-retry1\trace.zip

    ────────────────────────────────────────────────────────────────────────────────────────────────
]]>
</failure>
<system-out>
<![CDATA[
[[ATTACHMENT|test-results\register-Register-TS05---v-38406-igatório-faltando-no-step-0-frontend-chromium\test-failed-1.png]]

[[ATTACHMENT|test-results\register-Register-TS05---v-38406-igatório-faltando-no-step-0-frontend-chromium\video.webm]]

[[ATTACHMENT|test-results\register-Register-TS05---v-38406-igatório-faltando-no-step-0-frontend-chromium\error-context.md]]

[[ATTACHMENT|test-results\register-Register-TS05---v-38406-igatório-faltando-no-step-0-frontend-chromium-retry1\test-failed-1.png]]

[[ATTACHMENT|test-results\register-Register-TS05---v-38406-igatório-faltando-no-step-0-frontend-chromium-retry1\video.webm]]

[[ATTACHMENT|test-results\register-Register-TS05---v-38406-igatório-faltando-no-step-0-frontend-chromium-retry1\error-context.md]]

[[ATTACHMENT|test-results\register-Register-TS05---v-38406-igatório-faltando-no-step-0-frontend-chromium-retry1\trace.zip]]
]]>
</system-out>
</testcase>
<testcase name="Register › TS06 - rejeita email duplicado com dados aleatórios" classname="register.spec.ts" time="7.587">
<failure message="register.spec.ts:178:3 TS06 - rejeita email duplicado com dados aleatórios" type="FAILURE">
<![CDATA[  [frontend-chromium] › register.spec.ts:178:3 › Register › TS06 - rejeita email duplicado com dados aleatórios 

    Error: page.goto: net::ERR_CONNECTION_REFUSED at http://localhost:5174/register
    Call log:
      - navigating to "http://localhost:5174/register", waiting until "load"


      185 |     await setupViacepMock(page);
      186 |
    > 187 |     await page.goto('/register');
          |                ^
      188 |     await waitForPageLoad(page, 'register');
      189 |
      190 |     // ── Step 0 ────────────────────────────────────────────────────────────────
        at D:\github-projects\tester.com\e2e\specs\frontend\register.spec.ts:187:16

    attachment #1: screenshot (image/png) ──────────────────────────────────────────────────────────
    ..\..\..\test-results\register-Register-TS06---r-359dd-licado-com-dados-aleatórios-frontend-chromium\test-failed-1.png
    ────────────────────────────────────────────────────────────────────────────────────────────────

    attachment #3: video (video/webm) ──────────────────────────────────────────────────────────────
    ..\..\..\test-results\register-Register-TS06---r-359dd-licado-com-dados-aleatórios-frontend-chromium\video.webm
    ────────────────────────────────────────────────────────────────────────────────────────────────

    Error Context: ..\..\..\test-results\register-Register-TS06---r-359dd-licado-com-dados-aleatórios-frontend-chromium\error-context.md

    Retry #1 ───────────────────────────────────────────────────────────────────────────────────────

    Error: page.goto: net::ERR_CONNECTION_REFUSED at http://localhost:5174/register
    Call log:
      - navigating to "http://localhost:5174/register", waiting until "load"


      185 |     await setupViacepMock(page);
      186 |
    > 187 |     await page.goto('/register');
          |                ^
      188 |     await waitForPageLoad(page, 'register');
      189 |
      190 |     // ── Step 0 ────────────────────────────────────────────────────────────────
        at D:\github-projects\tester.com\e2e\specs\frontend\register.spec.ts:187:16

    attachment #1: screenshot (image/png) ──────────────────────────────────────────────────────────
    ..\..\..\test-results\register-Register-TS06---r-359dd-licado-com-dados-aleatórios-frontend-chromium-retry1\test-failed-1.png
    ────────────────────────────────────────────────────────────────────────────────────────────────

    attachment #3: video (video/webm) ──────────────────────────────────────────────────────────────
    ..\..\..\test-results\register-Register-TS06---r-359dd-licado-com-dados-aleatórios-frontend-chromium-retry1\video.webm
    ────────────────────────────────────────────────────────────────────────────────────────────────

    Error Context: ..\..\..\test-results\register-Register-TS06---r-359dd-licado-com-dados-aleatórios-frontend-chromium-retry1\error-context.md

    attachment #5: trace (application/zip) ─────────────────────────────────────────────────────────
    ..\..\..\test-results\register-Register-TS06---r-359dd-licado-com-dados-aleatórios-frontend-chromium-retry1\trace.zip
    Usage:

        npx playwright show-trace ..\..\..\test-results\register-Register-TS06---r-359dd-licado-com-dados-aleatórios-frontend-chromium-retry1\trace.zip

    ────────────────────────────────────────────────────────────────────────────────────────────────
]]>
</failure>
<system-out>
<![CDATA[
[[ATTACHMENT|test-results\register-Register-TS06---r-359dd-licado-com-dados-aleatórios-frontend-chromium\test-failed-1.png]]

[[ATTACHMENT|test-results\register-Register-TS06---r-359dd-licado-com-dados-aleatórios-frontend-chromium\video.webm]]

[[ATTACHMENT|test-results\register-Register-TS06---r-359dd-licado-com-dados-aleatórios-frontend-chromium\error-context.md]]

[[ATTACHMENT|test-results\register-Register-TS06---r-359dd-licado-com-dados-aleatórios-frontend-chromium-retry1\test-failed-1.png]]

[[ATTACHMENT|test-results\register-Register-TS06---r-359dd-licado-com-dados-aleatórios-frontend-chromium-retry1\video.webm]]

[[ATTACHMENT|test-results\register-Register-TS06---r-359dd-licado-com-dados-aleatórios-frontend-chromium-retry1\error-context.md]]

[[ATTACHMENT|test-results\register-Register-TS06---r-359dd-licado-com-dados-aleatórios-frontend-chromium-retry1\trace.zip]]
]]>
</system-out>
</testcase>
<testcase name="Register › TS07 - valida todos os campos vazios com mensagens de validação individuais" classname="register.spec.ts" time="7.315">
<failure message="register.spec.ts:215:3 TS07 - valida todos os campos vazios com mensagens de validação individuais" type="FAILURE">
<![CDATA[  [frontend-chromium] › register.spec.ts:215:3 › Register › TS07 - valida todos os campos vazios com mensagens de validação individuais 

    Error: page.goto: net::ERR_CONNECTION_REFUSED at http://localhost:5174/register
    Call log:
      - navigating to "http://localhost:5174/register", waiting until "load"


      214 |    */
      215 |   test('TS07 - valida todos os campos vazios com mensagens de validação individuais', async ({ page }) => {
    > 216 |     await page.goto('/register');
          |                ^
      217 |     await waitForPageLoad(page, 'register');
      218 |
      219 |     // Click "next" button with all fields empty
        at D:\github-projects\tester.com\e2e\specs\frontend\register.spec.ts:216:16

    attachment #1: screenshot (image/png) ──────────────────────────────────────────────────────────
    ..\..\..\test-results\register-Register-TS07---v-084f4-ns-de-validação-individuais-frontend-chromium\test-failed-1.png
    ────────────────────────────────────────────────────────────────────────────────────────────────

    attachment #3: video (video/webm) ──────────────────────────────────────────────────────────────
    ..\..\..\test-results\register-Register-TS07---v-084f4-ns-de-validação-individuais-frontend-chromium\video.webm
    ────────────────────────────────────────────────────────────────────────────────────────────────

    Error Context: ..\..\..\test-results\register-Register-TS07---v-084f4-ns-de-validação-individuais-frontend-chromium\error-context.md

    Retry #1 ───────────────────────────────────────────────────────────────────────────────────────

    Error: page.goto: net::ERR_CONNECTION_REFUSED at http://localhost:5174/register
    Call log:
      - navigating to "http://localhost:5174/register", waiting until "load"


      214 |    */
      215 |   test('TS07 - valida todos os campos vazios com mensagens de validação individuais', async ({ page }) => {
    > 216 |     await page.goto('/register');
          |                ^
      217 |     await waitForPageLoad(page, 'register');
      218 |
      219 |     // Click "next" button with all fields empty
        at D:\github-projects\tester.com\e2e\specs\frontend\register.spec.ts:216:16

    attachment #1: screenshot (image/png) ──────────────────────────────────────────────────────────
    ..\..\..\test-results\register-Register-TS07---v-084f4-ns-de-validação-individuais-frontend-chromium-retry1\test-failed-1.png
    ────────────────────────────────────────────────────────────────────────────────────────────────

    attachment #3: video (video/webm) ──────────────────────────────────────────────────────────────
    ..\..\..\test-results\register-Register-TS07---v-084f4-ns-de-validação-individuais-frontend-chromium-retry1\video.webm
    ────────────────────────────────────────────────────────────────────────────────────────────────

    Error Context: ..\..\..\test-results\register-Register-TS07---v-084f4-ns-de-validação-individuais-frontend-chromium-retry1\error-context.md

    attachment #5: trace (application/zip) ─────────────────────────────────────────────────────────
    ..\..\..\test-results\register-Register-TS07---v-084f4-ns-de-validação-individuais-frontend-chromium-retry1\trace.zip
    Usage:

        npx playwright show-trace ..\..\..\test-results\register-Register-TS07---v-084f4-ns-de-validação-individuais-frontend-chromium-retry1\trace.zip

    ────────────────────────────────────────────────────────────────────────────────────────────────
]]>
</failure>
<system-out>
<![CDATA[
[[ATTACHMENT|test-results\register-Register-TS07---v-084f4-ns-de-validação-individuais-frontend-chromium\test-failed-1.png]]

[[ATTACHMENT|test-results\register-Register-TS07---v-084f4-ns-de-validação-individuais-frontend-chromium\video.webm]]

[[ATTACHMENT|test-results\register-Register-TS07---v-084f4-ns-de-validação-individuais-frontend-chromium\error-context.md]]

[[ATTACHMENT|test-results\register-Register-TS07---v-084f4-ns-de-validação-individuais-frontend-chromium-retry1\test-failed-1.png]]

[[ATTACHMENT|test-results\register-Register-TS07---v-084f4-ns-de-validação-individuais-frontend-chromium-retry1\video.webm]]

[[ATTACHMENT|test-results\register-Register-TS07---v-084f4-ns-de-validação-individuais-frontend-chromium-retry1\error-context.md]]

[[ATTACHMENT|test-results\register-Register-TS07---v-084f4-ns-de-validação-individuais-frontend-chromium-retry1\trace.zip]]
]]>
</system-out>
</testcase>
</testsuite>
<testsuite name="auth.spec.ts" timestamp="2026-03-19T23:12:14.101Z" hostname="frontend-webkit" tests="6" failures="6" skipped="0" time="66.067" errors="0">
<testcase name="Login › TS01 - login válido com redirect next e saudação" classname="auth.spec.ts" time="11.778">
<failure message="auth.spec.ts:33:3 TS01 - login válido com redirect next e saudação" type="FAILURE">
<![CDATA[  [frontend-webkit] › auth.spec.ts:33:3 › Login › TS01 - login válido com redirect next e saudação ─

    Error: page.goto: Could not connect to server
    Call log:
      - navigating to "http://localhost:5174/login?next=/cart", waiting until "load"


      32 |
      33 |   test('TS01 - login válido com redirect next e saudação', async ({ page, waitForPageLoad }) => {
    > 34 |     await page.goto('/login?next=/cart');
         |                ^
      35 |     await waitForPageLoad(page, 'login');
      36 |
      37 |     await page.fill(selectors.login.email, 'valid@example.com');
        at D:\github-projects\tester.com\e2e\specs\frontend\auth.spec.ts:34:16

    attachment #1: screenshot (image/png) ──────────────────────────────────────────────────────────
    ..\..\..\test-results\auth-Login-TS01---login-válido-com-redirect-next-e-saudação-frontend-webkit\test-failed-1.png
    ────────────────────────────────────────────────────────────────────────────────────────────────

    attachment #3: video (video/webm) ──────────────────────────────────────────────────────────────
    ..\..\..\test-results\auth-Login-TS01---login-válido-com-redirect-next-e-saudação-frontend-webkit\video.webm
    ────────────────────────────────────────────────────────────────────────────────────────────────

    Retry #1 ───────────────────────────────────────────────────────────────────────────────────────

    Error: page.goto: Could not connect to server
    Call log:
      - navigating to "http://localhost:5174/login?next=/cart", waiting until "load"


      32 |
      33 |   test('TS01 - login válido com redirect next e saudação', async ({ page, waitForPageLoad }) => {
    > 34 |     await page.goto('/login?next=/cart');
         |                ^
      35 |     await waitForPageLoad(page, 'login');
      36 |
      37 |     await page.fill(selectors.login.email, 'valid@example.com');
        at D:\github-projects\tester.com\e2e\specs\frontend\auth.spec.ts:34:16

    attachment #1: screenshot (image/png) ──────────────────────────────────────────────────────────
    ..\..\..\test-results\auth-Login-TS01---login-válido-com-redirect-next-e-saudação-frontend-webkit-retry1\test-failed-1.png
    ────────────────────────────────────────────────────────────────────────────────────────────────

    attachment #3: video (video/webm) ──────────────────────────────────────────────────────────────
    ..\..\..\test-results\auth-Login-TS01---login-válido-com-redirect-next-e-saudação-frontend-webkit-retry1\video.webm
    ────────────────────────────────────────────────────────────────────────────────────────────────

    attachment #4: trace (application/zip) ─────────────────────────────────────────────────────────
    ..\..\..\test-results\auth-Login-TS01---login-válido-com-redirect-next-e-saudação-frontend-webkit-retry1\trace.zip
    Usage:

        npx playwright show-trace ..\..\..\test-results\auth-Login-TS01---login-válido-com-redirect-next-e-saudação-frontend-webkit-retry1\trace.zip

    ────────────────────────────────────────────────────────────────────────────────────────────────
]]>
</failure>
<system-out>
<![CDATA[
[[ATTACHMENT|test-results\auth-Login-TS01---login-válido-com-redirect-next-e-saudação-frontend-webkit\test-failed-1.png]]

[[ATTACHMENT|test-results\auth-Login-TS01---login-válido-com-redirect-next-e-saudação-frontend-webkit\video.webm]]

[[ATTACHMENT|test-results\auth-Login-TS01---login-válido-com-redirect-next-e-saudação-frontend-webkit-retry1\test-failed-1.png]]

[[ATTACHMENT|test-results\auth-Login-TS01---login-válido-com-redirect-next-e-saudação-frontend-webkit-retry1\video.webm]]

[[ATTACHMENT|test-results\auth-Login-TS01---login-válido-com-redirect-next-e-saudação-frontend-webkit-retry1\trace.zip]]
]]>
</system-out>
</testcase>
<testcase name="Login › TS02 - deve exibir erro para credenciais inválidas" classname="auth.spec.ts" time="11.633">
<failure message="auth.spec.ts:46:3 TS02 - deve exibir erro para credenciais inválidas" type="FAILURE">
<![CDATA[  [frontend-webkit] › auth.spec.ts:46:3 › Login › TS02 - deve exibir erro para credenciais inválidas 

    Error: page.goto: Could not connect to server
    Call log:
      - navigating to "http://localhost:5174/login", waiting until "load"


      45 |
      46 |   test('TS02 - deve exibir erro para credenciais inválidas', async ({ page, waitForPageLoad }) => {
    > 47 |     await page.goto('/login');
         |                ^
      48 |     await waitForPageLoad(page, 'login');
      49 |
      50 |     await page.fill(selectors.login.email, 'invalid@example.com');
        at D:\github-projects\tester.com\e2e\specs\frontend\auth.spec.ts:47:16

    attachment #1: screenshot (image/png) ──────────────────────────────────────────────────────────
    ..\..\..\test-results\auth-Login-TS02---deve-exi-2cc88--para-credenciais-inválidas-frontend-webkit\test-failed-1.png
    ────────────────────────────────────────────────────────────────────────────────────────────────

    attachment #3: video (video/webm) ──────────────────────────────────────────────────────────────
    ..\..\..\test-results\auth-Login-TS02---deve-exi-2cc88--para-credenciais-inválidas-frontend-webkit\video.webm
    ────────────────────────────────────────────────────────────────────────────────────────────────

    Retry #1 ───────────────────────────────────────────────────────────────────────────────────────

    Error: page.goto: Could not connect to server
    Call log:
      - navigating to "http://localhost:5174/login", waiting until "load"


      45 |
      46 |   test('TS02 - deve exibir erro para credenciais inválidas', async ({ page, waitForPageLoad }) => {
    > 47 |     await page.goto('/login');
         |                ^
      48 |     await waitForPageLoad(page, 'login');
      49 |
      50 |     await page.fill(selectors.login.email, 'invalid@example.com');
        at D:\github-projects\tester.com\e2e\specs\frontend\auth.spec.ts:47:16

    attachment #1: screenshot (image/png) ──────────────────────────────────────────────────────────
    ..\..\..\test-results\auth-Login-TS02---deve-exi-2cc88--para-credenciais-inválidas-frontend-webkit-retry1\test-failed-1.png
    ────────────────────────────────────────────────────────────────────────────────────────────────

    attachment #3: video (video/webm) ──────────────────────────────────────────────────────────────
    ..\..\..\test-results\auth-Login-TS02---deve-exi-2cc88--para-credenciais-inválidas-frontend-webkit-retry1\video.webm
    ────────────────────────────────────────────────────────────────────────────────────────────────

    attachment #4: trace (application/zip) ─────────────────────────────────────────────────────────
    ..\..\..\test-results\auth-Login-TS02---deve-exi-2cc88--para-credenciais-inválidas-frontend-webkit-retry1\trace.zip
    Usage:

        npx playwright show-trace ..\..\..\test-results\auth-Login-TS02---deve-exi-2cc88--para-credenciais-inválidas-frontend-webkit-retry1\trace.zip

    ────────────────────────────────────────────────────────────────────────────────────────────────
]]>
</failure>
<system-out>
<![CDATA[
[[ATTACHMENT|test-results\auth-Login-TS02---deve-exi-2cc88--para-credenciais-inválidas-frontend-webkit\test-failed-1.png]]

[[ATTACHMENT|test-results\auth-Login-TS02---deve-exi-2cc88--para-credenciais-inválidas-frontend-webkit\video.webm]]

[[ATTACHMENT|test-results\auth-Login-TS02---deve-exi-2cc88--para-credenciais-inválidas-frontend-webkit-retry1\test-failed-1.png]]

[[ATTACHMENT|test-results\auth-Login-TS02---deve-exi-2cc88--para-credenciais-inválidas-frontend-webkit-retry1\video.webm]]

[[ATTACHMENT|test-results\auth-Login-TS02---deve-exi-2cc88--para-credenciais-inválidas-frontend-webkit-retry1\trace.zip]]
]]>
</system-out>
</testcase>
<testcase name="Login › TS03 - deve validar campos obrigatórios" classname="auth.spec.ts" time="11.555">
<failure message="auth.spec.ts:57:3 TS03 - deve validar campos obrigatórios" type="FAILURE">
<![CDATA[  [frontend-webkit] › auth.spec.ts:57:3 › Login › TS03 - deve validar campos obrigatórios ──────────

    Error: page.goto: Could not connect to server
    Call log:
      - navigating to "http://localhost:5174/login", waiting until "load"


      56 |
      57 |   test('TS03 - deve validar campos obrigatórios', async ({ page, waitForPageLoad }) => {
    > 58 |     await page.goto('/login');
         |                ^
      59 |     await waitForPageLoad(page, 'login');
      60 |
      61 |     await page.click(selectors.login.submit);
        at D:\github-projects\tester.com\e2e\specs\frontend\auth.spec.ts:58:16

    attachment #1: screenshot (image/png) ──────────────────────────────────────────────────────────
    ..\..\..\test-results\auth-Login-TS03---deve-validar-campos-obrigatórios-frontend-webkit\test-failed-1.png
    ────────────────────────────────────────────────────────────────────────────────────────────────

    attachment #3: video (video/webm) ──────────────────────────────────────────────────────────────
    ..\..\..\test-results\auth-Login-TS03---deve-validar-campos-obrigatórios-frontend-webkit\video.webm
    ────────────────────────────────────────────────────────────────────────────────────────────────

    Retry #1 ───────────────────────────────────────────────────────────────────────────────────────

    Error: page.goto: Could not connect to server
    Call log:
      - navigating to "http://localhost:5174/login", waiting until "load"


      56 |
      57 |   test('TS03 - deve validar campos obrigatórios', async ({ page, waitForPageLoad }) => {
    > 58 |     await page.goto('/login');
         |                ^
      59 |     await waitForPageLoad(page, 'login');
      60 |
      61 |     await page.click(selectors.login.submit);
        at D:\github-projects\tester.com\e2e\specs\frontend\auth.spec.ts:58:16

    attachment #1: screenshot (image/png) ──────────────────────────────────────────────────────────
    ..\..\..\test-results\auth-Login-TS03---deve-validar-campos-obrigatórios-frontend-webkit-retry1\test-failed-1.png
    ────────────────────────────────────────────────────────────────────────────────────────────────

    attachment #3: video (video/webm) ──────────────────────────────────────────────────────────────
    ..\..\..\test-results\auth-Login-TS03---deve-validar-campos-obrigatórios-frontend-webkit-retry1\video.webm
    ────────────────────────────────────────────────────────────────────────────────────────────────

    attachment #4: trace (application/zip) ─────────────────────────────────────────────────────────
    ..\..\..\test-results\auth-Login-TS03---deve-validar-campos-obrigatórios-frontend-webkit-retry1\trace.zip
    Usage:

        npx playwright show-trace ..\..\..\test-results\auth-Login-TS03---deve-validar-campos-obrigatórios-frontend-webkit-retry1\trace.zip

    ────────────────────────────────────────────────────────────────────────────────────────────────
]]>
</failure>
<system-out>
<![CDATA[
[[ATTACHMENT|test-results\auth-Login-TS03---deve-validar-campos-obrigatórios-frontend-webkit\test-failed-1.png]]

[[ATTACHMENT|test-results\auth-Login-TS03---deve-validar-campos-obrigatórios-frontend-webkit\video.webm]]

[[ATTACHMENT|test-results\auth-Login-TS03---deve-validar-campos-obrigatórios-frontend-webkit-retry1\test-failed-1.png]]

[[ATTACHMENT|test-results\auth-Login-TS03---deve-validar-campos-obrigatórios-frontend-webkit-retry1\video.webm]]

[[ATTACHMENT|test-results\auth-Login-TS03---deve-validar-campos-obrigatórios-frontend-webkit-retry1\trace.zip]]
]]>
</system-out>
</testcase>
<testcase name="Login › TS04 - login com senha em branco" classname="auth.spec.ts" time="11.761">
<failure message="auth.spec.ts:65:3 TS04 - login com senha em branco" type="FAILURE">
<![CDATA[  [frontend-webkit] › auth.spec.ts:65:3 › Login › TS04 - login com senha em branco ─────────────────

    Error: page.goto: Could not connect to server
    Call log:
      - navigating to "http://localhost:5174/login", waiting until "load"


      64 |
      65 |   test('TS04 - login com senha em branco', async ({ page, waitForPageLoad }) => {
    > 66 |     await page.goto('/login');
         |                ^
      67 |     await waitForPageLoad(page, 'login');
      68 |
      69 |     await page.fill(selectors.login.email, 'valid@example.com');
        at D:\github-projects\tester.com\e2e\specs\frontend\auth.spec.ts:66:16

    attachment #1: screenshot (image/png) ──────────────────────────────────────────────────────────
    ..\..\..\test-results\auth-Login-TS04---login-com-senha-em-branco-frontend-webkit\test-failed-1.png
    ────────────────────────────────────────────────────────────────────────────────────────────────

    attachment #3: video (video/webm) ──────────────────────────────────────────────────────────────
    ..\..\..\test-results\auth-Login-TS04---login-com-senha-em-branco-frontend-webkit\video.webm
    ────────────────────────────────────────────────────────────────────────────────────────────────

    Retry #1 ───────────────────────────────────────────────────────────────────────────────────────

    Error: page.goto: Could not connect to server
    Call log:
      - navigating to "http://localhost:5174/login", waiting until "load"


      64 |
      65 |   test('TS04 - login com senha em branco', async ({ page, waitForPageLoad }) => {
    > 66 |     await page.goto('/login');
         |                ^
      67 |     await waitForPageLoad(page, 'login');
      68 |
      69 |     await page.fill(selectors.login.email, 'valid@example.com');
        at D:\github-projects\tester.com\e2e\specs\frontend\auth.spec.ts:66:16

    attachment #1: screenshot (image/png) ──────────────────────────────────────────────────────────
    ..\..\..\test-results\auth-Login-TS04---login-com-senha-em-branco-frontend-webkit-retry1\test-failed-1.png
    ────────────────────────────────────────────────────────────────────────────────────────────────

    attachment #3: video (video/webm) ──────────────────────────────────────────────────────────────
    ..\..\..\test-results\auth-Login-TS04---login-com-senha-em-branco-frontend-webkit-retry1\video.webm
    ────────────────────────────────────────────────────────────────────────────────────────────────

    attachment #4: trace (application/zip) ─────────────────────────────────────────────────────────
    ..\..\..\test-results\auth-Login-TS04---login-com-senha-em-branco-frontend-webkit-retry1\trace.zip
    Usage:

        npx playwright show-trace ..\..\..\test-results\auth-Login-TS04---login-com-senha-em-branco-frontend-webkit-retry1\trace.zip

    ────────────────────────────────────────────────────────────────────────────────────────────────
]]>
</failure>
<system-out>
<![CDATA[
[[ATTACHMENT|test-results\auth-Login-TS04---login-com-senha-em-branco-frontend-webkit\test-failed-1.png]]

[[ATTACHMENT|test-results\auth-Login-TS04---login-com-senha-em-branco-frontend-webkit\video.webm]]

[[ATTACHMENT|test-results\auth-Login-TS04---login-com-senha-em-branco-frontend-webkit-retry1\test-failed-1.png]]

[[ATTACHMENT|test-results\auth-Login-TS04---login-com-senha-em-branco-frontend-webkit-retry1\video.webm]]

[[ATTACHMENT|test-results\auth-Login-TS04---login-com-senha-em-branco-frontend-webkit-retry1\trace.zip]]
]]>
</system-out>
</testcase>
<testcase name="Login › TS05 - login com usuário em branco" classname="auth.spec.ts" time="9.678">
<failure message="auth.spec.ts:76:3 TS05 - login com usuário em branco" type="FAILURE">
<![CDATA[  [frontend-webkit] › auth.spec.ts:76:3 › Login › TS05 - login com usuário em branco ───────────────

    Error: page.goto: Could not connect to server
    Call log:
      - navigating to "http://localhost:5174/login", waiting until "load"


      75 |
      76 |   test('TS05 - login com usuário em branco', async ({ page, waitForPageLoad }) => {
    > 77 |     await page.goto('/login');
         |                ^
      78 |     await waitForPageLoad(page, 'login');
      79 |
      80 |     await page.fill(selectors.login.email, '');
        at D:\github-projects\tester.com\e2e\specs\frontend\auth.spec.ts:77:16

    attachment #1: screenshot (image/png) ──────────────────────────────────────────────────────────
    ..\..\..\test-results\auth-Login-TS05---login-com-usuário-em-branco-frontend-webkit\test-failed-1.png
    ────────────────────────────────────────────────────────────────────────────────────────────────

    attachment #3: video (video/webm) ──────────────────────────────────────────────────────────────
    ..\..\..\test-results\auth-Login-TS05---login-com-usuário-em-branco-frontend-webkit\video.webm
    ────────────────────────────────────────────────────────────────────────────────────────────────

    Retry #1 ───────────────────────────────────────────────────────────────────────────────────────

    Error: page.goto: Could not connect to server
    Call log:
      - navigating to "http://localhost:5174/login", waiting until "load"


      75 |
      76 |   test('TS05 - login com usuário em branco', async ({ page, waitForPageLoad }) => {
    > 77 |     await page.goto('/login');
         |                ^
      78 |     await waitForPageLoad(page, 'login');
      79 |
      80 |     await page.fill(selectors.login.email, '');
        at D:\github-projects\tester.com\e2e\specs\frontend\auth.spec.ts:77:16

    attachment #1: screenshot (image/png) ──────────────────────────────────────────────────────────
    ..\..\..\test-results\auth-Login-TS05---login-com-usuário-em-branco-frontend-webkit-retry1\test-failed-1.png
    ────────────────────────────────────────────────────────────────────────────────────────────────

    attachment #3: video (video/webm) ──────────────────────────────────────────────────────────────
    ..\..\..\test-results\auth-Login-TS05---login-com-usuário-em-branco-frontend-webkit-retry1\video.webm
    ────────────────────────────────────────────────────────────────────────────────────────────────

    attachment #4: trace (application/zip) ─────────────────────────────────────────────────────────
    ..\..\..\test-results\auth-Login-TS05---login-com-usuário-em-branco-frontend-webkit-retry1\trace.zip
    Usage:

        npx playwright show-trace ..\..\..\test-results\auth-Login-TS05---login-com-usuário-em-branco-frontend-webkit-retry1\trace.zip

    ────────────────────────────────────────────────────────────────────────────────────────────────
]]>
</failure>
<system-out>
<![CDATA[
[[ATTACHMENT|test-results\auth-Login-TS05---login-com-usuário-em-branco-frontend-webkit\test-failed-1.png]]

[[ATTACHMENT|test-results\auth-Login-TS05---login-com-usuário-em-branco-frontend-webkit\video.webm]]

[[ATTACHMENT|test-results\auth-Login-TS05---login-com-usuário-em-branco-frontend-webkit-retry1\test-failed-1.png]]

[[ATTACHMENT|test-results\auth-Login-TS05---login-com-usuário-em-branco-frontend-webkit-retry1\video.webm]]

[[ATTACHMENT|test-results\auth-Login-TS05---login-com-usuário-em-branco-frontend-webkit-retry1\trace.zip]]
]]>
</system-out>
</testcase>
<testcase name="Login › TS06 - deve manter estado autenticado após reload" classname="auth.spec.ts" time="9.662">
<failure message="auth.spec.ts:87:3 TS06 - deve manter estado autenticado após reload" type="FAILURE">
<![CDATA[  [frontend-webkit] › auth.spec.ts:87:3 › Login › TS06 - deve manter estado autenticado após reload 

    Error: page.goto: Could not connect to server
    Call log:
      - navigating to "http://localhost:5174/login", waiting until "load"


      86 |
      87 |   test('TS06 - deve manter estado autenticado após reload', async ({ page, waitForPageLoad }) => {
    > 88 |     await page.goto('/login');
         |                ^
      89 |     await waitForPageLoad(page, 'login');
      90 |
      91 |     await page.fill(selectors.login.email, 'valid@example.com');
        at D:\github-projects\tester.com\e2e\specs\frontend\auth.spec.ts:88:16

    attachment #1: screenshot (image/png) ──────────────────────────────────────────────────────────
    ..\..\..\test-results\auth-Login-TS06---deve-manter-estado-autenticado-após-reload-frontend-webkit\test-failed-1.png
    ────────────────────────────────────────────────────────────────────────────────────────────────

    attachment #3: video (video/webm) ──────────────────────────────────────────────────────────────
    ..\..\..\test-results\auth-Login-TS06---deve-manter-estado-autenticado-após-reload-frontend-webkit\video.webm
    ────────────────────────────────────────────────────────────────────────────────────────────────

    Retry #1 ───────────────────────────────────────────────────────────────────────────────────────

    Error: page.goto: Could not connect to server
    Call log:
      - navigating to "http://localhost:5174/login", waiting until "load"


      86 |
      87 |   test('TS06 - deve manter estado autenticado após reload', async ({ page, waitForPageLoad }) => {
    > 88 |     await page.goto('/login');
         |                ^
      89 |     await waitForPageLoad(page, 'login');
      90 |
      91 |     await page.fill(selectors.login.email, 'valid@example.com');
        at D:\github-projects\tester.com\e2e\specs\frontend\auth.spec.ts:88:16

    attachment #1: screenshot (image/png) ──────────────────────────────────────────────────────────
    ..\..\..\test-results\auth-Login-TS06---deve-manter-estado-autenticado-após-reload-frontend-webkit-retry1\test-failed-1.png
    ────────────────────────────────────────────────────────────────────────────────────────────────

    attachment #3: video (video/webm) ──────────────────────────────────────────────────────────────
    ..\..\..\test-results\auth-Login-TS06---deve-manter-estado-autenticado-após-reload-frontend-webkit-retry1\video.webm
    ────────────────────────────────────────────────────────────────────────────────────────────────

    attachment #4: trace (application/zip) ─────────────────────────────────────────────────────────
    ..\..\..\test-results\auth-Login-TS06---deve-manter-estado-autenticado-após-reload-frontend-webkit-retry1\trace.zip
    Usage:

        npx playwright show-trace ..\..\..\test-results\auth-Login-TS06---deve-manter-estado-autenticado-após-reload-frontend-webkit-retry1\trace.zip

    ────────────────────────────────────────────────────────────────────────────────────────────────
]]>
</failure>
<system-out>
<![CDATA[
[[ATTACHMENT|test-results\auth-Login-TS06---deve-manter-estado-autenticado-após-reload-frontend-webkit\test-failed-1.png]]

[[ATTACHMENT|test-results\auth-Login-TS06---deve-manter-estado-autenticado-após-reload-frontend-webkit\video.webm]]

[[ATTACHMENT|test-results\auth-Login-TS06---deve-manter-estado-autenticado-após-reload-frontend-webkit-retry1\test-failed-1.png]]

[[ATTACHMENT|test-results\auth-Login-TS06---deve-manter-estado-autenticado-após-reload-frontend-webkit-retry1\video.webm]]

[[ATTACHMENT|test-results\auth-Login-TS06---deve-manter-estado-autenticado-após-reload-frontend-webkit-retry1\trace.zip]]
]]>
</system-out>
</testcase>
</testsuite>
<testsuite name="cart-checkout.spec.ts" timestamp="2026-03-19T23:12:14.101Z" hostname="frontend-webkit" tests="3" failures="3" skipped="0" time="28.634" errors="0">
<testcase name="Cart and Checkout › TS01 usuário logado deve finalizar checkout e ir para thank-you" classname="cart-checkout.spec.ts" time="9.069">
<failure message="cart-checkout.spec.ts:35:3 TS01 usuário logado deve finalizar checkout e ir para thank-you" type="FAILURE">
<![CDATA[  [frontend-webkit] › cart-checkout.spec.ts:35:3 › Cart and Checkout › TS01 usuário logado deve finalizar checkout e ir para thank-you 

    Error: page.goto: Could not connect to server
    Call log:
      - navigating to "http://localhost:5174/", waiting until "load"


      42 |     });
      43 |
    > 44 |     await page.goto('/');
         |                ^
      45 |     await waitForPageLoad(page, 'catalog');
      46 |
      47 |     await page.getByRole('button', { name: /Adicionar ao Carrinho|Add to Cart/i }).first().click();
        at D:\github-projects\tester.com\e2e\specs\frontend\cart-checkout.spec.ts:44:16

    attachment #1: screenshot (image/png) ──────────────────────────────────────────────────────────
    ..\..\..\test-results\cart-checkout-Cart-and-Che-7c373-heckout-e-ir-para-thank-you-frontend-webkit\test-failed-1.png
    ────────────────────────────────────────────────────────────────────────────────────────────────

    attachment #3: video (video/webm) ──────────────────────────────────────────────────────────────
    ..\..\..\test-results\cart-checkout-Cart-and-Che-7c373-heckout-e-ir-para-thank-you-frontend-webkit\video.webm
    ────────────────────────────────────────────────────────────────────────────────────────────────

    Retry #1 ───────────────────────────────────────────────────────────────────────────────────────

    Error: page.goto: Could not connect to server
    Call log:
      - navigating to "http://localhost:5174/", waiting until "load"


      42 |     });
      43 |
    > 44 |     await page.goto('/');
         |                ^
      45 |     await waitForPageLoad(page, 'catalog');
      46 |
      47 |     await page.getByRole('button', { name: /Adicionar ao Carrinho|Add to Cart/i }).first().click();
        at D:\github-projects\tester.com\e2e\specs\frontend\cart-checkout.spec.ts:44:16

    attachment #1: screenshot (image/png) ──────────────────────────────────────────────────────────
    ..\..\..\test-results\cart-checkout-Cart-and-Che-7c373-heckout-e-ir-para-thank-you-frontend-webkit-retry1\test-failed-1.png
    ────────────────────────────────────────────────────────────────────────────────────────────────

    attachment #3: video (video/webm) ──────────────────────────────────────────────────────────────
    ..\..\..\test-results\cart-checkout-Cart-and-Che-7c373-heckout-e-ir-para-thank-you-frontend-webkit-retry1\video.webm
    ────────────────────────────────────────────────────────────────────────────────────────────────

    attachment #4: trace (application/zip) ─────────────────────────────────────────────────────────
    ..\..\..\test-results\cart-checkout-Cart-and-Che-7c373-heckout-e-ir-para-thank-you-frontend-webkit-retry1\trace.zip
    Usage:

        npx playwright show-trace ..\..\..\test-results\cart-checkout-Cart-and-Che-7c373-heckout-e-ir-para-thank-you-frontend-webkit-retry1\trace.zip

    ────────────────────────────────────────────────────────────────────────────────────────────────
]]>
</failure>
<system-out>
<![CDATA[
[[ATTACHMENT|test-results\cart-checkout-Cart-and-Che-7c373-heckout-e-ir-para-thank-you-frontend-webkit\test-failed-1.png]]

[[ATTACHMENT|test-results\cart-checkout-Cart-and-Che-7c373-heckout-e-ir-para-thank-you-frontend-webkit\video.webm]]

[[ATTACHMENT|test-results\cart-checkout-Cart-and-Che-7c373-heckout-e-ir-para-thank-you-frontend-webkit-retry1\test-failed-1.png]]

[[ATTACHMENT|test-results\cart-checkout-Cart-and-Che-7c373-heckout-e-ir-para-thank-you-frontend-webkit-retry1\video.webm]]

[[ATTACHMENT|test-results\cart-checkout-Cart-and-Che-7c373-heckout-e-ir-para-thank-you-frontend-webkit-retry1\trace.zip]]
]]>
</system-out>
</testcase>
<testcase name="Cart and Checkout › TS02 usuário não logado deve ser redirecionado para login com next" classname="cart-checkout.spec.ts" time="9.767">
<failure message="cart-checkout.spec.ts:58:3 TS02 usuário não logado deve ser redirecionado para login com next" type="FAILURE">
<![CDATA[  [frontend-webkit] › cart-checkout.spec.ts:58:3 › Cart and Checkout › TS02 usuário não logado deve ser redirecionado para login com next 

    Error: page.goto: Could not connect to server
    Call log:
      - navigating to "http://localhost:5174/", waiting until "load"


      57 |
      58 |   test('TS02 usuário não logado deve ser redirecionado para login com next', async ({ page, waitForPageLoad }) => {
    > 59 |     await page.goto('/');
         |                ^
      60 |     await waitForPageLoad(page, 'catalog');
      61 |
      62 |     await page.getByRole('button', { name: /Adicionar ao Carrinho|Add to Cart/i }).first().click();
        at D:\github-projects\tester.com\e2e\specs\frontend\cart-checkout.spec.ts:59:16

    attachment #1: screenshot (image/png) ──────────────────────────────────────────────────────────
    ..\..\..\test-results\cart-checkout-Cart-and-Che-5c439-cionado-para-login-com-next-frontend-webkit\test-failed-1.png
    ────────────────────────────────────────────────────────────────────────────────────────────────

    attachment #3: video (video/webm) ──────────────────────────────────────────────────────────────
    ..\..\..\test-results\cart-checkout-Cart-and-Che-5c439-cionado-para-login-com-next-frontend-webkit\video.webm
    ────────────────────────────────────────────────────────────────────────────────────────────────

    Retry #1 ───────────────────────────────────────────────────────────────────────────────────────

    Error: page.goto: Could not connect to server
    Call log:
      - navigating to "http://localhost:5174/", waiting until "load"


      57 |
      58 |   test('TS02 usuário não logado deve ser redirecionado para login com next', async ({ page, waitForPageLoad }) => {
    > 59 |     await page.goto('/');
         |                ^
      60 |     await waitForPageLoad(page, 'catalog');
      61 |
      62 |     await page.getByRole('button', { name: /Adicionar ao Carrinho|Add to Cart/i }).first().click();
        at D:\github-projects\tester.com\e2e\specs\frontend\cart-checkout.spec.ts:59:16

    attachment #1: screenshot (image/png) ──────────────────────────────────────────────────────────
    ..\..\..\test-results\cart-checkout-Cart-and-Che-5c439-cionado-para-login-com-next-frontend-webkit-retry1\test-failed-1.png
    ────────────────────────────────────────────────────────────────────────────────────────────────

    attachment #3: video (video/webm) ──────────────────────────────────────────────────────────────
    ..\..\..\test-results\cart-checkout-Cart-and-Che-5c439-cionado-para-login-com-next-frontend-webkit-retry1\video.webm
    ────────────────────────────────────────────────────────────────────────────────────────────────

    attachment #4: trace (application/zip) ─────────────────────────────────────────────────────────
    ..\..\..\test-results\cart-checkout-Cart-and-Che-5c439-cionado-para-login-com-next-frontend-webkit-retry1\trace.zip
    Usage:

        npx playwright show-trace ..\..\..\test-results\cart-checkout-Cart-and-Che-5c439-cionado-para-login-com-next-frontend-webkit-retry1\trace.zip

    ────────────────────────────────────────────────────────────────────────────────────────────────
]]>
</failure>
<system-out>
<![CDATA[
[[ATTACHMENT|test-results\cart-checkout-Cart-and-Che-5c439-cionado-para-login-com-next-frontend-webkit\test-failed-1.png]]

[[ATTACHMENT|test-results\cart-checkout-Cart-and-Che-5c439-cionado-para-login-com-next-frontend-webkit\video.webm]]

[[ATTACHMENT|test-results\cart-checkout-Cart-and-Che-5c439-cionado-para-login-com-next-frontend-webkit-retry1\test-failed-1.png]]

[[ATTACHMENT|test-results\cart-checkout-Cart-and-Che-5c439-cionado-para-login-com-next-frontend-webkit-retry1\video.webm]]

[[ATTACHMENT|test-results\cart-checkout-Cart-and-Che-5c439-cionado-para-login-com-next-frontend-webkit-retry1\trace.zip]]
]]>
</system-out>
</testcase>
<testcase name="Cart and Checkout › TS03 carrinho vazio deve manter checkout desabilitado" classname="cart-checkout.spec.ts" time="9.798">
<failure message="cart-checkout.spec.ts:70:3 TS03 carrinho vazio deve manter checkout desabilitado" type="FAILURE">
<![CDATA[  [frontend-webkit] › cart-checkout.spec.ts:70:3 › Cart and Checkout › TS03 carrinho vazio deve manter checkout desabilitado 

    Error: page.goto: Could not connect to server
    Call log:
      - navigating to "http://localhost:5174/cart", waiting until "load"


      69 |
      70 |   test('TS03 carrinho vazio deve manter checkout desabilitado', async ({ page }) => {
    > 71 |     await page.goto('/cart');
         |                ^
      72 |     await expect(page.locator('body')).toContainText('Meu Carrinho');
      73 |     await expect(page.locator('body')).toContainText('Seu carrinho está vazio');
      74 |     await expect(page.locator('body')).toContainText('Adicione produtos do catálogo para começar.');
        at D:\github-projects\tester.com\e2e\specs\frontend\cart-checkout.spec.ts:71:16

    attachment #1: screenshot (image/png) ──────────────────────────────────────────────────────────
    ..\..\..\test-results\cart-checkout-Cart-and-Che-71a2b-anter-checkout-desabilitado-frontend-webkit\test-failed-1.png
    ────────────────────────────────────────────────────────────────────────────────────────────────

    attachment #3: video (video/webm) ──────────────────────────────────────────────────────────────
    ..\..\..\test-results\cart-checkout-Cart-and-Che-71a2b-anter-checkout-desabilitado-frontend-webkit\video.webm
    ────────────────────────────────────────────────────────────────────────────────────────────────

    Retry #1 ───────────────────────────────────────────────────────────────────────────────────────

    Error: page.goto: Could not connect to server
    Call log:
      - navigating to "http://localhost:5174/cart", waiting until "load"


      69 |
      70 |   test('TS03 carrinho vazio deve manter checkout desabilitado', async ({ page }) => {
    > 71 |     await page.goto('/cart');
         |                ^
      72 |     await expect(page.locator('body')).toContainText('Meu Carrinho');
      73 |     await expect(page.locator('body')).toContainText('Seu carrinho está vazio');
      74 |     await expect(page.locator('body')).toContainText('Adicione produtos do catálogo para começar.');
        at D:\github-projects\tester.com\e2e\specs\frontend\cart-checkout.spec.ts:71:16

    attachment #1: screenshot (image/png) ──────────────────────────────────────────────────────────
    ..\..\..\test-results\cart-checkout-Cart-and-Che-71a2b-anter-checkout-desabilitado-frontend-webkit-retry1\test-failed-1.png
    ────────────────────────────────────────────────────────────────────────────────────────────────

    attachment #3: video (video/webm) ──────────────────────────────────────────────────────────────
    ..\..\..\test-results\cart-checkout-Cart-and-Che-71a2b-anter-checkout-desabilitado-frontend-webkit-retry1\video.webm
    ────────────────────────────────────────────────────────────────────────────────────────────────

    attachment #4: trace (application/zip) ─────────────────────────────────────────────────────────
    ..\..\..\test-results\cart-checkout-Cart-and-Che-71a2b-anter-checkout-desabilitado-frontend-webkit-retry1\trace.zip
    Usage:

        npx playwright show-trace ..\..\..\test-results\cart-checkout-Cart-and-Che-71a2b-anter-checkout-desabilitado-frontend-webkit-retry1\trace.zip

    ────────────────────────────────────────────────────────────────────────────────────────────────
]]>
</failure>
<system-out>
<![CDATA[
[[ATTACHMENT|test-results\cart-checkout-Cart-and-Che-71a2b-anter-checkout-desabilitado-frontend-webkit\test-failed-1.png]]

[[ATTACHMENT|test-results\cart-checkout-Cart-and-Che-71a2b-anter-checkout-desabilitado-frontend-webkit\video.webm]]

[[ATTACHMENT|test-results\cart-checkout-Cart-and-Che-71a2b-anter-checkout-desabilitado-frontend-webkit-retry1\test-failed-1.png]]

[[ATTACHMENT|test-results\cart-checkout-Cart-and-Che-71a2b-anter-checkout-desabilitado-frontend-webkit-retry1\video.webm]]

[[ATTACHMENT|test-results\cart-checkout-Cart-and-Che-71a2b-anter-checkout-desabilitado-frontend-webkit-retry1\trace.zip]]
]]>
</system-out>
</testcase>
</testsuite>
<testsuite name="catalog.spec.ts" timestamp="2026-03-19T23:12:14.101Z" hostname="frontend-webkit" tests="5" failures="5" skipped="0" time="47.161" errors="0">
<testcase name="Catalog Page › TS01 deve listar produtos ao carregar página" classname="catalog.spec.ts" time="8.734">
<failure message="catalog.spec.ts:45:3 TS01 deve listar produtos ao carregar página" type="FAILURE">
<![CDATA[  [frontend-webkit] › catalog.spec.ts:45:3 › Catalog Page › TS01 deve listar produtos ao carregar página 

    Error: page.goto: Could not connect to server
    Call log:
      - navigating to "http://localhost:5174/", waiting until "load"


      40 |     });
      41 |
    > 42 |     await page.goto('/');
         |                ^
      43 |   });
      44 |
      45 |   test('TS01 deve listar produtos ao carregar página', async ({ page, waitForPageLoad }) => {
        at D:\github-projects\tester.com\e2e\specs\frontend\catalog.spec.ts:42:16

    attachment #1: screenshot (image/png) ──────────────────────────────────────────────────────────
    ..\..\..\test-results\catalog-Catalog-Page-TS01--55a04-produtos-ao-carregar-página-frontend-webkit\test-failed-1.png
    ────────────────────────────────────────────────────────────────────────────────────────────────

    attachment #3: video (video/webm) ──────────────────────────────────────────────────────────────
    ..\..\..\test-results\catalog-Catalog-Page-TS01--55a04-produtos-ao-carregar-página-frontend-webkit\video.webm
    ────────────────────────────────────────────────────────────────────────────────────────────────

    Retry #1 ───────────────────────────────────────────────────────────────────────────────────────

    Error: page.goto: Could not connect to server
    Call log:
      - navigating to "http://localhost:5174/", waiting until "load"


      40 |     });
      41 |
    > 42 |     await page.goto('/');
         |                ^
      43 |   });
      44 |
      45 |   test('TS01 deve listar produtos ao carregar página', async ({ page, waitForPageLoad }) => {
        at D:\github-projects\tester.com\e2e\specs\frontend\catalog.spec.ts:42:16

    attachment #1: screenshot (image/png) ──────────────────────────────────────────────────────────
    ..\..\..\test-results\catalog-Catalog-Page-TS01--55a04-produtos-ao-carregar-página-frontend-webkit-retry1\test-failed-1.png
    ────────────────────────────────────────────────────────────────────────────────────────────────

    attachment #3: video (video/webm) ──────────────────────────────────────────────────────────────
    ..\..\..\test-results\catalog-Catalog-Page-TS01--55a04-produtos-ao-carregar-página-frontend-webkit-retry1\video.webm
    ────────────────────────────────────────────────────────────────────────────────────────────────

    attachment #4: trace (application/zip) ─────────────────────────────────────────────────────────
    ..\..\..\test-results\catalog-Catalog-Page-TS01--55a04-produtos-ao-carregar-página-frontend-webkit-retry1\trace.zip
    Usage:

        npx playwright show-trace ..\..\..\test-results\catalog-Catalog-Page-TS01--55a04-produtos-ao-carregar-página-frontend-webkit-retry1\trace.zip

    ────────────────────────────────────────────────────────────────────────────────────────────────
]]>
</failure>
<system-out>
<![CDATA[
[[ATTACHMENT|test-results\catalog-Catalog-Page-TS01--55a04-produtos-ao-carregar-página-frontend-webkit\test-failed-1.png]]

[[ATTACHMENT|test-results\catalog-Catalog-Page-TS01--55a04-produtos-ao-carregar-página-frontend-webkit\video.webm]]

[[ATTACHMENT|test-results\catalog-Catalog-Page-TS01--55a04-produtos-ao-carregar-página-frontend-webkit-retry1\test-failed-1.png]]

[[ATTACHMENT|test-results\catalog-Catalog-Page-TS01--55a04-produtos-ao-carregar-página-frontend-webkit-retry1\video.webm]]

[[ATTACHMENT|test-results\catalog-Catalog-Page-TS01--55a04-produtos-ao-carregar-página-frontend-webkit-retry1\trace.zip]]
]]>
</system-out>
</testcase>
<testcase name="Catalog Page › TS02 deve permitir busca por texto e atualizar contagem" classname="catalog.spec.ts" time="9.17">
<failure message="catalog.spec.ts:51:3 TS02 deve permitir busca por texto e atualizar contagem" type="FAILURE">
<![CDATA[  [frontend-webkit] › catalog.spec.ts:51:3 › Catalog Page › TS02 deve permitir busca por texto e atualizar contagem 

    Error: page.goto: Could not connect to server
    Call log:
      - navigating to "http://localhost:5174/", waiting until "load"


      40 |     });
      41 |
    > 42 |     await page.goto('/');
         |                ^
      43 |   });
      44 |
      45 |   test('TS01 deve listar produtos ao carregar página', async ({ page, waitForPageLoad }) => {
        at D:\github-projects\tester.com\e2e\specs\frontend\catalog.spec.ts:42:16

    attachment #1: screenshot (image/png) ──────────────────────────────────────────────────────────
    ..\..\..\test-results\catalog-Catalog-Page-TS02--93567--texto-e-atualizar-contagem-frontend-webkit\test-failed-1.png
    ────────────────────────────────────────────────────────────────────────────────────────────────

    attachment #3: video (video/webm) ──────────────────────────────────────────────────────────────
    ..\..\..\test-results\catalog-Catalog-Page-TS02--93567--texto-e-atualizar-contagem-frontend-webkit\video.webm
    ────────────────────────────────────────────────────────────────────────────────────────────────

    Retry #1 ───────────────────────────────────────────────────────────────────────────────────────

    Error: page.goto: Could not connect to server
    Call log:
      - navigating to "http://localhost:5174/", waiting until "load"


      40 |     });
      41 |
    > 42 |     await page.goto('/');
         |                ^
      43 |   });
      44 |
      45 |   test('TS01 deve listar produtos ao carregar página', async ({ page, waitForPageLoad }) => {
        at D:\github-projects\tester.com\e2e\specs\frontend\catalog.spec.ts:42:16

    attachment #1: screenshot (image/png) ──────────────────────────────────────────────────────────
    ..\..\..\test-results\catalog-Catalog-Page-TS02--93567--texto-e-atualizar-contagem-frontend-webkit-retry1\test-failed-1.png
    ────────────────────────────────────────────────────────────────────────────────────────────────

    attachment #3: video (video/webm) ──────────────────────────────────────────────────────────────
    ..\..\..\test-results\catalog-Catalog-Page-TS02--93567--texto-e-atualizar-contagem-frontend-webkit-retry1\video.webm
    ────────────────────────────────────────────────────────────────────────────────────────────────

    attachment #4: trace (application/zip) ─────────────────────────────────────────────────────────
    ..\..\..\test-results\catalog-Catalog-Page-TS02--93567--texto-e-atualizar-contagem-frontend-webkit-retry1\trace.zip
    Usage:

        npx playwright show-trace ..\..\..\test-results\catalog-Catalog-Page-TS02--93567--texto-e-atualizar-contagem-frontend-webkit-retry1\trace.zip

    ────────────────────────────────────────────────────────────────────────────────────────────────
]]>
</failure>
<system-out>
<![CDATA[
[[ATTACHMENT|test-results\catalog-Catalog-Page-TS02--93567--texto-e-atualizar-contagem-frontend-webkit\test-failed-1.png]]

[[ATTACHMENT|test-results\catalog-Catalog-Page-TS02--93567--texto-e-atualizar-contagem-frontend-webkit\video.webm]]

[[ATTACHMENT|test-results\catalog-Catalog-Page-TS02--93567--texto-e-atualizar-contagem-frontend-webkit-retry1\test-failed-1.png]]

[[ATTACHMENT|test-results\catalog-Catalog-Page-TS02--93567--texto-e-atualizar-contagem-frontend-webkit-retry1\video.webm]]

[[ATTACHMENT|test-results\catalog-Catalog-Page-TS02--93567--texto-e-atualizar-contagem-frontend-webkit-retry1\trace.zip]]
]]>
</system-out>
</testcase>
<testcase name="Catalog Page › TS03 deve aplicar filtro por categoria" classname="catalog.spec.ts" time="10.25">
<failure message="catalog.spec.ts:60:3 TS03 deve aplicar filtro por categoria" type="FAILURE">
<![CDATA[  [frontend-webkit] › catalog.spec.ts:60:3 › Catalog Page › TS03 deve aplicar filtro por categoria ─

    Error: page.goto: Could not connect to server
    Call log:
      - navigating to "http://localhost:5174/", waiting until "load"


      40 |     });
      41 |
    > 42 |     await page.goto('/');
         |                ^
      43 |   });
      44 |
      45 |   test('TS01 deve listar produtos ao carregar página', async ({ page, waitForPageLoad }) => {
        at D:\github-projects\tester.com\e2e\specs\frontend\catalog.spec.ts:42:16

    attachment #1: screenshot (image/png) ──────────────────────────────────────────────────────────
    ..\..\..\test-results\catalog-Catalog-Page-TS03-deve-aplicar-filtro-por-categoria-frontend-webkit\test-failed-1.png
    ────────────────────────────────────────────────────────────────────────────────────────────────

    attachment #3: video (video/webm) ──────────────────────────────────────────────────────────────
    ..\..\..\test-results\catalog-Catalog-Page-TS03-deve-aplicar-filtro-por-categoria-frontend-webkit\video.webm
    ────────────────────────────────────────────────────────────────────────────────────────────────

    Retry #1 ───────────────────────────────────────────────────────────────────────────────────────

    Error: page.goto: Could not connect to server
    Call log:
      - navigating to "http://localhost:5174/", waiting until "load"


      40 |     });
      41 |
    > 42 |     await page.goto('/');
         |                ^
      43 |   });
      44 |
      45 |   test('TS01 deve listar produtos ao carregar página', async ({ page, waitForPageLoad }) => {
        at D:\github-projects\tester.com\e2e\specs\frontend\catalog.spec.ts:42:16

    attachment #1: screenshot (image/png) ──────────────────────────────────────────────────────────
    ..\..\..\test-results\catalog-Catalog-Page-TS03-deve-aplicar-filtro-por-categoria-frontend-webkit-retry1\test-failed-1.png
    ────────────────────────────────────────────────────────────────────────────────────────────────

    attachment #3: video (video/webm) ──────────────────────────────────────────────────────────────
    ..\..\..\test-results\catalog-Catalog-Page-TS03-deve-aplicar-filtro-por-categoria-frontend-webkit-retry1\video.webm
    ────────────────────────────────────────────────────────────────────────────────────────────────

    attachment #4: trace (application/zip) ─────────────────────────────────────────────────────────
    ..\..\..\test-results\catalog-Catalog-Page-TS03-deve-aplicar-filtro-por-categoria-frontend-webkit-retry1\trace.zip
    Usage:

        npx playwright show-trace ..\..\..\test-results\catalog-Catalog-Page-TS03-deve-aplicar-filtro-por-categoria-frontend-webkit-retry1\trace.zip

    ────────────────────────────────────────────────────────────────────────────────────────────────
]]>
</failure>
<system-out>
<![CDATA[
[[ATTACHMENT|test-results\catalog-Catalog-Page-TS03-deve-aplicar-filtro-por-categoria-frontend-webkit\test-failed-1.png]]

[[ATTACHMENT|test-results\catalog-Catalog-Page-TS03-deve-aplicar-filtro-por-categoria-frontend-webkit\video.webm]]

[[ATTACHMENT|test-results\catalog-Catalog-Page-TS03-deve-aplicar-filtro-por-categoria-frontend-webkit-retry1\test-failed-1.png]]

[[ATTACHMENT|test-results\catalog-Catalog-Page-TS03-deve-aplicar-filtro-por-categoria-frontend-webkit-retry1\video.webm]]

[[ATTACHMENT|test-results\catalog-Catalog-Page-TS03-deve-aplicar-filtro-por-categoria-frontend-webkit-retry1\trace.zip]]
]]>
</system-out>
</testcase>
<testcase name="Catalog Page › TS04 deve mostrar estado vazio quando busca não retorna itens" classname="catalog.spec.ts" time="9.434">
<failure message="catalog.spec.ts:68:3 TS04 deve mostrar estado vazio quando busca não retorna itens" type="FAILURE">
<![CDATA[  [frontend-webkit] › catalog.spec.ts:68:3 › Catalog Page › TS04 deve mostrar estado vazio quando busca não retorna itens 

    Error: page.goto: Could not connect to server
    Call log:
      - navigating to "http://localhost:5174/", waiting until "load"


      40 |     });
      41 |
    > 42 |     await page.goto('/');
         |                ^
      43 |   });
      44 |
      45 |   test('TS01 deve listar produtos ao carregar página', async ({ page, waitForPageLoad }) => {
        at D:\github-projects\tester.com\e2e\specs\frontend\catalog.spec.ts:42:16

    attachment #1: screenshot (image/png) ──────────────────────────────────────────────────────────
    ..\..\..\test-results\catalog-Catalog-Page-TS04--89fc2-ndo-busca-não-retorna-itens-frontend-webkit\test-failed-1.png
    ────────────────────────────────────────────────────────────────────────────────────────────────

    attachment #3: video (video/webm) ──────────────────────────────────────────────────────────────
    ..\..\..\test-results\catalog-Catalog-Page-TS04--89fc2-ndo-busca-não-retorna-itens-frontend-webkit\video.webm
    ────────────────────────────────────────────────────────────────────────────────────────────────

    Retry #1 ───────────────────────────────────────────────────────────────────────────────────────

    Error: page.goto: Could not connect to server
    Call log:
      - navigating to "http://localhost:5174/", waiting until "load"


      40 |     });
      41 |
    > 42 |     await page.goto('/');
         |                ^
      43 |   });
      44 |
      45 |   test('TS01 deve listar produtos ao carregar página', async ({ page, waitForPageLoad }) => {
        at D:\github-projects\tester.com\e2e\specs\frontend\catalog.spec.ts:42:16

    attachment #1: screenshot (image/png) ──────────────────────────────────────────────────────────
    ..\..\..\test-results\catalog-Catalog-Page-TS04--89fc2-ndo-busca-não-retorna-itens-frontend-webkit-retry1\test-failed-1.png
    ────────────────────────────────────────────────────────────────────────────────────────────────

    attachment #3: video (video/webm) ──────────────────────────────────────────────────────────────
    ..\..\..\test-results\catalog-Catalog-Page-TS04--89fc2-ndo-busca-não-retorna-itens-frontend-webkit-retry1\video.webm
    ────────────────────────────────────────────────────────────────────────────────────────────────

    attachment #4: trace (application/zip) ─────────────────────────────────────────────────────────
    ..\..\..\test-results\catalog-Catalog-Page-TS04--89fc2-ndo-busca-não-retorna-itens-frontend-webkit-retry1\trace.zip
    Usage:

        npx playwright show-trace ..\..\..\test-results\catalog-Catalog-Page-TS04--89fc2-ndo-busca-não-retorna-itens-frontend-webkit-retry1\trace.zip

    ────────────────────────────────────────────────────────────────────────────────────────────────
]]>
</failure>
<system-out>
<![CDATA[
[[ATTACHMENT|test-results\catalog-Catalog-Page-TS04--89fc2-ndo-busca-não-retorna-itens-frontend-webkit\test-failed-1.png]]

[[ATTACHMENT|test-results\catalog-Catalog-Page-TS04--89fc2-ndo-busca-não-retorna-itens-frontend-webkit\video.webm]]

[[ATTACHMENT|test-results\catalog-Catalog-Page-TS04--89fc2-ndo-busca-não-retorna-itens-frontend-webkit-retry1\test-failed-1.png]]

[[ATTACHMENT|test-results\catalog-Catalog-Page-TS04--89fc2-ndo-busca-não-retorna-itens-frontend-webkit-retry1\video.webm]]

[[ATTACHMENT|test-results\catalog-Catalog-Page-TS04--89fc2-ndo-busca-não-retorna-itens-frontend-webkit-retry1\trace.zip]]
]]>
</system-out>
</testcase>
<testcase name="Catalog Page › TS05 deve navegar para detalhes ao clicar no produto" classname="catalog.spec.ts" time="9.573">
<failure message="catalog.spec.ts:75:3 TS05 deve navegar para detalhes ao clicar no produto" type="FAILURE">
<![CDATA[  [frontend-webkit] › catalog.spec.ts:75:3 › Catalog Page › TS05 deve navegar para detalhes ao clicar no produto 

    Error: page.goto: Could not connect to server
    Call log:
      - navigating to "http://localhost:5174/", waiting until "load"


      40 |     });
      41 |
    > 42 |     await page.goto('/');
         |                ^
      43 |   });
      44 |
      45 |   test('TS01 deve listar produtos ao carregar página', async ({ page, waitForPageLoad }) => {
        at D:\github-projects\tester.com\e2e\specs\frontend\catalog.spec.ts:42:16

    attachment #1: screenshot (image/png) ──────────────────────────────────────────────────────────
    ..\..\..\test-results\catalog-Catalog-Page-TS05--9153a-talhes-ao-clicar-no-produto-frontend-webkit\test-failed-1.png
    ────────────────────────────────────────────────────────────────────────────────────────────────

    attachment #3: video (video/webm) ──────────────────────────────────────────────────────────────
    ..\..\..\test-results\catalog-Catalog-Page-TS05--9153a-talhes-ao-clicar-no-produto-frontend-webkit\video.webm
    ────────────────────────────────────────────────────────────────────────────────────────────────

    Retry #1 ───────────────────────────────────────────────────────────────────────────────────────

    Error: page.goto: Could not connect to server
    Call log:
      - navigating to "http://localhost:5174/", waiting until "load"


      40 |     });
      41 |
    > 42 |     await page.goto('/');
         |                ^
      43 |   });
      44 |
      45 |   test('TS01 deve listar produtos ao carregar página', async ({ page, waitForPageLoad }) => {
        at D:\github-projects\tester.com\e2e\specs\frontend\catalog.spec.ts:42:16

    attachment #1: screenshot (image/png) ──────────────────────────────────────────────────────────
    ..\..\..\test-results\catalog-Catalog-Page-TS05--9153a-talhes-ao-clicar-no-produto-frontend-webkit-retry1\test-failed-1.png
    ────────────────────────────────────────────────────────────────────────────────────────────────

    attachment #3: video (video/webm) ──────────────────────────────────────────────────────────────
    ..\..\..\test-results\catalog-Catalog-Page-TS05--9153a-talhes-ao-clicar-no-produto-frontend-webkit-retry1\video.webm
    ────────────────────────────────────────────────────────────────────────────────────────────────

    attachment #4: trace (application/zip) ─────────────────────────────────────────────────────────
    ..\..\..\test-results\catalog-Catalog-Page-TS05--9153a-talhes-ao-clicar-no-produto-frontend-webkit-retry1\trace.zip
    Usage:

        npx playwright show-trace ..\..\..\test-results\catalog-Catalog-Page-TS05--9153a-talhes-ao-clicar-no-produto-frontend-webkit-retry1\trace.zip

    ────────────────────────────────────────────────────────────────────────────────────────────────
]]>
</failure>
<system-out>
<![CDATA[
[[ATTACHMENT|test-results\catalog-Catalog-Page-TS05--9153a-talhes-ao-clicar-no-produto-frontend-webkit\test-failed-1.png]]

[[ATTACHMENT|test-results\catalog-Catalog-Page-TS05--9153a-talhes-ao-clicar-no-produto-frontend-webkit\video.webm]]

[[ATTACHMENT|test-results\catalog-Catalog-Page-TS05--9153a-talhes-ao-clicar-no-produto-frontend-webkit-retry1\test-failed-1.png]]

[[ATTACHMENT|test-results\catalog-Catalog-Page-TS05--9153a-talhes-ao-clicar-no-produto-frontend-webkit-retry1\video.webm]]

[[ATTACHMENT|test-results\catalog-Catalog-Page-TS05--9153a-talhes-ao-clicar-no-produto-frontend-webkit-retry1\trace.zip]]
]]>
</system-out>
</testcase>
</testsuite>
<testsuite name="product-details.spec.ts" timestamp="2026-03-19T23:12:14.101Z" hostname="frontend-webkit" tests="4" failures="4" skipped="0" time="39.787" errors="0">
<testcase name="Product Details › TS01 deve exibir dados principais do produto" classname="product-details.spec.ts" time="10.212">
<failure message="product-details.spec.ts:38:3 TS01 deve exibir dados principais do produto" type="FAILURE">
<![CDATA[  [frontend-webkit] › product-details.spec.ts:38:3 › Product Details › TS01 deve exibir dados principais do produto 

    Error: page.goto: Could not connect to server
    Call log:
      - navigating to "http://localhost:5174/product/1", waiting until "load"


      37 |
      38 |   test('TS01 deve exibir dados principais do produto', async ({ page, waitForPageLoad }) => {
    > 39 |     await page.goto('/product/1');
         |                ^
      40 |     await waitForPageLoad(page, 'productDetails');
      41 |
      42 |     // Verify product heading
        at D:\github-projects\tester.com\e2e\specs\frontend\product-details.spec.ts:39:16

    attachment #1: screenshot (image/png) ──────────────────────────────────────────────────────────
    ..\..\..\test-results\product-details-Product-De-30180-dados-principais-do-produto-frontend-webkit\test-failed-1.png
    ────────────────────────────────────────────────────────────────────────────────────────────────

    attachment #3: video (video/webm) ──────────────────────────────────────────────────────────────
    ..\..\..\test-results\product-details-Product-De-30180-dados-principais-do-produto-frontend-webkit\video.webm
    ────────────────────────────────────────────────────────────────────────────────────────────────

    Retry #1 ───────────────────────────────────────────────────────────────────────────────────────

    Error: page.goto: Could not connect to server
    Call log:
      - navigating to "http://localhost:5174/product/1", waiting until "load"


      37 |
      38 |   test('TS01 deve exibir dados principais do produto', async ({ page, waitForPageLoad }) => {
    > 39 |     await page.goto('/product/1');
         |                ^
      40 |     await waitForPageLoad(page, 'productDetails');
      41 |
      42 |     // Verify product heading
        at D:\github-projects\tester.com\e2e\specs\frontend\product-details.spec.ts:39:16

    attachment #1: screenshot (image/png) ──────────────────────────────────────────────────────────
    ..\..\..\test-results\product-details-Product-De-30180-dados-principais-do-produto-frontend-webkit-retry1\test-failed-1.png
    ────────────────────────────────────────────────────────────────────────────────────────────────

    attachment #3: video (video/webm) ──────────────────────────────────────────────────────────────
    ..\..\..\test-results\product-details-Product-De-30180-dados-principais-do-produto-frontend-webkit-retry1\video.webm
    ────────────────────────────────────────────────────────────────────────────────────────────────

    attachment #4: trace (application/zip) ─────────────────────────────────────────────────────────
    ..\..\..\test-results\product-details-Product-De-30180-dados-principais-do-produto-frontend-webkit-retry1\trace.zip
    Usage:

        npx playwright show-trace ..\..\..\test-results\product-details-Product-De-30180-dados-principais-do-produto-frontend-webkit-retry1\trace.zip

    ────────────────────────────────────────────────────────────────────────────────────────────────
]]>
</failure>
<system-out>
<![CDATA[
[[ATTACHMENT|test-results\product-details-Product-De-30180-dados-principais-do-produto-frontend-webkit\test-failed-1.png]]

[[ATTACHMENT|test-results\product-details-Product-De-30180-dados-principais-do-produto-frontend-webkit\video.webm]]

[[ATTACHMENT|test-results\product-details-Product-De-30180-dados-principais-do-produto-frontend-webkit-retry1\test-failed-1.png]]

[[ATTACHMENT|test-results\product-details-Product-De-30180-dados-principais-do-produto-frontend-webkit-retry1\video.webm]]

[[ATTACHMENT|test-results\product-details-Product-De-30180-dados-principais-do-produto-frontend-webkit-retry1\trace.zip]]
]]>
</system-out>
</testcase>
<testcase name="Product Details › TS02/TS03 deve permitir adicionar ao carrinho e atualizar badge" classname="product-details.spec.ts" time="9.983">
<failure message="product-details.spec.ts:50:3 TS02/TS03 deve permitir adicionar ao carrinho e atualizar badge" type="FAILURE">
<![CDATA[  [frontend-webkit] › product-details.spec.ts:50:3 › Product Details › TS02/TS03 deve permitir adicionar ao carrinho e atualizar badge 

    Error: page.goto: Could not connect to server
    Call log:
      - navigating to "http://localhost:5174/product/1", waiting until "load"


      49 |
      50 |   test('TS02/TS03 deve permitir adicionar ao carrinho e atualizar badge', async ({ page, waitForPageLoad }) => {
    > 51 |     await page.goto('/product/1');
         |                ^
      52 |     await waitForPageLoad(page, 'productDetails');
      53 |
      54 |     // Open MUI quantity dropdown using ARIA attributes for resilience
        at D:\github-projects\tester.com\e2e\specs\frontend\product-details.spec.ts:51:16

    attachment #1: screenshot (image/png) ──────────────────────────────────────────────────────────
    ..\..\..\test-results\product-details-Product-De-ae605--carrinho-e-atualizar-badge-frontend-webkit\test-failed-1.png
    ────────────────────────────────────────────────────────────────────────────────────────────────

    attachment #3: video (video/webm) ──────────────────────────────────────────────────────────────
    ..\..\..\test-results\product-details-Product-De-ae605--carrinho-e-atualizar-badge-frontend-webkit\video.webm
    ────────────────────────────────────────────────────────────────────────────────────────────────

    Retry #1 ───────────────────────────────────────────────────────────────────────────────────────

    Error: page.goto: Could not connect to server
    Call log:
      - navigating to "http://localhost:5174/product/1", waiting until "load"


      49 |
      50 |   test('TS02/TS03 deve permitir adicionar ao carrinho e atualizar badge', async ({ page, waitForPageLoad }) => {
    > 51 |     await page.goto('/product/1');
         |                ^
      52 |     await waitForPageLoad(page, 'productDetails');
      53 |
      54 |     // Open MUI quantity dropdown using ARIA attributes for resilience
        at D:\github-projects\tester.com\e2e\specs\frontend\product-details.spec.ts:51:16

    attachment #1: screenshot (image/png) ──────────────────────────────────────────────────────────
    ..\..\..\test-results\product-details-Product-De-ae605--carrinho-e-atualizar-badge-frontend-webkit-retry1\test-failed-1.png
    ────────────────────────────────────────────────────────────────────────────────────────────────

    attachment #3: video (video/webm) ──────────────────────────────────────────────────────────────
    ..\..\..\test-results\product-details-Product-De-ae605--carrinho-e-atualizar-badge-frontend-webkit-retry1\video.webm
    ────────────────────────────────────────────────────────────────────────────────────────────────

    attachment #4: trace (application/zip) ─────────────────────────────────────────────────────────
    ..\..\..\test-results\product-details-Product-De-ae605--carrinho-e-atualizar-badge-frontend-webkit-retry1\trace.zip
    Usage:

        npx playwright show-trace ..\..\..\test-results\product-details-Product-De-ae605--carrinho-e-atualizar-badge-frontend-webkit-retry1\trace.zip

    ────────────────────────────────────────────────────────────────────────────────────────────────
]]>
</failure>
<system-out>
<![CDATA[
[[ATTACHMENT|test-results\product-details-Product-De-ae605--carrinho-e-atualizar-badge-frontend-webkit\test-failed-1.png]]

[[ATTACHMENT|test-results\product-details-Product-De-ae605--carrinho-e-atualizar-badge-frontend-webkit\video.webm]]

[[ATTACHMENT|test-results\product-details-Product-De-ae605--carrinho-e-atualizar-badge-frontend-webkit-retry1\test-failed-1.png]]

[[ATTACHMENT|test-results\product-details-Product-De-ae605--carrinho-e-atualizar-badge-frontend-webkit-retry1\video.webm]]

[[ATTACHMENT|test-results\product-details-Product-De-ae605--carrinho-e-atualizar-badge-frontend-webkit-retry1\trace.zip]]
]]>
</system-out>
</testcase>
<testcase name="Product Details › TS04 deve tratar ID inválido" classname="product-details.spec.ts" time="9.391">
<failure message="product-details.spec.ts:67:3 TS04 deve tratar ID inválido" type="FAILURE">
<![CDATA[  [frontend-webkit] › product-details.spec.ts:67:3 › Product Details › TS04 deve tratar ID inválido 

    Error: page.goto: Could not connect to server
    Call log:
      - navigating to "http://localhost:5174/product/99999", waiting until "load"


      67 |   test('TS04 deve tratar ID inválido', async ({ page }) => {
      68 |     // Navigate to non-existent product
    > 69 |     await page.goto('/product/99999');
         |                ^
      70 |     // Verify error message is displayed
      71 |     await expect(page.getByText(/Produto não encontrado|Product not found/i)).toBeVisible();
      72 |   });
        at D:\github-projects\tester.com\e2e\specs\frontend\product-details.spec.ts:69:16

    attachment #1: screenshot (image/png) ──────────────────────────────────────────────────────────
    ..\..\..\test-results\product-details-Product-Details-TS04-deve-tratar-ID-inválido-frontend-webkit\test-failed-1.png
    ────────────────────────────────────────────────────────────────────────────────────────────────

    attachment #3: video (video/webm) ──────────────────────────────────────────────────────────────
    ..\..\..\test-results\product-details-Product-Details-TS04-deve-tratar-ID-inválido-frontend-webkit\video.webm
    ────────────────────────────────────────────────────────────────────────────────────────────────

    Retry #1 ───────────────────────────────────────────────────────────────────────────────────────

    Error: page.goto: Could not connect to server
    Call log:
      - navigating to "http://localhost:5174/product/99999", waiting until "load"


      67 |   test('TS04 deve tratar ID inválido', async ({ page }) => {
      68 |     // Navigate to non-existent product
    > 69 |     await page.goto('/product/99999');
         |                ^
      70 |     // Verify error message is displayed
      71 |     await expect(page.getByText(/Produto não encontrado|Product not found/i)).toBeVisible();
      72 |   });
        at D:\github-projects\tester.com\e2e\specs\frontend\product-details.spec.ts:69:16

    attachment #1: screenshot (image/png) ──────────────────────────────────────────────────────────
    ..\..\..\test-results\product-details-Product-Details-TS04-deve-tratar-ID-inválido-frontend-webkit-retry1\test-failed-1.png
    ────────────────────────────────────────────────────────────────────────────────────────────────

    attachment #3: video (video/webm) ──────────────────────────────────────────────────────────────
    ..\..\..\test-results\product-details-Product-Details-TS04-deve-tratar-ID-inválido-frontend-webkit-retry1\video.webm
    ────────────────────────────────────────────────────────────────────────────────────────────────

    attachment #4: trace (application/zip) ─────────────────────────────────────────────────────────
    ..\..\..\test-results\product-details-Product-Details-TS04-deve-tratar-ID-inválido-frontend-webkit-retry1\trace.zip
    Usage:

        npx playwright show-trace ..\..\..\test-results\product-details-Product-Details-TS04-deve-tratar-ID-inválido-frontend-webkit-retry1\trace.zip

    ────────────────────────────────────────────────────────────────────────────────────────────────
]]>
</failure>
<system-out>
<![CDATA[
[[ATTACHMENT|test-results\product-details-Product-Details-TS04-deve-tratar-ID-inválido-frontend-webkit\test-failed-1.png]]

[[ATTACHMENT|test-results\product-details-Product-Details-TS04-deve-tratar-ID-inválido-frontend-webkit\video.webm]]

[[ATTACHMENT|test-results\product-details-Product-Details-TS04-deve-tratar-ID-inválido-frontend-webkit-retry1\test-failed-1.png]]

[[ATTACHMENT|test-results\product-details-Product-Details-TS04-deve-tratar-ID-inválido-frontend-webkit-retry1\video.webm]]

[[ATTACHMENT|test-results\product-details-Product-Details-TS04-deve-tratar-ID-inválido-frontend-webkit-retry1\trace.zip]]
]]>
</system-out>
</testcase>
<testcase name="Product Details › TS05 deve voltar para catálogo" classname="product-details.spec.ts" time="10.201">
<failure message="product-details.spec.ts:74:3 TS05 deve voltar para catálogo" type="FAILURE">
<![CDATA[  [frontend-webkit] › product-details.spec.ts:74:3 › Product Details › TS05 deve voltar para catálogo 

    Error: page.goto: Could not connect to server
    Call log:
      - navigating to "http://localhost:5174/product/1", waiting until "load"


      73 |
      74 |   test('TS05 deve voltar para catálogo', async ({ page, waitForPageLoad }) => {
    > 75 |     await page.goto('/product/1');
         |                ^
      76 |     await waitForPageLoad(page, 'productDetails');
      77 |
      78 |     // Click back button to return to catalog
        at D:\github-projects\tester.com\e2e\specs\frontend\product-details.spec.ts:75:16

    attachment #1: screenshot (image/png) ──────────────────────────────────────────────────────────
    ..\..\..\test-results\product-details-Product-De-05c6c-5-deve-voltar-para-catálogo-frontend-webkit\test-failed-1.png
    ────────────────────────────────────────────────────────────────────────────────────────────────

    attachment #3: video (video/webm) ──────────────────────────────────────────────────────────────
    ..\..\..\test-results\product-details-Product-De-05c6c-5-deve-voltar-para-catálogo-frontend-webkit\video.webm
    ────────────────────────────────────────────────────────────────────────────────────────────────

    Retry #1 ───────────────────────────────────────────────────────────────────────────────────────

    Error: page.goto: Could not connect to server
    Call log:
      - navigating to "http://localhost:5174/product/1", waiting until "load"


      73 |
      74 |   test('TS05 deve voltar para catálogo', async ({ page, waitForPageLoad }) => {
    > 75 |     await page.goto('/product/1');
         |                ^
      76 |     await waitForPageLoad(page, 'productDetails');
      77 |
      78 |     // Click back button to return to catalog
        at D:\github-projects\tester.com\e2e\specs\frontend\product-details.spec.ts:75:16

    attachment #1: screenshot (image/png) ──────────────────────────────────────────────────────────
    ..\..\..\test-results\product-details-Product-De-05c6c-5-deve-voltar-para-catálogo-frontend-webkit-retry1\test-failed-1.png
    ────────────────────────────────────────────────────────────────────────────────────────────────

    attachment #3: video (video/webm) ──────────────────────────────────────────────────────────────
    ..\..\..\test-results\product-details-Product-De-05c6c-5-deve-voltar-para-catálogo-frontend-webkit-retry1\video.webm
    ────────────────────────────────────────────────────────────────────────────────────────────────

    attachment #4: trace (application/zip) ─────────────────────────────────────────────────────────
    ..\..\..\test-results\product-details-Product-De-05c6c-5-deve-voltar-para-catálogo-frontend-webkit-retry1\trace.zip
    Usage:

        npx playwright show-trace ..\..\..\test-results\product-details-Product-De-05c6c-5-deve-voltar-para-catálogo-frontend-webkit-retry1\trace.zip

    ────────────────────────────────────────────────────────────────────────────────────────────────
]]>
</failure>
<system-out>
<![CDATA[
[[ATTACHMENT|test-results\product-details-Product-De-05c6c-5-deve-voltar-para-catálogo-frontend-webkit\test-failed-1.png]]

[[ATTACHMENT|test-results\product-details-Product-De-05c6c-5-deve-voltar-para-catálogo-frontend-webkit\video.webm]]

[[ATTACHMENT|test-results\product-details-Product-De-05c6c-5-deve-voltar-para-catálogo-frontend-webkit-retry1\test-failed-1.png]]

[[ATTACHMENT|test-results\product-details-Product-De-05c6c-5-deve-voltar-para-catálogo-frontend-webkit-retry1\video.webm]]

[[ATTACHMENT|test-results\product-details-Product-De-05c6c-5-deve-voltar-para-catálogo-frontend-webkit-retry1\trace.zip]]
]]>
</system-out>
</testcase>
</testsuite>
<testsuite name="register-language.spec.ts" timestamp="2026-03-19T23:12:14.101Z" hostname="frontend-webkit" tests="3" failures="3" skipped="0" time="29.417" errors="0">
<testcase name="Register and Language › TS01 registro PF completo com sucesso" classname="register-language.spec.ts" time="10.023">
<failure message="register-language.spec.ts:8:3 TS01 registro PF completo com sucesso" type="FAILURE">
<![CDATA[  [frontend-webkit] › register-language.spec.ts:8:3 › Register and Language › TS01 registro PF completo com sucesso 

    Error: page.goto: Could not connect to server
    Call log:
      - navigating to "http://localhost:5174/register", waiting until "load"


       at ..\..\helpers\PageBase.ts:61

      59 |    */
      60 |   async goto(url: string) {
    > 61 |     await this.page.goto(url);
         |                     ^
      62 |   }
      63 |
      64 |   /**
        at RegisterPage.goto (D:\github-projects\tester.com\e2e\helpers\PageBase.ts:61:21)
        at RegisterPage.goToRegister (D:\github-projects\tester.com\e2e\helpers\RegisterPage.ts:80:16)
        at D:\github-projects\tester.com\e2e\specs\frontend\register-language.spec.ts:33:24

    attachment #1: screenshot (image/png) ──────────────────────────────────────────────────────────
    ..\..\..\test-results\register-language-Register-547c6-tro-PF-completo-com-sucesso-frontend-webkit\test-failed-1.png
    ────────────────────────────────────────────────────────────────────────────────────────────────

    attachment #3: video (video/webm) ──────────────────────────────────────────────────────────────
    ..\..\..\test-results\register-language-Register-547c6-tro-PF-completo-com-sucesso-frontend-webkit\video.webm
    ────────────────────────────────────────────────────────────────────────────────────────────────

    Retry #1 ───────────────────────────────────────────────────────────────────────────────────────

    Error: page.goto: Could not connect to server
    Call log:
      - navigating to "http://localhost:5174/register", waiting until "load"


       at ..\..\helpers\PageBase.ts:61

      59 |    */
      60 |   async goto(url: string) {
    > 61 |     await this.page.goto(url);
         |                     ^
      62 |   }
      63 |
      64 |   /**
        at RegisterPage.goto (D:\github-projects\tester.com\e2e\helpers\PageBase.ts:61:21)
        at RegisterPage.goToRegister (D:\github-projects\tester.com\e2e\helpers\RegisterPage.ts:80:16)
        at D:\github-projects\tester.com\e2e\specs\frontend\register-language.spec.ts:33:24

    attachment #1: screenshot (image/png) ──────────────────────────────────────────────────────────
    ..\..\..\test-results\register-language-Register-547c6-tro-PF-completo-com-sucesso-frontend-webkit-retry1\test-failed-1.png
    ────────────────────────────────────────────────────────────────────────────────────────────────

    attachment #3: video (video/webm) ──────────────────────────────────────────────────────────────
    ..\..\..\test-results\register-language-Register-547c6-tro-PF-completo-com-sucesso-frontend-webkit-retry1\video.webm
    ────────────────────────────────────────────────────────────────────────────────────────────────

    attachment #4: trace (application/zip) ─────────────────────────────────────────────────────────
    ..\..\..\test-results\register-language-Register-547c6-tro-PF-completo-com-sucesso-frontend-webkit-retry1\trace.zip
    Usage:

        npx playwright show-trace ..\..\..\test-results\register-language-Register-547c6-tro-PF-completo-com-sucesso-frontend-webkit-retry1\trace.zip

    ────────────────────────────────────────────────────────────────────────────────────────────────
]]>
</failure>
<system-out>
<![CDATA[
[[ATTACHMENT|test-results\register-language-Register-547c6-tro-PF-completo-com-sucesso-frontend-webkit\test-failed-1.png]]

[[ATTACHMENT|test-results\register-language-Register-547c6-tro-PF-completo-com-sucesso-frontend-webkit\video.webm]]

[[ATTACHMENT|test-results\register-language-Register-547c6-tro-PF-completo-com-sucesso-frontend-webkit-retry1\test-failed-1.png]]

[[ATTACHMENT|test-results\register-language-Register-547c6-tro-PF-completo-com-sucesso-frontend-webkit-retry1\video.webm]]

[[ATTACHMENT|test-results\register-language-Register-547c6-tro-PF-completo-com-sucesso-frontend-webkit-retry1\trace.zip]]
]]>
</system-out>
</testcase>
<testcase name="Register and Language › TS03 validação de campos obrigatórios no registro" classname="register-language.spec.ts" time="9.828">
<failure message="register-language.spec.ts:47:3 TS03 validação de campos obrigatórios no registro" type="FAILURE">
<![CDATA[  [frontend-webkit] › register-language.spec.ts:47:3 › Register and Language › TS03 validação de campos obrigatórios no registro 

    Error: page.goto: Could not connect to server
    Call log:
      - navigating to "http://localhost:5174/register", waiting until "load"


      46 |
      47 |   test('TS03 validação de campos obrigatórios no registro', async ({ page, waitForPageLoad }) => {
    > 48 |     await page.goto('/register');
         |                ^
      49 |     await waitForPageLoad(page, 'register');
      50 |
      51 |     await page.click(selectors.register.next);
        at D:\github-projects\tester.com\e2e\specs\frontend\register-language.spec.ts:48:16

    attachment #1: screenshot (image/png) ──────────────────────────────────────────────────────────
    ..\..\..\test-results\register-language-Register-30937-os-obrigatórios-no-registro-frontend-webkit\test-failed-1.png
    ────────────────────────────────────────────────────────────────────────────────────────────────

    attachment #3: video (video/webm) ──────────────────────────────────────────────────────────────
    ..\..\..\test-results\register-language-Register-30937-os-obrigatórios-no-registro-frontend-webkit\video.webm
    ────────────────────────────────────────────────────────────────────────────────────────────────

    Retry #1 ───────────────────────────────────────────────────────────────────────────────────────

    Error: page.goto: Could not connect to server
    Call log:
      - navigating to "http://localhost:5174/register", waiting until "load"


      46 |
      47 |   test('TS03 validação de campos obrigatórios no registro', async ({ page, waitForPageLoad }) => {
    > 48 |     await page.goto('/register');
         |                ^
      49 |     await waitForPageLoad(page, 'register');
      50 |
      51 |     await page.click(selectors.register.next);
        at D:\github-projects\tester.com\e2e\specs\frontend\register-language.spec.ts:48:16

    attachment #1: screenshot (image/png) ──────────────────────────────────────────────────────────
    ..\..\..\test-results\register-language-Register-30937-os-obrigatórios-no-registro-frontend-webkit-retry1\test-failed-1.png
    ────────────────────────────────────────────────────────────────────────────────────────────────

    attachment #3: video (video/webm) ──────────────────────────────────────────────────────────────
    ..\..\..\test-results\register-language-Register-30937-os-obrigatórios-no-registro-frontend-webkit-retry1\video.webm
    ────────────────────────────────────────────────────────────────────────────────────────────────

    attachment #4: trace (application/zip) ─────────────────────────────────────────────────────────
    ..\..\..\test-results\register-language-Register-30937-os-obrigatórios-no-registro-frontend-webkit-retry1\trace.zip
    Usage:

        npx playwright show-trace ..\..\..\test-results\register-language-Register-30937-os-obrigatórios-no-registro-frontend-webkit-retry1\trace.zip

    ────────────────────────────────────────────────────────────────────────────────────────────────
]]>
</failure>
<system-out>
<![CDATA[
[[ATTACHMENT|test-results\register-language-Register-30937-os-obrigatórios-no-registro-frontend-webkit\test-failed-1.png]]

[[ATTACHMENT|test-results\register-language-Register-30937-os-obrigatórios-no-registro-frontend-webkit\video.webm]]

[[ATTACHMENT|test-results\register-language-Register-30937-os-obrigatórios-no-registro-frontend-webkit-retry1\test-failed-1.png]]

[[ATTACHMENT|test-results\register-language-Register-30937-os-obrigatórios-no-registro-frontend-webkit-retry1\video.webm]]

[[ATTACHMENT|test-results\register-language-Register-30937-os-obrigatórios-no-registro-frontend-webkit-retry1\trace.zip]]
]]>
</system-out>
</testcase>
<testcase name="Register and Language › TS01/TS02 idioma alterna e persiste após reload" classname="register-language.spec.ts" time="9.566">
<failure message="register-language.spec.ts:55:3 TS01/TS02 idioma alterna e persiste após reload" type="FAILURE">
<![CDATA[  [frontend-webkit] › register-language.spec.ts:55:3 › Register and Language › TS01/TS02 idioma alterna e persiste após reload 

    Error: page.goto: Could not connect to server
    Call log:
      - navigating to "http://localhost:5174/", waiting until "load"


      62 |     });
      63 |
    > 64 |     await page.goto('/');
         |                ^
      65 |     await waitForPageLoad(page, 'catalog');
      66 |
      67 |     await expect(page.getByRole('heading', { name: 'Catálogo de Produtos' })).toBeVisible();
        at D:\github-projects\tester.com\e2e\specs\frontend\register-language.spec.ts:64:16

    attachment #1: screenshot (image/png) ──────────────────────────────────────────────────────────
    ..\..\..\test-results\register-language-Register-280f8-erna-e-persiste-após-reload-frontend-webkit\test-failed-1.png
    ────────────────────────────────────────────────────────────────────────────────────────────────

    attachment #3: video (video/webm) ──────────────────────────────────────────────────────────────
    ..\..\..\test-results\register-language-Register-280f8-erna-e-persiste-após-reload-frontend-webkit\video.webm
    ────────────────────────────────────────────────────────────────────────────────────────────────

    Retry #1 ───────────────────────────────────────────────────────────────────────────────────────

    Error: page.goto: Could not connect to server
    Call log:
      - navigating to "http://localhost:5174/", waiting until "load"


      62 |     });
      63 |
    > 64 |     await page.goto('/');
         |                ^
      65 |     await waitForPageLoad(page, 'catalog');
      66 |
      67 |     await expect(page.getByRole('heading', { name: 'Catálogo de Produtos' })).toBeVisible();
        at D:\github-projects\tester.com\e2e\specs\frontend\register-language.spec.ts:64:16

    attachment #1: screenshot (image/png) ──────────────────────────────────────────────────────────
    ..\..\..\test-results\register-language-Register-280f8-erna-e-persiste-após-reload-frontend-webkit-retry1\test-failed-1.png
    ────────────────────────────────────────────────────────────────────────────────────────────────

    attachment #3: video (video/webm) ──────────────────────────────────────────────────────────────
    ..\..\..\test-results\register-language-Register-280f8-erna-e-persiste-após-reload-frontend-webkit-retry1\video.webm
    ────────────────────────────────────────────────────────────────────────────────────────────────

    attachment #4: trace (application/zip) ─────────────────────────────────────────────────────────
    ..\..\..\test-results\register-language-Register-280f8-erna-e-persiste-após-reload-frontend-webkit-retry1\trace.zip
    Usage:

        npx playwright show-trace ..\..\..\test-results\register-language-Register-280f8-erna-e-persiste-após-reload-frontend-webkit-retry1\trace.zip

    ────────────────────────────────────────────────────────────────────────────────────────────────
]]>
</failure>
<system-out>
<![CDATA[
[[ATTACHMENT|test-results\register-language-Register-280f8-erna-e-persiste-após-reload-frontend-webkit\test-failed-1.png]]

[[ATTACHMENT|test-results\register-language-Register-280f8-erna-e-persiste-após-reload-frontend-webkit\video.webm]]

[[ATTACHMENT|test-results\register-language-Register-280f8-erna-e-persiste-após-reload-frontend-webkit-retry1\test-failed-1.png]]

[[ATTACHMENT|test-results\register-language-Register-280f8-erna-e-persiste-após-reload-frontend-webkit-retry1\video.webm]]

[[ATTACHMENT|test-results\register-language-Register-280f8-erna-e-persiste-após-reload-frontend-webkit-retry1\trace.zip]]
]]>
</system-out>
</testcase>
</testsuite>
<testsuite name="register.spec.ts" timestamp="2026-03-19T23:12:14.101Z" hostname="frontend-webkit" tests="7" failures="7" skipped="0" time="65.522" errors="0">
<testcase name="Register › TS01 - Validar registro realizado com sucesso" classname="register.spec.ts" time="9.333">
<failure message="register.spec.ts:38:3 TS01 - Validar registro realizado com sucesso" type="FAILURE">
<![CDATA[  [frontend-webkit] › register.spec.ts:38:3 › Register › TS01 - Validar registro realizado com sucesso 

    Error: page.goto: Could not connect to server
    Call log:
      - navigating to "http://localhost:5174/register", waiting until "load"


      45 |     await setupViacepMock(page);
      46 |
    > 47 |     await page.goto('/register');
         |                ^
      48 |     await waitForPageLoad(page, 'register');
      49 |
      50 |     // ── Step 0: Dados Pessoais ────────────────────────────────────────────────
        at D:\github-projects\tester.com\e2e\specs\frontend\register.spec.ts:47:16

    attachment #1: screenshot (image/png) ──────────────────────────────────────────────────────────
    ..\..\..\test-results\register-Register-TS01---V-4db0f-istro-realizado-com-sucesso-frontend-webkit\test-failed-1.png
    ────────────────────────────────────────────────────────────────────────────────────────────────

    attachment #3: video (video/webm) ──────────────────────────────────────────────────────────────
    ..\..\..\test-results\register-Register-TS01---V-4db0f-istro-realizado-com-sucesso-frontend-webkit\video.webm
    ────────────────────────────────────────────────────────────────────────────────────────────────

    Retry #1 ───────────────────────────────────────────────────────────────────────────────────────

    Error: page.goto: Could not connect to server
    Call log:
      - navigating to "http://localhost:5174/register", waiting until "load"


      45 |     await setupViacepMock(page);
      46 |
    > 47 |     await page.goto('/register');
         |                ^
      48 |     await waitForPageLoad(page, 'register');
      49 |
      50 |     // ── Step 0: Dados Pessoais ────────────────────────────────────────────────
        at D:\github-projects\tester.com\e2e\specs\frontend\register.spec.ts:47:16

    attachment #1: screenshot (image/png) ──────────────────────────────────────────────────────────
    ..\..\..\test-results\register-Register-TS01---V-4db0f-istro-realizado-com-sucesso-frontend-webkit-retry1\test-failed-1.png
    ────────────────────────────────────────────────────────────────────────────────────────────────

    attachment #3: video (video/webm) ──────────────────────────────────────────────────────────────
    ..\..\..\test-results\register-Register-TS01---V-4db0f-istro-realizado-com-sucesso-frontend-webkit-retry1\video.webm
    ────────────────────────────────────────────────────────────────────────────────────────────────

    attachment #4: trace (application/zip) ─────────────────────────────────────────────────────────
    ..\..\..\test-results\register-Register-TS01---V-4db0f-istro-realizado-com-sucesso-frontend-webkit-retry1\trace.zip
    Usage:

        npx playwright show-trace ..\..\..\test-results\register-Register-TS01---V-4db0f-istro-realizado-com-sucesso-frontend-webkit-retry1\trace.zip

    ────────────────────────────────────────────────────────────────────────────────────────────────
]]>
</failure>
<system-out>
<![CDATA[
[[ATTACHMENT|test-results\register-Register-TS01---V-4db0f-istro-realizado-com-sucesso-frontend-webkit\test-failed-1.png]]

[[ATTACHMENT|test-results\register-Register-TS01---V-4db0f-istro-realizado-com-sucesso-frontend-webkit\video.webm]]

[[ATTACHMENT|test-results\register-Register-TS01---V-4db0f-istro-realizado-com-sucesso-frontend-webkit-retry1\test-failed-1.png]]

[[ATTACHMENT|test-results\register-Register-TS01---V-4db0f-istro-realizado-com-sucesso-frontend-webkit-retry1\video.webm]]

[[ATTACHMENT|test-results\register-Register-TS01---V-4db0f-istro-realizado-com-sucesso-frontend-webkit-retry1\trace.zip]]
]]>
</system-out>
</testcase>
<testcase name="Register › TS02 - rejeita email em formato inválido aleatório" classname="register.spec.ts" time="9.27">
<failure message="register.spec.ts:76:3 TS02 - rejeita email em formato inválido aleatório" type="FAILURE">
<![CDATA[  [frontend-webkit] › register.spec.ts:76:3 › Register › TS02 - rejeita email em formato inválido aleatório 

    Error: page.goto: Could not connect to server
    Call log:
      - navigating to "http://localhost:5174/register", waiting until "load"


      79 |     const base = new PageBase(page);
      80 |
    > 81 |     await page.goto('/register');
         |                ^
      82 |     await waitForPageLoad(page, 'register');
      83 |
      84 |     await base.fill(selectors.register.firstName, userData.firstName);
        at D:\github-projects\tester.com\e2e\specs\frontend\register.spec.ts:81:16

    attachment #1: screenshot (image/png) ──────────────────────────────────────────────────────────
    ..\..\..\test-results\register-Register-TS02---r-4f885--formato-inválido-aleatório-frontend-webkit\test-failed-1.png
    ────────────────────────────────────────────────────────────────────────────────────────────────

    attachment #3: video (video/webm) ──────────────────────────────────────────────────────────────
    ..\..\..\test-results\register-Register-TS02---r-4f885--formato-inválido-aleatório-frontend-webkit\video.webm
    ────────────────────────────────────────────────────────────────────────────────────────────────

    Retry #1 ───────────────────────────────────────────────────────────────────────────────────────

    Error: page.goto: Could not connect to server
    Call log:
      - navigating to "http://localhost:5174/register", waiting until "load"


      79 |     const base = new PageBase(page);
      80 |
    > 81 |     await page.goto('/register');
         |                ^
      82 |     await waitForPageLoad(page, 'register');
      83 |
      84 |     await base.fill(selectors.register.firstName, userData.firstName);
        at D:\github-projects\tester.com\e2e\specs\frontend\register.spec.ts:81:16

    attachment #1: screenshot (image/png) ──────────────────────────────────────────────────────────
    ..\..\..\test-results\register-Register-TS02---r-4f885--formato-inválido-aleatório-frontend-webkit-retry1\test-failed-1.png
    ────────────────────────────────────────────────────────────────────────────────────────────────

    attachment #3: video (video/webm) ──────────────────────────────────────────────────────────────
    ..\..\..\test-results\register-Register-TS02---r-4f885--formato-inválido-aleatório-frontend-webkit-retry1\video.webm
    ────────────────────────────────────────────────────────────────────────────────────────────────

    attachment #4: trace (application/zip) ─────────────────────────────────────────────────────────
    ..\..\..\test-results\register-Register-TS02---r-4f885--formato-inválido-aleatório-frontend-webkit-retry1\trace.zip
    Usage:

        npx playwright show-trace ..\..\..\test-results\register-Register-TS02---r-4f885--formato-inválido-aleatório-frontend-webkit-retry1\trace.zip

    ────────────────────────────────────────────────────────────────────────────────────────────────
]]>
</failure>
<system-out>
<![CDATA[
[[ATTACHMENT|test-results\register-Register-TS02---r-4f885--formato-inválido-aleatório-frontend-webkit\test-failed-1.png]]

[[ATTACHMENT|test-results\register-Register-TS02---r-4f885--formato-inválido-aleatório-frontend-webkit\video.webm]]

[[ATTACHMENT|test-results\register-Register-TS02---r-4f885--formato-inválido-aleatório-frontend-webkit-retry1\test-failed-1.png]]

[[ATTACHMENT|test-results\register-Register-TS02---r-4f885--formato-inválido-aleatório-frontend-webkit-retry1\video.webm]]

[[ATTACHMENT|test-results\register-Register-TS02---r-4f885--formato-inválido-aleatório-frontend-webkit-retry1\trace.zip]]
]]>
</system-out>
</testcase>
<testcase name="Register › TS03 - rejeita senha curta no step 0" classname="register.spec.ts" time="9.82">
<failure message="register.spec.ts:98:3 TS03 - rejeita senha curta no step 0" type="FAILURE">
<![CDATA[  [frontend-webkit] › register.spec.ts:98:3 › Register › TS03 - rejeita senha curta no step 0 ──────

    Error: page.goto: Could not connect to server
    Call log:
      - navigating to "http://localhost:5174/register", waiting until "load"


      101 |     const base = new PageBase(page);
      102 |
    > 103 |     await page.goto('/register');
          |                ^
      104 |     await waitForPageLoad(page, 'register');
      105 |
      106 |     await base.fill(selectors.register.firstName, userData.firstName);
        at D:\github-projects\tester.com\e2e\specs\frontend\register.spec.ts:103:16

    attachment #1: screenshot (image/png) ──────────────────────────────────────────────────────────
    ..\..\..\test-results\register-Register-TS03---rejeita-senha-curta-no-step-0-frontend-webkit\test-failed-1.png
    ────────────────────────────────────────────────────────────────────────────────────────────────

    attachment #3: video (video/webm) ──────────────────────────────────────────────────────────────
    ..\..\..\test-results\register-Register-TS03---rejeita-senha-curta-no-step-0-frontend-webkit\video.webm
    ────────────────────────────────────────────────────────────────────────────────────────────────

    Retry #1 ───────────────────────────────────────────────────────────────────────────────────────

    Error: page.goto: Could not connect to server
    Call log:
      - navigating to "http://localhost:5174/register", waiting until "load"


      101 |     const base = new PageBase(page);
      102 |
    > 103 |     await page.goto('/register');
          |                ^
      104 |     await waitForPageLoad(page, 'register');
      105 |
      106 |     await base.fill(selectors.register.firstName, userData.firstName);
        at D:\github-projects\tester.com\e2e\specs\frontend\register.spec.ts:103:16

    attachment #1: screenshot (image/png) ──────────────────────────────────────────────────────────
    ..\..\..\test-results\register-Register-TS03---rejeita-senha-curta-no-step-0-frontend-webkit-retry1\test-failed-1.png
    ────────────────────────────────────────────────────────────────────────────────────────────────

    attachment #3: video (video/webm) ──────────────────────────────────────────────────────────────
    ..\..\..\test-results\register-Register-TS03---rejeita-senha-curta-no-step-0-frontend-webkit-retry1\video.webm
    ────────────────────────────────────────────────────────────────────────────────────────────────

    attachment #4: trace (application/zip) ─────────────────────────────────────────────────────────
    ..\..\..\test-results\register-Register-TS03---rejeita-senha-curta-no-step-0-frontend-webkit-retry1\trace.zip
    Usage:

        npx playwright show-trace ..\..\..\test-results\register-Register-TS03---rejeita-senha-curta-no-step-0-frontend-webkit-retry1\trace.zip

    ────────────────────────────────────────────────────────────────────────────────────────────────
]]>
</failure>
<system-out>
<![CDATA[
[[ATTACHMENT|test-results\register-Register-TS03---rejeita-senha-curta-no-step-0-frontend-webkit\test-failed-1.png]]

[[ATTACHMENT|test-results\register-Register-TS03---rejeita-senha-curta-no-step-0-frontend-webkit\video.webm]]

[[ATTACHMENT|test-results\register-Register-TS03---rejeita-senha-curta-no-step-0-frontend-webkit-retry1\test-failed-1.png]]

[[ATTACHMENT|test-results\register-Register-TS03---rejeita-senha-curta-no-step-0-frontend-webkit-retry1\video.webm]]

[[ATTACHMENT|test-results\register-Register-TS03---rejeita-senha-curta-no-step-0-frontend-webkit-retry1\trace.zip]]
]]>
</system-out>
</testcase>
<testcase name="Register › TS04 - rejeita senhas não-correspondentes com dados aleatórios" classname="register.spec.ts" time="9.344">
<failure message="register.spec.ts:120:3 TS04 - rejeita senhas não-correspondentes com dados aleatórios" type="FAILURE">
<![CDATA[  [frontend-webkit] › register.spec.ts:120:3 › Register › TS04 - rejeita senhas não-correspondentes com dados aleatórios 

    Error: page.goto: Could not connect to server
    Call log:
      - navigating to "http://localhost:5174/register", waiting until "load"


      123 |     const base = new PageBase(page);
      124 |
    > 125 |     await page.goto('/register');
          |                ^
      126 |     await waitForPageLoad(page, 'register');
      127 |
      128 |     await base.fill(selectors.register.firstName, userData.firstName);
        at D:\github-projects\tester.com\e2e\specs\frontend\register.spec.ts:125:16

    attachment #1: screenshot (image/png) ──────────────────────────────────────────────────────────
    ..\..\..\test-results\register-Register-TS04---r-3dee2-dentes-com-dados-aleatórios-frontend-webkit\test-failed-1.png
    ────────────────────────────────────────────────────────────────────────────────────────────────

    attachment #3: video (video/webm) ──────────────────────────────────────────────────────────────
    ..\..\..\test-results\register-Register-TS04---r-3dee2-dentes-com-dados-aleatórios-frontend-webkit\video.webm
    ────────────────────────────────────────────────────────────────────────────────────────────────

    Retry #1 ───────────────────────────────────────────────────────────────────────────────────────

    Error: page.goto: Could not connect to server
    Call log:
      - navigating to "http://localhost:5174/register", waiting until "load"


      123 |     const base = new PageBase(page);
      124 |
    > 125 |     await page.goto('/register');
          |                ^
      126 |     await waitForPageLoad(page, 'register');
      127 |
      128 |     await base.fill(selectors.register.firstName, userData.firstName);
        at D:\github-projects\tester.com\e2e\specs\frontend\register.spec.ts:125:16

    attachment #1: screenshot (image/png) ──────────────────────────────────────────────────────────
    ..\..\..\test-results\register-Register-TS04---r-3dee2-dentes-com-dados-aleatórios-frontend-webkit-retry1\test-failed-1.png
    ────────────────────────────────────────────────────────────────────────────────────────────────

    attachment #3: video (video/webm) ──────────────────────────────────────────────────────────────
    ..\..\..\test-results\register-Register-TS04---r-3dee2-dentes-com-dados-aleatórios-frontend-webkit-retry1\video.webm
    ────────────────────────────────────────────────────────────────────────────────────────────────

    attachment #4: trace (application/zip) ─────────────────────────────────────────────────────────
    ..\..\..\test-results\register-Register-TS04---r-3dee2-dentes-com-dados-aleatórios-frontend-webkit-retry1\trace.zip
    Usage:

        npx playwright show-trace ..\..\..\test-results\register-Register-TS04---r-3dee2-dentes-com-dados-aleatórios-frontend-webkit-retry1\trace.zip

    ────────────────────────────────────────────────────────────────────────────────────────────────
]]>
</failure>
<system-out>
<![CDATA[
[[ATTACHMENT|test-results\register-Register-TS04---r-3dee2-dentes-com-dados-aleatórios-frontend-webkit\test-failed-1.png]]

[[ATTACHMENT|test-results\register-Register-TS04---r-3dee2-dentes-com-dados-aleatórios-frontend-webkit\video.webm]]

[[ATTACHMENT|test-results\register-Register-TS04---r-3dee2-dentes-com-dados-aleatórios-frontend-webkit-retry1\test-failed-1.png]]

[[ATTACHMENT|test-results\register-Register-TS04---r-3dee2-dentes-com-dados-aleatórios-frontend-webkit-retry1\video.webm]]

[[ATTACHMENT|test-results\register-Register-TS04---r-3dee2-dentes-com-dados-aleatórios-frontend-webkit-retry1\trace.zip]]
]]>
</system-out>
</testcase>
<testcase name="Register › TS05 - valida campo obrigatório faltando no step 0" classname="register.spec.ts" time="8.573">
<failure message="register.spec.ts:143:3 TS05 - valida campo obrigatório faltando no step 0" type="FAILURE">
<![CDATA[  [frontend-webkit] › register.spec.ts:143:3 › Register › TS05 - valida campo obrigatório faltando no step 0 

    Error: page.goto: Could not connect to server
    Call log:
      - navigating to "http://localhost:5174/register", waiting until "load"


      145 |     const base = new PageBase(page);
      146 |
    > 147 |     await page.goto('/register');
          |                ^
      148 |     await waitForPageLoad(page, 'register');
      149 |
      150 |     if (missingField !== 'firstName') await base.fill(selectors.register.firstName, faker.person.firstName());
        at D:\github-projects\tester.com\e2e\specs\frontend\register.spec.ts:147:16

    attachment #1: screenshot (image/png) ──────────────────────────────────────────────────────────
    ..\..\..\test-results\register-Register-TS05---v-38406-igatório-faltando-no-step-0-frontend-webkit\test-failed-1.png
    ────────────────────────────────────────────────────────────────────────────────────────────────

    attachment #3: video (video/webm) ──────────────────────────────────────────────────────────────
    ..\..\..\test-results\register-Register-TS05---v-38406-igatório-faltando-no-step-0-frontend-webkit\video.webm
    ────────────────────────────────────────────────────────────────────────────────────────────────

    Retry #1 ───────────────────────────────────────────────────────────────────────────────────────

    Error: page.goto: Could not connect to server
    Call log:
      - navigating to "http://localhost:5174/register", waiting until "load"


      145 |     const base = new PageBase(page);
      146 |
    > 147 |     await page.goto('/register');
          |                ^
      148 |     await waitForPageLoad(page, 'register');
      149 |
      150 |     if (missingField !== 'firstName') await base.fill(selectors.register.firstName, faker.person.firstName());
        at D:\github-projects\tester.com\e2e\specs\frontend\register.spec.ts:147:16

    attachment #1: screenshot (image/png) ──────────────────────────────────────────────────────────
    ..\..\..\test-results\register-Register-TS05---v-38406-igatório-faltando-no-step-0-frontend-webkit-retry1\test-failed-1.png
    ────────────────────────────────────────────────────────────────────────────────────────────────

    attachment #3: video (video/webm) ──────────────────────────────────────────────────────────────
    ..\..\..\test-results\register-Register-TS05---v-38406-igatório-faltando-no-step-0-frontend-webkit-retry1\video.webm
    ────────────────────────────────────────────────────────────────────────────────────────────────

    attachment #4: trace (application/zip) ─────────────────────────────────────────────────────────
    ..\..\..\test-results\register-Register-TS05---v-38406-igatório-faltando-no-step-0-frontend-webkit-retry1\trace.zip
    Usage:

        npx playwright show-trace ..\..\..\test-results\register-Register-TS05---v-38406-igatório-faltando-no-step-0-frontend-webkit-retry1\trace.zip

    ────────────────────────────────────────────────────────────────────────────────────────────────
]]>
</failure>
<system-out>
<![CDATA[
[[ATTACHMENT|test-results\register-Register-TS05---v-38406-igatório-faltando-no-step-0-frontend-webkit\test-failed-1.png]]

[[ATTACHMENT|test-results\register-Register-TS05---v-38406-igatório-faltando-no-step-0-frontend-webkit\video.webm]]

[[ATTACHMENT|test-results\register-Register-TS05---v-38406-igatório-faltando-no-step-0-frontend-webkit-retry1\test-failed-1.png]]

[[ATTACHMENT|test-results\register-Register-TS05---v-38406-igatório-faltando-no-step-0-frontend-webkit-retry1\video.webm]]

[[ATTACHMENT|test-results\register-Register-TS05---v-38406-igatório-faltando-no-step-0-frontend-webkit-retry1\trace.zip]]
]]>
</system-out>
</testcase>
<testcase name="Register › TS06 - rejeita email duplicado com dados aleatórios" classname="register.spec.ts" time="9.554">
<failure message="register.spec.ts:178:3 TS06 - rejeita email duplicado com dados aleatórios" type="FAILURE">
<![CDATA[  [frontend-webkit] › register.spec.ts:178:3 › Register › TS06 - rejeita email duplicado com dados aleatórios 

    Error: page.goto: Could not connect to server
    Call log:
      - navigating to "http://localhost:5174/register", waiting until "load"


      185 |     await setupViacepMock(page);
      186 |
    > 187 |     await page.goto('/register');
          |                ^
      188 |     await waitForPageLoad(page, 'register');
      189 |
      190 |     // ── Step 0 ────────────────────────────────────────────────────────────────
        at D:\github-projects\tester.com\e2e\specs\frontend\register.spec.ts:187:16

    attachment #1: screenshot (image/png) ──────────────────────────────────────────────────────────
    ..\..\..\test-results\register-Register-TS06---r-359dd-licado-com-dados-aleatórios-frontend-webkit\test-failed-1.png
    ────────────────────────────────────────────────────────────────────────────────────────────────

    attachment #3: video (video/webm) ──────────────────────────────────────────────────────────────
    ..\..\..\test-results\register-Register-TS06---r-359dd-licado-com-dados-aleatórios-frontend-webkit\video.webm
    ────────────────────────────────────────────────────────────────────────────────────────────────

    Retry #1 ───────────────────────────────────────────────────────────────────────────────────────

    Error: page.goto: Could not connect to server
    Call log:
      - navigating to "http://localhost:5174/register", waiting until "load"


      185 |     await setupViacepMock(page);
      186 |
    > 187 |     await page.goto('/register');
          |                ^
      188 |     await waitForPageLoad(page, 'register');
      189 |
      190 |     // ── Step 0 ────────────────────────────────────────────────────────────────
        at D:\github-projects\tester.com\e2e\specs\frontend\register.spec.ts:187:16

    attachment #1: screenshot (image/png) ──────────────────────────────────────────────────────────
    ..\..\..\test-results\register-Register-TS06---r-359dd-licado-com-dados-aleatórios-frontend-webkit-retry1\test-failed-1.png
    ────────────────────────────────────────────────────────────────────────────────────────────────

    attachment #3: video (video/webm) ──────────────────────────────────────────────────────────────
    ..\..\..\test-results\register-Register-TS06---r-359dd-licado-com-dados-aleatórios-frontend-webkit-retry1\video.webm
    ────────────────────────────────────────────────────────────────────────────────────────────────

    attachment #4: trace (application/zip) ─────────────────────────────────────────────────────────
    ..\..\..\test-results\register-Register-TS06---r-359dd-licado-com-dados-aleatórios-frontend-webkit-retry1\trace.zip
    Usage:

        npx playwright show-trace ..\..\..\test-results\register-Register-TS06---r-359dd-licado-com-dados-aleatórios-frontend-webkit-retry1\trace.zip

    ────────────────────────────────────────────────────────────────────────────────────────────────
]]>
</failure>
<system-out>
<![CDATA[
[[ATTACHMENT|test-results\register-Register-TS06---r-359dd-licado-com-dados-aleatórios-frontend-webkit\test-failed-1.png]]

[[ATTACHMENT|test-results\register-Register-TS06---r-359dd-licado-com-dados-aleatórios-frontend-webkit\video.webm]]

[[ATTACHMENT|test-results\register-Register-TS06---r-359dd-licado-com-dados-aleatórios-frontend-webkit-retry1\test-failed-1.png]]

[[ATTACHMENT|test-results\register-Register-TS06---r-359dd-licado-com-dados-aleatórios-frontend-webkit-retry1\video.webm]]

[[ATTACHMENT|test-results\register-Register-TS06---r-359dd-licado-com-dados-aleatórios-frontend-webkit-retry1\trace.zip]]
]]>
</system-out>
</testcase>
<testcase name="Register › TS07 - valida todos os campos vazios com mensagens de validação individuais" classname="register.spec.ts" time="9.628">
<failure message="register.spec.ts:215:3 TS07 - valida todos os campos vazios com mensagens de validação individuais" type="FAILURE">
<![CDATA[  [frontend-webkit] › register.spec.ts:215:3 › Register › TS07 - valida todos os campos vazios com mensagens de validação individuais 

    Error: page.goto: Could not connect to server
    Call log:
      - navigating to "http://localhost:5174/register", waiting until "load"


      214 |    */
      215 |   test('TS07 - valida todos os campos vazios com mensagens de validação individuais', async ({ page }) => {
    > 216 |     await page.goto('/register');
          |                ^
      217 |     await waitForPageLoad(page, 'register');
      218 |
      219 |     // Click "next" button with all fields empty
        at D:\github-projects\tester.com\e2e\specs\frontend\register.spec.ts:216:16

    attachment #1: screenshot (image/png) ──────────────────────────────────────────────────────────
    ..\..\..\test-results\register-Register-TS07---v-084f4-ns-de-validação-individuais-frontend-webkit\test-failed-1.png
    ────────────────────────────────────────────────────────────────────────────────────────────────

    attachment #3: video (video/webm) ──────────────────────────────────────────────────────────────
    ..\..\..\test-results\register-Register-TS07---v-084f4-ns-de-validação-individuais-frontend-webkit\video.webm
    ────────────────────────────────────────────────────────────────────────────────────────────────

    Retry #1 ───────────────────────────────────────────────────────────────────────────────────────

    Error: page.goto: Could not connect to server
    Call log:
      - navigating to "http://localhost:5174/register", waiting until "load"


      214 |    */
      215 |   test('TS07 - valida todos os campos vazios com mensagens de validação individuais', async ({ page }) => {
    > 216 |     await page.goto('/register');
          |                ^
      217 |     await waitForPageLoad(page, 'register');
      218 |
      219 |     // Click "next" button with all fields empty
        at D:\github-projects\tester.com\e2e\specs\frontend\register.spec.ts:216:16

    attachment #1: screenshot (image/png) ──────────────────────────────────────────────────────────
    ..\..\..\test-results\register-Register-TS07---v-084f4-ns-de-validação-individuais-frontend-webkit-retry1\test-failed-1.png
    ────────────────────────────────────────────────────────────────────────────────────────────────

    attachment #3: video (video/webm) ──────────────────────────────────────────────────────────────
    ..\..\..\test-results\register-Register-TS07---v-084f4-ns-de-validação-individuais-frontend-webkit-retry1\video.webm
    ────────────────────────────────────────────────────────────────────────────────────────────────

    attachment #4: trace (application/zip) ─────────────────────────────────────────────────────────
    ..\..\..\test-results\register-Register-TS07---v-084f4-ns-de-validação-individuais-frontend-webkit-retry1\trace.zip
    Usage:

        npx playwright show-trace ..\..\..\test-results\register-Register-TS07---v-084f4-ns-de-validação-individuais-frontend-webkit-retry1\trace.zip

    ────────────────────────────────────────────────────────────────────────────────────────────────
]]>
</failure>
<system-out>
<![CDATA[
[[ATTACHMENT|test-results\register-Register-TS07---v-084f4-ns-de-validação-individuais-frontend-webkit\test-failed-1.png]]

[[ATTACHMENT|test-results\register-Register-TS07---v-084f4-ns-de-validação-individuais-frontend-webkit\video.webm]]

[[ATTACHMENT|test-results\register-Register-TS07---v-084f4-ns-de-validação-individuais-frontend-webkit-retry1\test-failed-1.png]]

[[ATTACHMENT|test-results\register-Register-TS07---v-084f4-ns-de-validação-individuais-frontend-webkit-retry1\video.webm]]

[[ATTACHMENT|test-results\register-Register-TS07---v-084f4-ns-de-validação-individuais-frontend-webkit-retry1\trace.zip]]
]]>
</system-out>
</testcase>
</testsuite>
<testsuite name="auth.spec.ts" timestamp="2026-03-19T23:12:14.101Z" hostname="frontend-edge" tests="6" failures="6" skipped="0" time="44.032" errors="0">
<testcase name="Login › TS01 - login válido com redirect next e saudação" classname="auth.spec.ts" time="7.507">
<failure message="auth.spec.ts:33:3 TS01 - login válido com redirect next e saudação" type="FAILURE">
<![CDATA[  [frontend-edge] › auth.spec.ts:33:3 › Login › TS01 - login válido com redirect next e saudação ───

    Error: page.goto: net::ERR_CONNECTION_REFUSED at http://localhost:5174/login?next=/cart
    Call log:
      - navigating to "http://localhost:5174/login?next=/cart", waiting until "load"


      32 |
      33 |   test('TS01 - login válido com redirect next e saudação', async ({ page, waitForPageLoad }) => {
    > 34 |     await page.goto('/login?next=/cart');
         |                ^
      35 |     await waitForPageLoad(page, 'login');
      36 |
      37 |     await page.fill(selectors.login.email, 'valid@example.com');
        at D:\github-projects\tester.com\e2e\specs\frontend\auth.spec.ts:34:16

    attachment #1: screenshot (image/png) ──────────────────────────────────────────────────────────
    ..\..\..\test-results\auth-Login-TS01---login-válido-com-redirect-next-e-saudação-frontend-edge\test-failed-1.png
    ────────────────────────────────────────────────────────────────────────────────────────────────

    attachment #3: video (video/webm) ──────────────────────────────────────────────────────────────
    ..\..\..\test-results\auth-Login-TS01---login-válido-com-redirect-next-e-saudação-frontend-edge\video.webm
    ────────────────────────────────────────────────────────────────────────────────────────────────

    Error Context: ..\..\..\test-results\auth-Login-TS01---login-válido-com-redirect-next-e-saudação-frontend-edge\error-context.md

    Retry #1 ───────────────────────────────────────────────────────────────────────────────────────

    Error: page.goto: net::ERR_CONNECTION_REFUSED at http://localhost:5174/login?next=/cart
    Call log:
      - navigating to "http://localhost:5174/login?next=/cart", waiting until "load"


      32 |
      33 |   test('TS01 - login válido com redirect next e saudação', async ({ page, waitForPageLoad }) => {
    > 34 |     await page.goto('/login?next=/cart');
         |                ^
      35 |     await waitForPageLoad(page, 'login');
      36 |
      37 |     await page.fill(selectors.login.email, 'valid@example.com');
        at D:\github-projects\tester.com\e2e\specs\frontend\auth.spec.ts:34:16

    attachment #1: screenshot (image/png) ──────────────────────────────────────────────────────────
    ..\..\..\test-results\auth-Login-TS01---login-válido-com-redirect-next-e-saudação-frontend-edge-retry1\test-failed-1.png
    ────────────────────────────────────────────────────────────────────────────────────────────────

    attachment #3: video (video/webm) ──────────────────────────────────────────────────────────────
    ..\..\..\test-results\auth-Login-TS01---login-válido-com-redirect-next-e-saudação-frontend-edge-retry1\video.webm
    ────────────────────────────────────────────────────────────────────────────────────────────────

    Error Context: ..\..\..\test-results\auth-Login-TS01---login-válido-com-redirect-next-e-saudação-frontend-edge-retry1\error-context.md

    attachment #5: trace (application/zip) ─────────────────────────────────────────────────────────
    ..\..\..\test-results\auth-Login-TS01---login-válido-com-redirect-next-e-saudação-frontend-edge-retry1\trace.zip
    Usage:

        npx playwright show-trace ..\..\..\test-results\auth-Login-TS01---login-válido-com-redirect-next-e-saudação-frontend-edge-retry1\trace.zip

    ────────────────────────────────────────────────────────────────────────────────────────────────
]]>
</failure>
<system-out>
<![CDATA[
[[ATTACHMENT|test-results\auth-Login-TS01---login-válido-com-redirect-next-e-saudação-frontend-edge\test-failed-1.png]]

[[ATTACHMENT|test-results\auth-Login-TS01---login-válido-com-redirect-next-e-saudação-frontend-edge\video.webm]]

[[ATTACHMENT|test-results\auth-Login-TS01---login-válido-com-redirect-next-e-saudação-frontend-edge\error-context.md]]

[[ATTACHMENT|test-results\auth-Login-TS01---login-válido-com-redirect-next-e-saudação-frontend-edge-retry1\test-failed-1.png]]

[[ATTACHMENT|test-results\auth-Login-TS01---login-válido-com-redirect-next-e-saudação-frontend-edge-retry1\video.webm]]

[[ATTACHMENT|test-results\auth-Login-TS01---login-válido-com-redirect-next-e-saudação-frontend-edge-retry1\error-context.md]]

[[ATTACHMENT|test-results\auth-Login-TS01---login-válido-com-redirect-next-e-saudação-frontend-edge-retry1\trace.zip]]
]]>
</system-out>
</testcase>
<testcase name="Login › TS02 - deve exibir erro para credenciais inválidas" classname="auth.spec.ts" time="7.473">
<failure message="auth.spec.ts:46:3 TS02 - deve exibir erro para credenciais inválidas" type="FAILURE">
<![CDATA[  [frontend-edge] › auth.spec.ts:46:3 › Login › TS02 - deve exibir erro para credenciais inválidas ─

    Error: page.goto: net::ERR_CONNECTION_REFUSED at http://localhost:5174/login
    Call log:
      - navigating to "http://localhost:5174/login", waiting until "load"


      45 |
      46 |   test('TS02 - deve exibir erro para credenciais inválidas', async ({ page, waitForPageLoad }) => {
    > 47 |     await page.goto('/login');
         |                ^
      48 |     await waitForPageLoad(page, 'login');
      49 |
      50 |     await page.fill(selectors.login.email, 'invalid@example.com');
        at D:\github-projects\tester.com\e2e\specs\frontend\auth.spec.ts:47:16

    attachment #1: screenshot (image/png) ──────────────────────────────────────────────────────────
    ..\..\..\test-results\auth-Login-TS02---deve-exi-2cc88--para-credenciais-inválidas-frontend-edge\test-failed-1.png
    ────────────────────────────────────────────────────────────────────────────────────────────────

    attachment #3: video (video/webm) ──────────────────────────────────────────────────────────────
    ..\..\..\test-results\auth-Login-TS02---deve-exi-2cc88--para-credenciais-inválidas-frontend-edge\video.webm
    ────────────────────────────────────────────────────────────────────────────────────────────────

    Error Context: ..\..\..\test-results\auth-Login-TS02---deve-exi-2cc88--para-credenciais-inválidas-frontend-edge\error-context.md

    Retry #1 ───────────────────────────────────────────────────────────────────────────────────────

    Error: page.goto: net::ERR_CONNECTION_REFUSED at http://localhost:5174/login
    Call log:
      - navigating to "http://localhost:5174/login", waiting until "load"


      45 |
      46 |   test('TS02 - deve exibir erro para credenciais inválidas', async ({ page, waitForPageLoad }) => {
    > 47 |     await page.goto('/login');
         |                ^
      48 |     await waitForPageLoad(page, 'login');
      49 |
      50 |     await page.fill(selectors.login.email, 'invalid@example.com');
        at D:\github-projects\tester.com\e2e\specs\frontend\auth.spec.ts:47:16

    attachment #1: screenshot (image/png) ──────────────────────────────────────────────────────────
    ..\..\..\test-results\auth-Login-TS02---deve-exi-2cc88--para-credenciais-inválidas-frontend-edge-retry1\test-failed-1.png
    ────────────────────────────────────────────────────────────────────────────────────────────────

    attachment #3: video (video/webm) ──────────────────────────────────────────────────────────────
    ..\..\..\test-results\auth-Login-TS02---deve-exi-2cc88--para-credenciais-inválidas-frontend-edge-retry1\video.webm
    ────────────────────────────────────────────────────────────────────────────────────────────────

    Error Context: ..\..\..\test-results\auth-Login-TS02---deve-exi-2cc88--para-credenciais-inválidas-frontend-edge-retry1\error-context.md

    attachment #5: trace (application/zip) ─────────────────────────────────────────────────────────
    ..\..\..\test-results\auth-Login-TS02---deve-exi-2cc88--para-credenciais-inválidas-frontend-edge-retry1\trace.zip
    Usage:

        npx playwright show-trace ..\..\..\test-results\auth-Login-TS02---deve-exi-2cc88--para-credenciais-inválidas-frontend-edge-retry1\trace.zip

    ────────────────────────────────────────────────────────────────────────────────────────────────
]]>
</failure>
<system-out>
<![CDATA[
[[ATTACHMENT|test-results\auth-Login-TS02---deve-exi-2cc88--para-credenciais-inválidas-frontend-edge\test-failed-1.png]]

[[ATTACHMENT|test-results\auth-Login-TS02---deve-exi-2cc88--para-credenciais-inválidas-frontend-edge\video.webm]]

[[ATTACHMENT|test-results\auth-Login-TS02---deve-exi-2cc88--para-credenciais-inválidas-frontend-edge\error-context.md]]

[[ATTACHMENT|test-results\auth-Login-TS02---deve-exi-2cc88--para-credenciais-inválidas-frontend-edge-retry1\test-failed-1.png]]

[[ATTACHMENT|test-results\auth-Login-TS02---deve-exi-2cc88--para-credenciais-inválidas-frontend-edge-retry1\video.webm]]

[[ATTACHMENT|test-results\auth-Login-TS02---deve-exi-2cc88--para-credenciais-inválidas-frontend-edge-retry1\error-context.md]]

[[ATTACHMENT|test-results\auth-Login-TS02---deve-exi-2cc88--para-credenciais-inválidas-frontend-edge-retry1\trace.zip]]
]]>
</system-out>
</testcase>
<testcase name="Login › TS03 - deve validar campos obrigatórios" classname="auth.spec.ts" time="7.219">
<failure message="auth.spec.ts:57:3 TS03 - deve validar campos obrigatórios" type="FAILURE">
<![CDATA[  [frontend-edge] › auth.spec.ts:57:3 › Login › TS03 - deve validar campos obrigatórios ────────────

    Error: page.goto: net::ERR_CONNECTION_REFUSED at http://localhost:5174/login
    Call log:
      - navigating to "http://localhost:5174/login", waiting until "load"


      56 |
      57 |   test('TS03 - deve validar campos obrigatórios', async ({ page, waitForPageLoad }) => {
    > 58 |     await page.goto('/login');
         |                ^
      59 |     await waitForPageLoad(page, 'login');
      60 |
      61 |     await page.click(selectors.login.submit);
        at D:\github-projects\tester.com\e2e\specs\frontend\auth.spec.ts:58:16

    attachment #1: screenshot (image/png) ──────────────────────────────────────────────────────────
    ..\..\..\test-results\auth-Login-TS03---deve-validar-campos-obrigatórios-frontend-edge\test-failed-1.png
    ────────────────────────────────────────────────────────────────────────────────────────────────

    attachment #3: video (video/webm) ──────────────────────────────────────────────────────────────
    ..\..\..\test-results\auth-Login-TS03---deve-validar-campos-obrigatórios-frontend-edge\video.webm
    ────────────────────────────────────────────────────────────────────────────────────────────────

    Error Context: ..\..\..\test-results\auth-Login-TS03---deve-validar-campos-obrigatórios-frontend-edge\error-context.md

    Retry #1 ───────────────────────────────────────────────────────────────────────────────────────

    Error: page.goto: net::ERR_CONNECTION_REFUSED at http://localhost:5174/login
    Call log:
      - navigating to "http://localhost:5174/login", waiting until "load"


      56 |
      57 |   test('TS03 - deve validar campos obrigatórios', async ({ page, waitForPageLoad }) => {
    > 58 |     await page.goto('/login');
         |                ^
      59 |     await waitForPageLoad(page, 'login');
      60 |
      61 |     await page.click(selectors.login.submit);
        at D:\github-projects\tester.com\e2e\specs\frontend\auth.spec.ts:58:16

    attachment #1: screenshot (image/png) ──────────────────────────────────────────────────────────
    ..\..\..\test-results\auth-Login-TS03---deve-validar-campos-obrigatórios-frontend-edge-retry1\test-failed-1.png
    ────────────────────────────────────────────────────────────────────────────────────────────────

    attachment #3: video (video/webm) ──────────────────────────────────────────────────────────────
    ..\..\..\test-results\auth-Login-TS03---deve-validar-campos-obrigatórios-frontend-edge-retry1\video.webm
    ────────────────────────────────────────────────────────────────────────────────────────────────

    Error Context: ..\..\..\test-results\auth-Login-TS03---deve-validar-campos-obrigatórios-frontend-edge-retry1\error-context.md

    attachment #5: trace (application/zip) ─────────────────────────────────────────────────────────
    ..\..\..\test-results\auth-Login-TS03---deve-validar-campos-obrigatórios-frontend-edge-retry1\trace.zip
    Usage:

        npx playwright show-trace ..\..\..\test-results\auth-Login-TS03---deve-validar-campos-obrigatórios-frontend-edge-retry1\trace.zip

    ────────────────────────────────────────────────────────────────────────────────────────────────
]]>
</failure>
<system-out>
<![CDATA[
[[ATTACHMENT|test-results\auth-Login-TS03---deve-validar-campos-obrigatórios-frontend-edge\test-failed-1.png]]

[[ATTACHMENT|test-results\auth-Login-TS03---deve-validar-campos-obrigatórios-frontend-edge\video.webm]]

[[ATTACHMENT|test-results\auth-Login-TS03---deve-validar-campos-obrigatórios-frontend-edge\error-context.md]]

[[ATTACHMENT|test-results\auth-Login-TS03---deve-validar-campos-obrigatórios-frontend-edge-retry1\test-failed-1.png]]

[[ATTACHMENT|test-results\auth-Login-TS03---deve-validar-campos-obrigatórios-frontend-edge-retry1\video.webm]]

[[ATTACHMENT|test-results\auth-Login-TS03---deve-validar-campos-obrigatórios-frontend-edge-retry1\error-context.md]]

[[ATTACHMENT|test-results\auth-Login-TS03---deve-validar-campos-obrigatórios-frontend-edge-retry1\trace.zip]]
]]>
</system-out>
</testcase>
<testcase name="Login › TS04 - login com senha em branco" classname="auth.spec.ts" time="7.338">
<failure message="auth.spec.ts:65:3 TS04 - login com senha em branco" type="FAILURE">
<![CDATA[  [frontend-edge] › auth.spec.ts:65:3 › Login › TS04 - login com senha em branco ───────────────────

    Error: page.goto: net::ERR_CONNECTION_REFUSED at http://localhost:5174/login
    Call log:
      - navigating to "http://localhost:5174/login", waiting until "load"


      64 |
      65 |   test('TS04 - login com senha em branco', async ({ page, waitForPageLoad }) => {
    > 66 |     await page.goto('/login');
         |                ^
      67 |     await waitForPageLoad(page, 'login');
      68 |
      69 |     await page.fill(selectors.login.email, 'valid@example.com');
        at D:\github-projects\tester.com\e2e\specs\frontend\auth.spec.ts:66:16

    attachment #1: screenshot (image/png) ──────────────────────────────────────────────────────────
    ..\..\..\test-results\auth-Login-TS04---login-com-senha-em-branco-frontend-edge\test-failed-1.png
    ────────────────────────────────────────────────────────────────────────────────────────────────

    attachment #3: video (video/webm) ──────────────────────────────────────────────────────────────
    ..\..\..\test-results\auth-Login-TS04---login-com-senha-em-branco-frontend-edge\video.webm
    ────────────────────────────────────────────────────────────────────────────────────────────────

    Error Context: ..\..\..\test-results\auth-Login-TS04---login-com-senha-em-branco-frontend-edge\error-context.md

    Retry #1 ───────────────────────────────────────────────────────────────────────────────────────

    Error: page.goto: net::ERR_CONNECTION_REFUSED at http://localhost:5174/login
    Call log:
      - navigating to "http://localhost:5174/login", waiting until "load"


      64 |
      65 |   test('TS04 - login com senha em branco', async ({ page, waitForPageLoad }) => {
    > 66 |     await page.goto('/login');
         |                ^
      67 |     await waitForPageLoad(page, 'login');
      68 |
      69 |     await page.fill(selectors.login.email, 'valid@example.com');
        at D:\github-projects\tester.com\e2e\specs\frontend\auth.spec.ts:66:16

    attachment #1: screenshot (image/png) ──────────────────────────────────────────────────────────
    ..\..\..\test-results\auth-Login-TS04---login-com-senha-em-branco-frontend-edge-retry1\test-failed-1.png
    ────────────────────────────────────────────────────────────────────────────────────────────────

    attachment #3: video (video/webm) ──────────────────────────────────────────────────────────────
    ..\..\..\test-results\auth-Login-TS04---login-com-senha-em-branco-frontend-edge-retry1\video.webm
    ────────────────────────────────────────────────────────────────────────────────────────────────

    Error Context: ..\..\..\test-results\auth-Login-TS04---login-com-senha-em-branco-frontend-edge-retry1\error-context.md

    attachment #5: trace (application/zip) ─────────────────────────────────────────────────────────
    ..\..\..\test-results\auth-Login-TS04---login-com-senha-em-branco-frontend-edge-retry1\trace.zip
    Usage:

        npx playwright show-trace ..\..\..\test-results\auth-Login-TS04---login-com-senha-em-branco-frontend-edge-retry1\trace.zip

    ────────────────────────────────────────────────────────────────────────────────────────────────
]]>
</failure>
<system-out>
<![CDATA[
[[ATTACHMENT|test-results\auth-Login-TS04---login-com-senha-em-branco-frontend-edge\test-failed-1.png]]

[[ATTACHMENT|test-results\auth-Login-TS04---login-com-senha-em-branco-frontend-edge\video.webm]]

[[ATTACHMENT|test-results\auth-Login-TS04---login-com-senha-em-branco-frontend-edge\error-context.md]]

[[ATTACHMENT|test-results\auth-Login-TS04---login-com-senha-em-branco-frontend-edge-retry1\test-failed-1.png]]

[[ATTACHMENT|test-results\auth-Login-TS04---login-com-senha-em-branco-frontend-edge-retry1\video.webm]]

[[ATTACHMENT|test-results\auth-Login-TS04---login-com-senha-em-branco-frontend-edge-retry1\error-context.md]]

[[ATTACHMENT|test-results\auth-Login-TS04---login-com-senha-em-branco-frontend-edge-retry1\trace.zip]]
]]>
</system-out>
</testcase>
<testcase name="Login › TS05 - login com usuário em branco" classname="auth.spec.ts" time="7.74">
<failure message="auth.spec.ts:76:3 TS05 - login com usuário em branco" type="FAILURE">
<![CDATA[  [frontend-edge] › auth.spec.ts:76:3 › Login › TS05 - login com usuário em branco ─────────────────

    Error: page.goto: net::ERR_CONNECTION_REFUSED at http://localhost:5174/login
    Call log:
      - navigating to "http://localhost:5174/login", waiting until "load"


      75 |
      76 |   test('TS05 - login com usuário em branco', async ({ page, waitForPageLoad }) => {
    > 77 |     await page.goto('/login');
         |                ^
      78 |     await waitForPageLoad(page, 'login');
      79 |
      80 |     await page.fill(selectors.login.email, '');
        at D:\github-projects\tester.com\e2e\specs\frontend\auth.spec.ts:77:16

    attachment #1: screenshot (image/png) ──────────────────────────────────────────────────────────
    ..\..\..\test-results\auth-Login-TS05---login-com-usuário-em-branco-frontend-edge\test-failed-1.png
    ────────────────────────────────────────────────────────────────────────────────────────────────

    attachment #3: video (video/webm) ──────────────────────────────────────────────────────────────
    ..\..\..\test-results\auth-Login-TS05---login-com-usuário-em-branco-frontend-edge\video.webm
    ────────────────────────────────────────────────────────────────────────────────────────────────

    Error Context: ..\..\..\test-results\auth-Login-TS05---login-com-usuário-em-branco-frontend-edge\error-context.md

    Retry #1 ───────────────────────────────────────────────────────────────────────────────────────

    Error: page.goto: net::ERR_CONNECTION_REFUSED at http://localhost:5174/login
    Call log:
      - navigating to "http://localhost:5174/login", waiting until "load"


      75 |
      76 |   test('TS05 - login com usuário em branco', async ({ page, waitForPageLoad }) => {
    > 77 |     await page.goto('/login');
         |                ^
      78 |     await waitForPageLoad(page, 'login');
      79 |
      80 |     await page.fill(selectors.login.email, '');
        at D:\github-projects\tester.com\e2e\specs\frontend\auth.spec.ts:77:16

    attachment #1: screenshot (image/png) ──────────────────────────────────────────────────────────
    ..\..\..\test-results\auth-Login-TS05---login-com-usuário-em-branco-frontend-edge-retry1\test-failed-1.png
    ────────────────────────────────────────────────────────────────────────────────────────────────

    attachment #3: video (video/webm) ──────────────────────────────────────────────────────────────
    ..\..\..\test-results\auth-Login-TS05---login-com-usuário-em-branco-frontend-edge-retry1\video.webm
    ────────────────────────────────────────────────────────────────────────────────────────────────

    Error Context: ..\..\..\test-results\auth-Login-TS05---login-com-usuário-em-branco-frontend-edge-retry1\error-context.md

    attachment #5: trace (application/zip) ─────────────────────────────────────────────────────────
    ..\..\..\test-results\auth-Login-TS05---login-com-usuário-em-branco-frontend-edge-retry1\trace.zip
    Usage:

        npx playwright show-trace ..\..\..\test-results\auth-Login-TS05---login-com-usuário-em-branco-frontend-edge-retry1\trace.zip

    ────────────────────────────────────────────────────────────────────────────────────────────────
]]>
</failure>
<system-out>
<![CDATA[
[[ATTACHMENT|test-results\auth-Login-TS05---login-com-usuário-em-branco-frontend-edge\test-failed-1.png]]

[[ATTACHMENT|test-results\auth-Login-TS05---login-com-usuário-em-branco-frontend-edge\video.webm]]

[[ATTACHMENT|test-results\auth-Login-TS05---login-com-usuário-em-branco-frontend-edge\error-context.md]]

[[ATTACHMENT|test-results\auth-Login-TS05---login-com-usuário-em-branco-frontend-edge-retry1\test-failed-1.png]]

[[ATTACHMENT|test-results\auth-Login-TS05---login-com-usuário-em-branco-frontend-edge-retry1\video.webm]]

[[ATTACHMENT|test-results\auth-Login-TS05---login-com-usuário-em-branco-frontend-edge-retry1\error-context.md]]

[[ATTACHMENT|test-results\auth-Login-TS05---login-com-usuário-em-branco-frontend-edge-retry1\trace.zip]]
]]>
</system-out>
</testcase>
<testcase name="Login › TS06 - deve manter estado autenticado após reload" classname="auth.spec.ts" time="6.755">
<failure message="auth.spec.ts:87:3 TS06 - deve manter estado autenticado após reload" type="FAILURE">
<![CDATA[  [frontend-edge] › auth.spec.ts:87:3 › Login › TS06 - deve manter estado autenticado após reload ──

    Error: page.goto: net::ERR_CONNECTION_REFUSED at http://localhost:5174/login
    Call log:
      - navigating to "http://localhost:5174/login", waiting until "load"


      86 |
      87 |   test('TS06 - deve manter estado autenticado após reload', async ({ page, waitForPageLoad }) => {
    > 88 |     await page.goto('/login');
         |                ^
      89 |     await waitForPageLoad(page, 'login');
      90 |
      91 |     await page.fill(selectors.login.email, 'valid@example.com');
        at D:\github-projects\tester.com\e2e\specs\frontend\auth.spec.ts:88:16

    attachment #1: screenshot (image/png) ──────────────────────────────────────────────────────────
    ..\..\..\test-results\auth-Login-TS06---deve-manter-estado-autenticado-após-reload-frontend-edge\test-failed-1.png
    ────────────────────────────────────────────────────────────────────────────────────────────────

    attachment #3: video (video/webm) ──────────────────────────────────────────────────────────────
    ..\..\..\test-results\auth-Login-TS06---deve-manter-estado-autenticado-após-reload-frontend-edge\video.webm
    ────────────────────────────────────────────────────────────────────────────────────────────────

    Error Context: ..\..\..\test-results\auth-Login-TS06---deve-manter-estado-autenticado-após-reload-frontend-edge\error-context.md

    Retry #1 ───────────────────────────────────────────────────────────────────────────────────────

    Error: page.goto: net::ERR_CONNECTION_REFUSED at http://localhost:5174/login
    Call log:
      - navigating to "http://localhost:5174/login", waiting until "load"


      86 |
      87 |   test('TS06 - deve manter estado autenticado após reload', async ({ page, waitForPageLoad }) => {
    > 88 |     await page.goto('/login');
         |                ^
      89 |     await waitForPageLoad(page, 'login');
      90 |
      91 |     await page.fill(selectors.login.email, 'valid@example.com');
        at D:\github-projects\tester.com\e2e\specs\frontend\auth.spec.ts:88:16

    attachment #1: screenshot (image/png) ──────────────────────────────────────────────────────────
    ..\..\..\test-results\auth-Login-TS06---deve-manter-estado-autenticado-após-reload-frontend-edge-retry1\test-failed-1.png
    ────────────────────────────────────────────────────────────────────────────────────────────────

    attachment #3: video (video/webm) ──────────────────────────────────────────────────────────────
    ..\..\..\test-results\auth-Login-TS06---deve-manter-estado-autenticado-após-reload-frontend-edge-retry1\video.webm
    ────────────────────────────────────────────────────────────────────────────────────────────────

    Error Context: ..\..\..\test-results\auth-Login-TS06---deve-manter-estado-autenticado-após-reload-frontend-edge-retry1\error-context.md

    attachment #5: trace (application/zip) ─────────────────────────────────────────────────────────
    ..\..\..\test-results\auth-Login-TS06---deve-manter-estado-autenticado-após-reload-frontend-edge-retry1\trace.zip
    Usage:

        npx playwright show-trace ..\..\..\test-results\auth-Login-TS06---deve-manter-estado-autenticado-após-reload-frontend-edge-retry1\trace.zip

    ────────────────────────────────────────────────────────────────────────────────────────────────
]]>
</failure>
<system-out>
<![CDATA[
[[ATTACHMENT|test-results\auth-Login-TS06---deve-manter-estado-autenticado-após-reload-frontend-edge\test-failed-1.png]]

[[ATTACHMENT|test-results\auth-Login-TS06---deve-manter-estado-autenticado-após-reload-frontend-edge\video.webm]]

[[ATTACHMENT|test-results\auth-Login-TS06---deve-manter-estado-autenticado-após-reload-frontend-edge\error-context.md]]

[[ATTACHMENT|test-results\auth-Login-TS06---deve-manter-estado-autenticado-após-reload-frontend-edge-retry1\test-failed-1.png]]

[[ATTACHMENT|test-results\auth-Login-TS06---deve-manter-estado-autenticado-após-reload-frontend-edge-retry1\video.webm]]

[[ATTACHMENT|test-results\auth-Login-TS06---deve-manter-estado-autenticado-após-reload-frontend-edge-retry1\error-context.md]]

[[ATTACHMENT|test-results\auth-Login-TS06---deve-manter-estado-autenticado-após-reload-frontend-edge-retry1\trace.zip]]
]]>
</system-out>
</testcase>
</testsuite>
<testsuite name="cart-checkout.spec.ts" timestamp="2026-03-19T23:12:14.101Z" hostname="frontend-edge" tests="3" failures="3" skipped="0" time="22.278" errors="0">
<testcase name="Cart and Checkout › TS01 usuário logado deve finalizar checkout e ir para thank-you" classname="cart-checkout.spec.ts" time="6.72">
<failure message="cart-checkout.spec.ts:35:3 TS01 usuário logado deve finalizar checkout e ir para thank-you" type="FAILURE">
<![CDATA[  [frontend-edge] › cart-checkout.spec.ts:35:3 › Cart and Checkout › TS01 usuário logado deve finalizar checkout e ir para thank-you 

    Error: page.goto: net::ERR_CONNECTION_REFUSED at http://localhost:5174/
    Call log:
      - navigating to "http://localhost:5174/", waiting until "load"


      42 |     });
      43 |
    > 44 |     await page.goto('/');
         |                ^
      45 |     await waitForPageLoad(page, 'catalog');
      46 |
      47 |     await page.getByRole('button', { name: /Adicionar ao Carrinho|Add to Cart/i }).first().click();
        at D:\github-projects\tester.com\e2e\specs\frontend\cart-checkout.spec.ts:44:16

    attachment #1: screenshot (image/png) ──────────────────────────────────────────────────────────
    ..\..\..\test-results\cart-checkout-Cart-and-Che-7c373-heckout-e-ir-para-thank-you-frontend-edge\test-failed-1.png
    ────────────────────────────────────────────────────────────────────────────────────────────────

    attachment #3: video (video/webm) ──────────────────────────────────────────────────────────────
    ..\..\..\test-results\cart-checkout-Cart-and-Che-7c373-heckout-e-ir-para-thank-you-frontend-edge\video.webm
    ────────────────────────────────────────────────────────────────────────────────────────────────

    Error Context: ..\..\..\test-results\cart-checkout-Cart-and-Che-7c373-heckout-e-ir-para-thank-you-frontend-edge\error-context.md

    Retry #1 ───────────────────────────────────────────────────────────────────────────────────────

    Error: page.goto: net::ERR_CONNECTION_REFUSED at http://localhost:5174/
    Call log:
      - navigating to "http://localhost:5174/", waiting until "load"


      42 |     });
      43 |
    > 44 |     await page.goto('/');
         |                ^
      45 |     await waitForPageLoad(page, 'catalog');
      46 |
      47 |     await page.getByRole('button', { name: /Adicionar ao Carrinho|Add to Cart/i }).first().click();
        at D:\github-projects\tester.com\e2e\specs\frontend\cart-checkout.spec.ts:44:16

    attachment #1: screenshot (image/png) ──────────────────────────────────────────────────────────
    ..\..\..\test-results\cart-checkout-Cart-and-Che-7c373-heckout-e-ir-para-thank-you-frontend-edge-retry1\test-failed-1.png
    ────────────────────────────────────────────────────────────────────────────────────────────────

    attachment #3: video (video/webm) ──────────────────────────────────────────────────────────────
    ..\..\..\test-results\cart-checkout-Cart-and-Che-7c373-heckout-e-ir-para-thank-you-frontend-edge-retry1\video.webm
    ────────────────────────────────────────────────────────────────────────────────────────────────

    Error Context: ..\..\..\test-results\cart-checkout-Cart-and-Che-7c373-heckout-e-ir-para-thank-you-frontend-edge-retry1\error-context.md

    attachment #5: trace (application/zip) ─────────────────────────────────────────────────────────
    ..\..\..\test-results\cart-checkout-Cart-and-Che-7c373-heckout-e-ir-para-thank-you-frontend-edge-retry1\trace.zip
    Usage:

        npx playwright show-trace ..\..\..\test-results\cart-checkout-Cart-and-Che-7c373-heckout-e-ir-para-thank-you-frontend-edge-retry1\trace.zip

    ────────────────────────────────────────────────────────────────────────────────────────────────
]]>
</failure>
<system-out>
<![CDATA[
[[ATTACHMENT|test-results\cart-checkout-Cart-and-Che-7c373-heckout-e-ir-para-thank-you-frontend-edge\test-failed-1.png]]

[[ATTACHMENT|test-results\cart-checkout-Cart-and-Che-7c373-heckout-e-ir-para-thank-you-frontend-edge\video.webm]]

[[ATTACHMENT|test-results\cart-checkout-Cart-and-Che-7c373-heckout-e-ir-para-thank-you-frontend-edge\error-context.md]]

[[ATTACHMENT|test-results\cart-checkout-Cart-and-Che-7c373-heckout-e-ir-para-thank-you-frontend-edge-retry1\test-failed-1.png]]

[[ATTACHMENT|test-results\cart-checkout-Cart-and-Che-7c373-heckout-e-ir-para-thank-you-frontend-edge-retry1\video.webm]]

[[ATTACHMENT|test-results\cart-checkout-Cart-and-Che-7c373-heckout-e-ir-para-thank-you-frontend-edge-retry1\error-context.md]]

[[ATTACHMENT|test-results\cart-checkout-Cart-and-Che-7c373-heckout-e-ir-para-thank-you-frontend-edge-retry1\trace.zip]]
]]>
</system-out>
</testcase>
<testcase name="Cart and Checkout › TS02 usuário não logado deve ser redirecionado para login com next" classname="cart-checkout.spec.ts" time="7.068">
<failure message="cart-checkout.spec.ts:58:3 TS02 usuário não logado deve ser redirecionado para login com next" type="FAILURE">
<![CDATA[  [frontend-edge] › cart-checkout.spec.ts:58:3 › Cart and Checkout › TS02 usuário não logado deve ser redirecionado para login com next 

    Error: page.goto: net::ERR_CONNECTION_REFUSED at http://localhost:5174/
    Call log:
      - navigating to "http://localhost:5174/", waiting until "load"


      57 |
      58 |   test('TS02 usuário não logado deve ser redirecionado para login com next', async ({ page, waitForPageLoad }) => {
    > 59 |     await page.goto('/');
         |                ^
      60 |     await waitForPageLoad(page, 'catalog');
      61 |
      62 |     await page.getByRole('button', { name: /Adicionar ao Carrinho|Add to Cart/i }).first().click();
        at D:\github-projects\tester.com\e2e\specs\frontend\cart-checkout.spec.ts:59:16

    attachment #1: screenshot (image/png) ──────────────────────────────────────────────────────────
    ..\..\..\test-results\cart-checkout-Cart-and-Che-5c439-cionado-para-login-com-next-frontend-edge\test-failed-1.png
    ────────────────────────────────────────────────────────────────────────────────────────────────

    attachment #3: video (video/webm) ──────────────────────────────────────────────────────────────
    ..\..\..\test-results\cart-checkout-Cart-and-Che-5c439-cionado-para-login-com-next-frontend-edge\video.webm
    ────────────────────────────────────────────────────────────────────────────────────────────────

    Error Context: ..\..\..\test-results\cart-checkout-Cart-and-Che-5c439-cionado-para-login-com-next-frontend-edge\error-context.md

    Retry #1 ───────────────────────────────────────────────────────────────────────────────────────

    Error: page.goto: net::ERR_CONNECTION_REFUSED at http://localhost:5174/
    Call log:
      - navigating to "http://localhost:5174/", waiting until "load"


      57 |
      58 |   test('TS02 usuário não logado deve ser redirecionado para login com next', async ({ page, waitForPageLoad }) => {
    > 59 |     await page.goto('/');
         |                ^
      60 |     await waitForPageLoad(page, 'catalog');
      61 |
      62 |     await page.getByRole('button', { name: /Adicionar ao Carrinho|Add to Cart/i }).first().click();
        at D:\github-projects\tester.com\e2e\specs\frontend\cart-checkout.spec.ts:59:16

    attachment #1: screenshot (image/png) ──────────────────────────────────────────────────────────
    ..\..\..\test-results\cart-checkout-Cart-and-Che-5c439-cionado-para-login-com-next-frontend-edge-retry1\test-failed-1.png
    ────────────────────────────────────────────────────────────────────────────────────────────────

    attachment #3: video (video/webm) ──────────────────────────────────────────────────────────────
    ..\..\..\test-results\cart-checkout-Cart-and-Che-5c439-cionado-para-login-com-next-frontend-edge-retry1\video.webm
    ────────────────────────────────────────────────────────────────────────────────────────────────

    Error Context: ..\..\..\test-results\cart-checkout-Cart-and-Che-5c439-cionado-para-login-com-next-frontend-edge-retry1\error-context.md

    attachment #5: trace (application/zip) ─────────────────────────────────────────────────────────
    ..\..\..\test-results\cart-checkout-Cart-and-Che-5c439-cionado-para-login-com-next-frontend-edge-retry1\trace.zip
    Usage:

        npx playwright show-trace ..\..\..\test-results\cart-checkout-Cart-and-Che-5c439-cionado-para-login-com-next-frontend-edge-retry1\trace.zip

    ────────────────────────────────────────────────────────────────────────────────────────────────
]]>
</failure>
<system-out>
<![CDATA[
[[ATTACHMENT|test-results\cart-checkout-Cart-and-Che-5c439-cionado-para-login-com-next-frontend-edge\test-failed-1.png]]

[[ATTACHMENT|test-results\cart-checkout-Cart-and-Che-5c439-cionado-para-login-com-next-frontend-edge\video.webm]]

[[ATTACHMENT|test-results\cart-checkout-Cart-and-Che-5c439-cionado-para-login-com-next-frontend-edge\error-context.md]]

[[ATTACHMENT|test-results\cart-checkout-Cart-and-Che-5c439-cionado-para-login-com-next-frontend-edge-retry1\test-failed-1.png]]

[[ATTACHMENT|test-results\cart-checkout-Cart-and-Che-5c439-cionado-para-login-com-next-frontend-edge-retry1\video.webm]]

[[ATTACHMENT|test-results\cart-checkout-Cart-and-Che-5c439-cionado-para-login-com-next-frontend-edge-retry1\error-context.md]]

[[ATTACHMENT|test-results\cart-checkout-Cart-and-Che-5c439-cionado-para-login-com-next-frontend-edge-retry1\trace.zip]]
]]>
</system-out>
</testcase>
<testcase name="Cart and Checkout › TS03 carrinho vazio deve manter checkout desabilitado" classname="cart-checkout.spec.ts" time="8.49">
<failure message="cart-checkout.spec.ts:70:3 TS03 carrinho vazio deve manter checkout desabilitado" type="FAILURE">
<![CDATA[  [frontend-edge] › cart-checkout.spec.ts:70:3 › Cart and Checkout › TS03 carrinho vazio deve manter checkout desabilitado 

    Error: page.goto: net::ERR_CONNECTION_REFUSED at http://localhost:5174/cart
    Call log:
      - navigating to "http://localhost:5174/cart", waiting until "load"


      69 |
      70 |   test('TS03 carrinho vazio deve manter checkout desabilitado', async ({ page }) => {
    > 71 |     await page.goto('/cart');
         |                ^
      72 |     await expect(page.locator('body')).toContainText('Meu Carrinho');
      73 |     await expect(page.locator('body')).toContainText('Seu carrinho está vazio');
      74 |     await expect(page.locator('body')).toContainText('Adicione produtos do catálogo para começar.');
        at D:\github-projects\tester.com\e2e\specs\frontend\cart-checkout.spec.ts:71:16

    attachment #1: screenshot (image/png) ──────────────────────────────────────────────────────────
    ..\..\..\test-results\cart-checkout-Cart-and-Che-71a2b-anter-checkout-desabilitado-frontend-edge\test-failed-1.png
    ────────────────────────────────────────────────────────────────────────────────────────────────

    attachment #3: video (video/webm) ──────────────────────────────────────────────────────────────
    ..\..\..\test-results\cart-checkout-Cart-and-Che-71a2b-anter-checkout-desabilitado-frontend-edge\video.webm
    ────────────────────────────────────────────────────────────────────────────────────────────────

    Error Context: ..\..\..\test-results\cart-checkout-Cart-and-Che-71a2b-anter-checkout-desabilitado-frontend-edge\error-context.md

    Retry #1 ───────────────────────────────────────────────────────────────────────────────────────

    Error: page.goto: net::ERR_CONNECTION_REFUSED at http://localhost:5174/cart
    Call log:
      - navigating to "http://localhost:5174/cart", waiting until "load"


      69 |
      70 |   test('TS03 carrinho vazio deve manter checkout desabilitado', async ({ page }) => {
    > 71 |     await page.goto('/cart');
         |                ^
      72 |     await expect(page.locator('body')).toContainText('Meu Carrinho');
      73 |     await expect(page.locator('body')).toContainText('Seu carrinho está vazio');
      74 |     await expect(page.locator('body')).toContainText('Adicione produtos do catálogo para começar.');
        at D:\github-projects\tester.com\e2e\specs\frontend\cart-checkout.spec.ts:71:16

    attachment #1: screenshot (image/png) ──────────────────────────────────────────────────────────
    ..\..\..\test-results\cart-checkout-Cart-and-Che-71a2b-anter-checkout-desabilitado-frontend-edge-retry1\test-failed-1.png
    ────────────────────────────────────────────────────────────────────────────────────────────────

    attachment #3: video (video/webm) ──────────────────────────────────────────────────────────────
    ..\..\..\test-results\cart-checkout-Cart-and-Che-71a2b-anter-checkout-desabilitado-frontend-edge-retry1\video.webm
    ────────────────────────────────────────────────────────────────────────────────────────────────

    Error Context: ..\..\..\test-results\cart-checkout-Cart-and-Che-71a2b-anter-checkout-desabilitado-frontend-edge-retry1\error-context.md

    attachment #5: trace (application/zip) ─────────────────────────────────────────────────────────
    ..\..\..\test-results\cart-checkout-Cart-and-Che-71a2b-anter-checkout-desabilitado-frontend-edge-retry1\trace.zip
    Usage:

        npx playwright show-trace ..\..\..\test-results\cart-checkout-Cart-and-Che-71a2b-anter-checkout-desabilitado-frontend-edge-retry1\trace.zip

    ────────────────────────────────────────────────────────────────────────────────────────────────
]]>
</failure>
<system-out>
<![CDATA[
[[ATTACHMENT|test-results\cart-checkout-Cart-and-Che-71a2b-anter-checkout-desabilitado-frontend-edge\test-failed-1.png]]

[[ATTACHMENT|test-results\cart-checkout-Cart-and-Che-71a2b-anter-checkout-desabilitado-frontend-edge\video.webm]]

[[ATTACHMENT|test-results\cart-checkout-Cart-and-Che-71a2b-anter-checkout-desabilitado-frontend-edge\error-context.md]]

[[ATTACHMENT|test-results\cart-checkout-Cart-and-Che-71a2b-anter-checkout-desabilitado-frontend-edge-retry1\test-failed-1.png]]

[[ATTACHMENT|test-results\cart-checkout-Cart-and-Che-71a2b-anter-checkout-desabilitado-frontend-edge-retry1\video.webm]]

[[ATTACHMENT|test-results\cart-checkout-Cart-and-Che-71a2b-anter-checkout-desabilitado-frontend-edge-retry1\error-context.md]]

[[ATTACHMENT|test-results\cart-checkout-Cart-and-Che-71a2b-anter-checkout-desabilitado-frontend-edge-retry1\trace.zip]]
]]>
</system-out>
</testcase>
</testsuite>
<testsuite name="catalog.spec.ts" timestamp="2026-03-19T23:12:14.101Z" hostname="frontend-edge" tests="5" failures="5" skipped="0" time="36.802" errors="0">
<testcase name="Catalog Page › TS01 deve listar produtos ao carregar página" classname="catalog.spec.ts" time="7.651">
<failure message="catalog.spec.ts:45:3 TS01 deve listar produtos ao carregar página" type="FAILURE">
<![CDATA[  [frontend-edge] › catalog.spec.ts:45:3 › Catalog Page › TS01 deve listar produtos ao carregar página 

    Error: page.goto: net::ERR_CONNECTION_REFUSED at http://localhost:5174/
    Call log:
      - navigating to "http://localhost:5174/", waiting until "load"


      40 |     });
      41 |
    > 42 |     await page.goto('/');
         |                ^
      43 |   });
      44 |
      45 |   test('TS01 deve listar produtos ao carregar página', async ({ page, waitForPageLoad }) => {
        at D:\github-projects\tester.com\e2e\specs\frontend\catalog.spec.ts:42:16

    attachment #1: screenshot (image/png) ──────────────────────────────────────────────────────────
    ..\..\..\test-results\catalog-Catalog-Page-TS01--55a04-produtos-ao-carregar-página-frontend-edge\test-failed-1.png
    ────────────────────────────────────────────────────────────────────────────────────────────────

    attachment #3: video (video/webm) ──────────────────────────────────────────────────────────────
    ..\..\..\test-results\catalog-Catalog-Page-TS01--55a04-produtos-ao-carregar-página-frontend-edge\video.webm
    ────────────────────────────────────────────────────────────────────────────────────────────────

    Error Context: ..\..\..\test-results\catalog-Catalog-Page-TS01--55a04-produtos-ao-carregar-página-frontend-edge\error-context.md

    Retry #1 ───────────────────────────────────────────────────────────────────────────────────────

    Error: page.goto: net::ERR_CONNECTION_REFUSED at http://localhost:5174/
    Call log:
      - navigating to "http://localhost:5174/", waiting until "load"


      40 |     });
      41 |
    > 42 |     await page.goto('/');
         |                ^
      43 |   });
      44 |
      45 |   test('TS01 deve listar produtos ao carregar página', async ({ page, waitForPageLoad }) => {
        at D:\github-projects\tester.com\e2e\specs\frontend\catalog.spec.ts:42:16

    attachment #1: screenshot (image/png) ──────────────────────────────────────────────────────────
    ..\..\..\test-results\catalog-Catalog-Page-TS01--55a04-produtos-ao-carregar-página-frontend-edge-retry1\test-failed-1.png
    ────────────────────────────────────────────────────────────────────────────────────────────────

    attachment #3: video (video/webm) ──────────────────────────────────────────────────────────────
    ..\..\..\test-results\catalog-Catalog-Page-TS01--55a04-produtos-ao-carregar-página-frontend-edge-retry1\video.webm
    ────────────────────────────────────────────────────────────────────────────────────────────────

    Error Context: ..\..\..\test-results\catalog-Catalog-Page-TS01--55a04-produtos-ao-carregar-página-frontend-edge-retry1\error-context.md

    attachment #5: trace (application/zip) ─────────────────────────────────────────────────────────
    ..\..\..\test-results\catalog-Catalog-Page-TS01--55a04-produtos-ao-carregar-página-frontend-edge-retry1\trace.zip
    Usage:

        npx playwright show-trace ..\..\..\test-results\catalog-Catalog-Page-TS01--55a04-produtos-ao-carregar-página-frontend-edge-retry1\trace.zip

    ────────────────────────────────────────────────────────────────────────────────────────────────
]]>
</failure>
<system-out>
<![CDATA[
[[ATTACHMENT|test-results\catalog-Catalog-Page-TS01--55a04-produtos-ao-carregar-página-frontend-edge\test-failed-1.png]]

[[ATTACHMENT|test-results\catalog-Catalog-Page-TS01--55a04-produtos-ao-carregar-página-frontend-edge\video.webm]]

[[ATTACHMENT|test-results\catalog-Catalog-Page-TS01--55a04-produtos-ao-carregar-página-frontend-edge\error-context.md]]

[[ATTACHMENT|test-results\catalog-Catalog-Page-TS01--55a04-produtos-ao-carregar-página-frontend-edge-retry1\test-failed-1.png]]

[[ATTACHMENT|test-results\catalog-Catalog-Page-TS01--55a04-produtos-ao-carregar-página-frontend-edge-retry1\video.webm]]

[[ATTACHMENT|test-results\catalog-Catalog-Page-TS01--55a04-produtos-ao-carregar-página-frontend-edge-retry1\error-context.md]]

[[ATTACHMENT|test-results\catalog-Catalog-Page-TS01--55a04-produtos-ao-carregar-página-frontend-edge-retry1\trace.zip]]
]]>
</system-out>
</testcase>
<testcase name="Catalog Page › TS02 deve permitir busca por texto e atualizar contagem" classname="catalog.spec.ts" time="8.1">
<failure message="catalog.spec.ts:51:3 TS02 deve permitir busca por texto e atualizar contagem" type="FAILURE">
<![CDATA[  [frontend-edge] › catalog.spec.ts:51:3 › Catalog Page › TS02 deve permitir busca por texto e atualizar contagem 

    Error: page.goto: net::ERR_CONNECTION_REFUSED at http://localhost:5174/
    Call log:
      - navigating to "http://localhost:5174/", waiting until "load"


      40 |     });
      41 |
    > 42 |     await page.goto('/');
         |                ^
      43 |   });
      44 |
      45 |   test('TS01 deve listar produtos ao carregar página', async ({ page, waitForPageLoad }) => {
        at D:\github-projects\tester.com\e2e\specs\frontend\catalog.spec.ts:42:16

    attachment #1: screenshot (image/png) ──────────────────────────────────────────────────────────
    ..\..\..\test-results\catalog-Catalog-Page-TS02--93567--texto-e-atualizar-contagem-frontend-edge\test-failed-1.png
    ────────────────────────────────────────────────────────────────────────────────────────────────

    attachment #3: video (video/webm) ──────────────────────────────────────────────────────────────
    ..\..\..\test-results\catalog-Catalog-Page-TS02--93567--texto-e-atualizar-contagem-frontend-edge\video.webm
    ────────────────────────────────────────────────────────────────────────────────────────────────

    Error Context: ..\..\..\test-results\catalog-Catalog-Page-TS02--93567--texto-e-atualizar-contagem-frontend-edge\error-context.md

    Retry #1 ───────────────────────────────────────────────────────────────────────────────────────

    Error: page.goto: net::ERR_CONNECTION_REFUSED at http://localhost:5174/
    Call log:
      - navigating to "http://localhost:5174/", waiting until "load"


      40 |     });
      41 |
    > 42 |     await page.goto('/');
         |                ^
      43 |   });
      44 |
      45 |   test('TS01 deve listar produtos ao carregar página', async ({ page, waitForPageLoad }) => {
        at D:\github-projects\tester.com\e2e\specs\frontend\catalog.spec.ts:42:16

    attachment #1: screenshot (image/png) ──────────────────────────────────────────────────────────
    ..\..\..\test-results\catalog-Catalog-Page-TS02--93567--texto-e-atualizar-contagem-frontend-edge-retry1\test-failed-1.png
    ────────────────────────────────────────────────────────────────────────────────────────────────

    attachment #3: video (video/webm) ──────────────────────────────────────────────────────────────
    ..\..\..\test-results\catalog-Catalog-Page-TS02--93567--texto-e-atualizar-contagem-frontend-edge-retry1\video.webm
    ────────────────────────────────────────────────────────────────────────────────────────────────

    Error Context: ..\..\..\test-results\catalog-Catalog-Page-TS02--93567--texto-e-atualizar-contagem-frontend-edge-retry1\error-context.md

    attachment #5: trace (application/zip) ─────────────────────────────────────────────────────────
    ..\..\..\test-results\catalog-Catalog-Page-TS02--93567--texto-e-atualizar-contagem-frontend-edge-retry1\trace.zip
    Usage:

        npx playwright show-trace ..\..\..\test-results\catalog-Catalog-Page-TS02--93567--texto-e-atualizar-contagem-frontend-edge-retry1\trace.zip

    ────────────────────────────────────────────────────────────────────────────────────────────────
]]>
</failure>
<system-out>
<![CDATA[
[[ATTACHMENT|test-results\catalog-Catalog-Page-TS02--93567--texto-e-atualizar-contagem-frontend-edge\test-failed-1.png]]

[[ATTACHMENT|test-results\catalog-Catalog-Page-TS02--93567--texto-e-atualizar-contagem-frontend-edge\video.webm]]

[[ATTACHMENT|test-results\catalog-Catalog-Page-TS02--93567--texto-e-atualizar-contagem-frontend-edge\error-context.md]]

[[ATTACHMENT|test-results\catalog-Catalog-Page-TS02--93567--texto-e-atualizar-contagem-frontend-edge-retry1\test-failed-1.png]]

[[ATTACHMENT|test-results\catalog-Catalog-Page-TS02--93567--texto-e-atualizar-contagem-frontend-edge-retry1\video.webm]]

[[ATTACHMENT|test-results\catalog-Catalog-Page-TS02--93567--texto-e-atualizar-contagem-frontend-edge-retry1\error-context.md]]

[[ATTACHMENT|test-results\catalog-Catalog-Page-TS02--93567--texto-e-atualizar-contagem-frontend-edge-retry1\trace.zip]]
]]>
</system-out>
</testcase>
<testcase name="Catalog Page › TS03 deve aplicar filtro por categoria" classname="catalog.spec.ts" time="6.851">
<failure message="catalog.spec.ts:60:3 TS03 deve aplicar filtro por categoria" type="FAILURE">
<![CDATA[  [frontend-edge] › catalog.spec.ts:60:3 › Catalog Page › TS03 deve aplicar filtro por categoria ───

    Error: page.goto: net::ERR_CONNECTION_REFUSED at http://localhost:5174/
    Call log:
      - navigating to "http://localhost:5174/", waiting until "load"


      40 |     });
      41 |
    > 42 |     await page.goto('/');
         |                ^
      43 |   });
      44 |
      45 |   test('TS01 deve listar produtos ao carregar página', async ({ page, waitForPageLoad }) => {
        at D:\github-projects\tester.com\e2e\specs\frontend\catalog.spec.ts:42:16

    attachment #1: screenshot (image/png) ──────────────────────────────────────────────────────────
    ..\..\..\test-results\catalog-Catalog-Page-TS03-deve-aplicar-filtro-por-categoria-frontend-edge\test-failed-1.png
    ────────────────────────────────────────────────────────────────────────────────────────────────

    attachment #3: video (video/webm) ──────────────────────────────────────────────────────────────
    ..\..\..\test-results\catalog-Catalog-Page-TS03-deve-aplicar-filtro-por-categoria-frontend-edge\video.webm
    ────────────────────────────────────────────────────────────────────────────────────────────────

    Error Context: ..\..\..\test-results\catalog-Catalog-Page-TS03-deve-aplicar-filtro-por-categoria-frontend-edge\error-context.md

    Retry #1 ───────────────────────────────────────────────────────────────────────────────────────

    Error: page.goto: net::ERR_CONNECTION_REFUSED at http://localhost:5174/
    Call log:
      - navigating to "http://localhost:5174/", waiting until "load"


      40 |     });
      41 |
    > 42 |     await page.goto('/');
         |                ^
      43 |   });
      44 |
      45 |   test('TS01 deve listar produtos ao carregar página', async ({ page, waitForPageLoad }) => {
        at D:\github-projects\tester.com\e2e\specs\frontend\catalog.spec.ts:42:16

    attachment #1: screenshot (image/png) ──────────────────────────────────────────────────────────
    ..\..\..\test-results\catalog-Catalog-Page-TS03-deve-aplicar-filtro-por-categoria-frontend-edge-retry1\test-failed-1.png
    ────────────────────────────────────────────────────────────────────────────────────────────────

    attachment #3: video (video/webm) ──────────────────────────────────────────────────────────────
    ..\..\..\test-results\catalog-Catalog-Page-TS03-deve-aplicar-filtro-por-categoria-frontend-edge-retry1\video.webm
    ────────────────────────────────────────────────────────────────────────────────────────────────

    Error Context: ..\..\..\test-results\catalog-Catalog-Page-TS03-deve-aplicar-filtro-por-categoria-frontend-edge-retry1\error-context.md

    attachment #5: trace (application/zip) ─────────────────────────────────────────────────────────
    ..\..\..\test-results\catalog-Catalog-Page-TS03-deve-aplicar-filtro-por-categoria-frontend-edge-retry1\trace.zip
    Usage:

        npx playwright show-trace ..\..\..\test-results\catalog-Catalog-Page-TS03-deve-aplicar-filtro-por-categoria-frontend-edge-retry1\trace.zip

    ────────────────────────────────────────────────────────────────────────────────────────────────
]]>
</failure>
<system-out>
<![CDATA[
[[ATTACHMENT|test-results\catalog-Catalog-Page-TS03-deve-aplicar-filtro-por-categoria-frontend-edge\test-failed-1.png]]

[[ATTACHMENT|test-results\catalog-Catalog-Page-TS03-deve-aplicar-filtro-por-categoria-frontend-edge\video.webm]]

[[ATTACHMENT|test-results\catalog-Catalog-Page-TS03-deve-aplicar-filtro-por-categoria-frontend-edge\error-context.md]]

[[ATTACHMENT|test-results\catalog-Catalog-Page-TS03-deve-aplicar-filtro-por-categoria-frontend-edge-retry1\test-failed-1.png]]

[[ATTACHMENT|test-results\catalog-Catalog-Page-TS03-deve-aplicar-filtro-por-categoria-frontend-edge-retry1\video.webm]]

[[ATTACHMENT|test-results\catalog-Catalog-Page-TS03-deve-aplicar-filtro-por-categoria-frontend-edge-retry1\error-context.md]]

[[ATTACHMENT|test-results\catalog-Catalog-Page-TS03-deve-aplicar-filtro-por-categoria-frontend-edge-retry1\trace.zip]]
]]>
</system-out>
</testcase>
<testcase name="Catalog Page › TS04 deve mostrar estado vazio quando busca não retorna itens" classname="catalog.spec.ts" time="7.179">
<failure message="catalog.spec.ts:68:3 TS04 deve mostrar estado vazio quando busca não retorna itens" type="FAILURE">
<![CDATA[  [frontend-edge] › catalog.spec.ts:68:3 › Catalog Page › TS04 deve mostrar estado vazio quando busca não retorna itens 

    Error: page.goto: net::ERR_CONNECTION_REFUSED at http://localhost:5174/
    Call log:
      - navigating to "http://localhost:5174/", waiting until "load"


      40 |     });
      41 |
    > 42 |     await page.goto('/');
         |                ^
      43 |   });
      44 |
      45 |   test('TS01 deve listar produtos ao carregar página', async ({ page, waitForPageLoad }) => {
        at D:\github-projects\tester.com\e2e\specs\frontend\catalog.spec.ts:42:16

    attachment #1: screenshot (image/png) ──────────────────────────────────────────────────────────
    ..\..\..\test-results\catalog-Catalog-Page-TS04--89fc2-ndo-busca-não-retorna-itens-frontend-edge\test-failed-1.png
    ────────────────────────────────────────────────────────────────────────────────────────────────

    attachment #3: video (video/webm) ──────────────────────────────────────────────────────────────
    ..\..\..\test-results\catalog-Catalog-Page-TS04--89fc2-ndo-busca-não-retorna-itens-frontend-edge\video.webm
    ────────────────────────────────────────────────────────────────────────────────────────────────

    Error Context: ..\..\..\test-results\catalog-Catalog-Page-TS04--89fc2-ndo-busca-não-retorna-itens-frontend-edge\error-context.md

    Retry #1 ───────────────────────────────────────────────────────────────────────────────────────

    Error: page.goto: net::ERR_CONNECTION_REFUSED at http://localhost:5174/
    Call log:
      - navigating to "http://localhost:5174/", waiting until "load"


      40 |     });
      41 |
    > 42 |     await page.goto('/');
         |                ^
      43 |   });
      44 |
      45 |   test('TS01 deve listar produtos ao carregar página', async ({ page, waitForPageLoad }) => {
        at D:\github-projects\tester.com\e2e\specs\frontend\catalog.spec.ts:42:16

    attachment #1: screenshot (image/png) ──────────────────────────────────────────────────────────
    ..\..\..\test-results\catalog-Catalog-Page-TS04--89fc2-ndo-busca-não-retorna-itens-frontend-edge-retry1\test-failed-1.png
    ────────────────────────────────────────────────────────────────────────────────────────────────

    attachment #3: video (video/webm) ──────────────────────────────────────────────────────────────
    ..\..\..\test-results\catalog-Catalog-Page-TS04--89fc2-ndo-busca-não-retorna-itens-frontend-edge-retry1\video.webm
    ────────────────────────────────────────────────────────────────────────────────────────────────

    Error Context: ..\..\..\test-results\catalog-Catalog-Page-TS04--89fc2-ndo-busca-não-retorna-itens-frontend-edge-retry1\error-context.md

    attachment #5: trace (application/zip) ─────────────────────────────────────────────────────────
    ..\..\..\test-results\catalog-Catalog-Page-TS04--89fc2-ndo-busca-não-retorna-itens-frontend-edge-retry1\trace.zip
    Usage:

        npx playwright show-trace ..\..\..\test-results\catalog-Catalog-Page-TS04--89fc2-ndo-busca-não-retorna-itens-frontend-edge-retry1\trace.zip

    ────────────────────────────────────────────────────────────────────────────────────────────────
]]>
</failure>
<system-out>
<![CDATA[
[[ATTACHMENT|test-results\catalog-Catalog-Page-TS04--89fc2-ndo-busca-não-retorna-itens-frontend-edge\test-failed-1.png]]

[[ATTACHMENT|test-results\catalog-Catalog-Page-TS04--89fc2-ndo-busca-não-retorna-itens-frontend-edge\video.webm]]

[[ATTACHMENT|test-results\catalog-Catalog-Page-TS04--89fc2-ndo-busca-não-retorna-itens-frontend-edge\error-context.md]]

[[ATTACHMENT|test-results\catalog-Catalog-Page-TS04--89fc2-ndo-busca-não-retorna-itens-frontend-edge-retry1\test-failed-1.png]]

[[ATTACHMENT|test-results\catalog-Catalog-Page-TS04--89fc2-ndo-busca-não-retorna-itens-frontend-edge-retry1\video.webm]]

[[ATTACHMENT|test-results\catalog-Catalog-Page-TS04--89fc2-ndo-busca-não-retorna-itens-frontend-edge-retry1\error-context.md]]

[[ATTACHMENT|test-results\catalog-Catalog-Page-TS04--89fc2-ndo-busca-não-retorna-itens-frontend-edge-retry1\trace.zip]]
]]>
</system-out>
</testcase>
<testcase name="Catalog Page › TS05 deve navegar para detalhes ao clicar no produto" classname="catalog.spec.ts" time="7.021">
<failure message="catalog.spec.ts:75:3 TS05 deve navegar para detalhes ao clicar no produto" type="FAILURE">
<![CDATA[  [frontend-edge] › catalog.spec.ts:75:3 › Catalog Page › TS05 deve navegar para detalhes ao clicar no produto 

    Error: page.goto: net::ERR_CONNECTION_REFUSED at http://localhost:5174/
    Call log:
      - navigating to "http://localhost:5174/", waiting until "load"


      40 |     });
      41 |
    > 42 |     await page.goto('/');
         |                ^
      43 |   });
      44 |
      45 |   test('TS01 deve listar produtos ao carregar página', async ({ page, waitForPageLoad }) => {
        at D:\github-projects\tester.com\e2e\specs\frontend\catalog.spec.ts:42:16

    attachment #1: screenshot (image/png) ──────────────────────────────────────────────────────────
    ..\..\..\test-results\catalog-Catalog-Page-TS05--9153a-talhes-ao-clicar-no-produto-frontend-edge\test-failed-1.png
    ────────────────────────────────────────────────────────────────────────────────────────────────

    attachment #3: video (video/webm) ──────────────────────────────────────────────────────────────
    ..\..\..\test-results\catalog-Catalog-Page-TS05--9153a-talhes-ao-clicar-no-produto-frontend-edge\video.webm
    ────────────────────────────────────────────────────────────────────────────────────────────────

    Error Context: ..\..\..\test-results\catalog-Catalog-Page-TS05--9153a-talhes-ao-clicar-no-produto-frontend-edge\error-context.md

    Retry #1 ───────────────────────────────────────────────────────────────────────────────────────

    Error: page.goto: net::ERR_CONNECTION_REFUSED at http://localhost:5174/
    Call log:
      - navigating to "http://localhost:5174/", waiting until "load"


      40 |     });
      41 |
    > 42 |     await page.goto('/');
         |                ^
      43 |   });
      44 |
      45 |   test('TS01 deve listar produtos ao carregar página', async ({ page, waitForPageLoad }) => {
        at D:\github-projects\tester.com\e2e\specs\frontend\catalog.spec.ts:42:16

    attachment #1: screenshot (image/png) ──────────────────────────────────────────────────────────
    ..\..\..\test-results\catalog-Catalog-Page-TS05--9153a-talhes-ao-clicar-no-produto-frontend-edge-retry1\test-failed-1.png
    ────────────────────────────────────────────────────────────────────────────────────────────────

    attachment #3: video (video/webm) ──────────────────────────────────────────────────────────────
    ..\..\..\test-results\catalog-Catalog-Page-TS05--9153a-talhes-ao-clicar-no-produto-frontend-edge-retry1\video.webm
    ────────────────────────────────────────────────────────────────────────────────────────────────

    Error Context: ..\..\..\test-results\catalog-Catalog-Page-TS05--9153a-talhes-ao-clicar-no-produto-frontend-edge-retry1\error-context.md

    attachment #5: trace (application/zip) ─────────────────────────────────────────────────────────
    ..\..\..\test-results\catalog-Catalog-Page-TS05--9153a-talhes-ao-clicar-no-produto-frontend-edge-retry1\trace.zip
    Usage:

        npx playwright show-trace ..\..\..\test-results\catalog-Catalog-Page-TS05--9153a-talhes-ao-clicar-no-produto-frontend-edge-retry1\trace.zip

    ────────────────────────────────────────────────────────────────────────────────────────────────
]]>
</failure>
<system-out>
<![CDATA[
[[ATTACHMENT|test-results\catalog-Catalog-Page-TS05--9153a-talhes-ao-clicar-no-produto-frontend-edge\test-failed-1.png]]

[[ATTACHMENT|test-results\catalog-Catalog-Page-TS05--9153a-talhes-ao-clicar-no-produto-frontend-edge\video.webm]]

[[ATTACHMENT|test-results\catalog-Catalog-Page-TS05--9153a-talhes-ao-clicar-no-produto-frontend-edge\error-context.md]]

[[ATTACHMENT|test-results\catalog-Catalog-Page-TS05--9153a-talhes-ao-clicar-no-produto-frontend-edge-retry1\test-failed-1.png]]

[[ATTACHMENT|test-results\catalog-Catalog-Page-TS05--9153a-talhes-ao-clicar-no-produto-frontend-edge-retry1\video.webm]]

[[ATTACHMENT|test-results\catalog-Catalog-Page-TS05--9153a-talhes-ao-clicar-no-produto-frontend-edge-retry1\error-context.md]]

[[ATTACHMENT|test-results\catalog-Catalog-Page-TS05--9153a-talhes-ao-clicar-no-produto-frontend-edge-retry1\trace.zip]]
]]>
</system-out>
</testcase>
</testsuite>
<testsuite name="product-details.spec.ts" timestamp="2026-03-19T23:12:14.101Z" hostname="frontend-edge" tests="4" failures="4" skipped="0" time="32.874" errors="0">
<testcase name="Product Details › TS01 deve exibir dados principais do produto" classname="product-details.spec.ts" time="7.752">
<failure message="product-details.spec.ts:38:3 TS01 deve exibir dados principais do produto" type="FAILURE">
<![CDATA[  [frontend-edge] › product-details.spec.ts:38:3 › Product Details › TS01 deve exibir dados principais do produto 

    Error: page.goto: net::ERR_CONNECTION_REFUSED at http://localhost:5174/product/1
    Call log:
      - navigating to "http://localhost:5174/product/1", waiting until "load"


      37 |
      38 |   test('TS01 deve exibir dados principais do produto', async ({ page, waitForPageLoad }) => {
    > 39 |     await page.goto('/product/1');
         |                ^
      40 |     await waitForPageLoad(page, 'productDetails');
      41 |
      42 |     // Verify product heading
        at D:\github-projects\tester.com\e2e\specs\frontend\product-details.spec.ts:39:16

    attachment #1: screenshot (image/png) ──────────────────────────────────────────────────────────
    ..\..\..\test-results\product-details-Product-De-30180-dados-principais-do-produto-frontend-edge\test-failed-1.png
    ────────────────────────────────────────────────────────────────────────────────────────────────

    attachment #3: video (video/webm) ──────────────────────────────────────────────────────────────
    ..\..\..\test-results\product-details-Product-De-30180-dados-principais-do-produto-frontend-edge\video.webm
    ────────────────────────────────────────────────────────────────────────────────────────────────

    Error Context: ..\..\..\test-results\product-details-Product-De-30180-dados-principais-do-produto-frontend-edge\error-context.md

    Retry #1 ───────────────────────────────────────────────────────────────────────────────────────

    Error: page.goto: net::ERR_CONNECTION_REFUSED at http://localhost:5174/product/1
    Call log:
      - navigating to "http://localhost:5174/product/1", waiting until "load"


      37 |
      38 |   test('TS01 deve exibir dados principais do produto', async ({ page, waitForPageLoad }) => {
    > 39 |     await page.goto('/product/1');
         |                ^
      40 |     await waitForPageLoad(page, 'productDetails');
      41 |
      42 |     // Verify product heading
        at D:\github-projects\tester.com\e2e\specs\frontend\product-details.spec.ts:39:16

    attachment #1: screenshot (image/png) ──────────────────────────────────────────────────────────
    ..\..\..\test-results\product-details-Product-De-30180-dados-principais-do-produto-frontend-edge-retry1\test-failed-1.png
    ────────────────────────────────────────────────────────────────────────────────────────────────

    attachment #3: video (video/webm) ──────────────────────────────────────────────────────────────
    ..\..\..\test-results\product-details-Product-De-30180-dados-principais-do-produto-frontend-edge-retry1\video.webm
    ────────────────────────────────────────────────────────────────────────────────────────────────

    Error Context: ..\..\..\test-results\product-details-Product-De-30180-dados-principais-do-produto-frontend-edge-retry1\error-context.md

    attachment #5: trace (application/zip) ─────────────────────────────────────────────────────────
    ..\..\..\test-results\product-details-Product-De-30180-dados-principais-do-produto-frontend-edge-retry1\trace.zip
    Usage:

        npx playwright show-trace ..\..\..\test-results\product-details-Product-De-30180-dados-principais-do-produto-frontend-edge-retry1\trace.zip

    ────────────────────────────────────────────────────────────────────────────────────────────────
]]>
</failure>
<system-out>
<![CDATA[
[[ATTACHMENT|test-results\product-details-Product-De-30180-dados-principais-do-produto-frontend-edge\test-failed-1.png]]

[[ATTACHMENT|test-results\product-details-Product-De-30180-dados-principais-do-produto-frontend-edge\video.webm]]

[[ATTACHMENT|test-results\product-details-Product-De-30180-dados-principais-do-produto-frontend-edge\error-context.md]]

[[ATTACHMENT|test-results\product-details-Product-De-30180-dados-principais-do-produto-frontend-edge-retry1\test-failed-1.png]]

[[ATTACHMENT|test-results\product-details-Product-De-30180-dados-principais-do-produto-frontend-edge-retry1\video.webm]]

[[ATTACHMENT|test-results\product-details-Product-De-30180-dados-principais-do-produto-frontend-edge-retry1\error-context.md]]

[[ATTACHMENT|test-results\product-details-Product-De-30180-dados-principais-do-produto-frontend-edge-retry1\trace.zip]]
]]>
</system-out>
</testcase>
<testcase name="Product Details › TS02/TS03 deve permitir adicionar ao carrinho e atualizar badge" classname="product-details.spec.ts" time="8.328">
<failure message="product-details.spec.ts:50:3 TS02/TS03 deve permitir adicionar ao carrinho e atualizar badge" type="FAILURE">
<![CDATA[  [frontend-edge] › product-details.spec.ts:50:3 › Product Details › TS02/TS03 deve permitir adicionar ao carrinho e atualizar badge 

    Error: page.goto: net::ERR_CONNECTION_REFUSED at http://localhost:5174/product/1
    Call log:
      - navigating to "http://localhost:5174/product/1", waiting until "load"


      49 |
      50 |   test('TS02/TS03 deve permitir adicionar ao carrinho e atualizar badge', async ({ page, waitForPageLoad }) => {
    > 51 |     await page.goto('/product/1');
         |                ^
      52 |     await waitForPageLoad(page, 'productDetails');
      53 |
      54 |     // Open MUI quantity dropdown using ARIA attributes for resilience
        at D:\github-projects\tester.com\e2e\specs\frontend\product-details.spec.ts:51:16

    attachment #1: screenshot (image/png) ──────────────────────────────────────────────────────────
    ..\..\..\test-results\product-details-Product-De-ae605--carrinho-e-atualizar-badge-frontend-edge\test-failed-1.png
    ────────────────────────────────────────────────────────────────────────────────────────────────

    attachment #3: video (video/webm) ──────────────────────────────────────────────────────────────
    ..\..\..\test-results\product-details-Product-De-ae605--carrinho-e-atualizar-badge-frontend-edge\video.webm
    ────────────────────────────────────────────────────────────────────────────────────────────────

    Error Context: ..\..\..\test-results\product-details-Product-De-ae605--carrinho-e-atualizar-badge-frontend-edge\error-context.md

    Retry #1 ───────────────────────────────────────────────────────────────────────────────────────

    Error: page.goto: net::ERR_CONNECTION_REFUSED at http://localhost:5174/product/1
    Call log:
      - navigating to "http://localhost:5174/product/1", waiting until "load"


      49 |
      50 |   test('TS02/TS03 deve permitir adicionar ao carrinho e atualizar badge', async ({ page, waitForPageLoad }) => {
    > 51 |     await page.goto('/product/1');
         |                ^
      52 |     await waitForPageLoad(page, 'productDetails');
      53 |
      54 |     // Open MUI quantity dropdown using ARIA attributes for resilience
        at D:\github-projects\tester.com\e2e\specs\frontend\product-details.spec.ts:51:16

    attachment #1: screenshot (image/png) ──────────────────────────────────────────────────────────
    ..\..\..\test-results\product-details-Product-De-ae605--carrinho-e-atualizar-badge-frontend-edge-retry1\test-failed-1.png
    ────────────────────────────────────────────────────────────────────────────────────────────────

    attachment #3: video (video/webm) ──────────────────────────────────────────────────────────────
    ..\..\..\test-results\product-details-Product-De-ae605--carrinho-e-atualizar-badge-frontend-edge-retry1\video.webm
    ────────────────────────────────────────────────────────────────────────────────────────────────

    Error Context: ..\..\..\test-results\product-details-Product-De-ae605--carrinho-e-atualizar-badge-frontend-edge-retry1\error-context.md

    attachment #5: trace (application/zip) ─────────────────────────────────────────────────────────
    ..\..\..\test-results\product-details-Product-De-ae605--carrinho-e-atualizar-badge-frontend-edge-retry1\trace.zip
    Usage:

        npx playwright show-trace ..\..\..\test-results\product-details-Product-De-ae605--carrinho-e-atualizar-badge-frontend-edge-retry1\trace.zip

    ────────────────────────────────────────────────────────────────────────────────────────────────
]]>
</failure>
<system-out>
<![CDATA[
[[ATTACHMENT|test-results\product-details-Product-De-ae605--carrinho-e-atualizar-badge-frontend-edge\test-failed-1.png]]

[[ATTACHMENT|test-results\product-details-Product-De-ae605--carrinho-e-atualizar-badge-frontend-edge\video.webm]]

[[ATTACHMENT|test-results\product-details-Product-De-ae605--carrinho-e-atualizar-badge-frontend-edge\error-context.md]]

[[ATTACHMENT|test-results\product-details-Product-De-ae605--carrinho-e-atualizar-badge-frontend-edge-retry1\test-failed-1.png]]

[[ATTACHMENT|test-results\product-details-Product-De-ae605--carrinho-e-atualizar-badge-frontend-edge-retry1\video.webm]]

[[ATTACHMENT|test-results\product-details-Product-De-ae605--carrinho-e-atualizar-badge-frontend-edge-retry1\error-context.md]]

[[ATTACHMENT|test-results\product-details-Product-De-ae605--carrinho-e-atualizar-badge-frontend-edge-retry1\trace.zip]]
]]>
</system-out>
</testcase>
<testcase name="Product Details › TS04 deve tratar ID inválido" classname="product-details.spec.ts" time="8.435">
<failure message="product-details.spec.ts:67:3 TS04 deve tratar ID inválido" type="FAILURE">
<![CDATA[  [frontend-edge] › product-details.spec.ts:67:3 › Product Details › TS04 deve tratar ID inválido ──

    Error: page.goto: net::ERR_CONNECTION_REFUSED at http://localhost:5174/product/99999
    Call log:
      - navigating to "http://localhost:5174/product/99999", waiting until "load"


      67 |   test('TS04 deve tratar ID inválido', async ({ page }) => {
      68 |     // Navigate to non-existent product
    > 69 |     await page.goto('/product/99999');
         |                ^
      70 |     // Verify error message is displayed
      71 |     await expect(page.getByText(/Produto não encontrado|Product not found/i)).toBeVisible();
      72 |   });
        at D:\github-projects\tester.com\e2e\specs\frontend\product-details.spec.ts:69:16

    attachment #1: screenshot (image/png) ──────────────────────────────────────────────────────────
    ..\..\..\test-results\product-details-Product-Details-TS04-deve-tratar-ID-inválido-frontend-edge\test-failed-1.png
    ────────────────────────────────────────────────────────────────────────────────────────────────

    attachment #3: video (video/webm) ──────────────────────────────────────────────────────────────
    ..\..\..\test-results\product-details-Product-Details-TS04-deve-tratar-ID-inválido-frontend-edge\video.webm
    ────────────────────────────────────────────────────────────────────────────────────────────────

    Error Context: ..\..\..\test-results\product-details-Product-Details-TS04-deve-tratar-ID-inválido-frontend-edge\error-context.md

    Retry #1 ───────────────────────────────────────────────────────────────────────────────────────

    Error: page.goto: net::ERR_CONNECTION_REFUSED at http://localhost:5174/product/99999
    Call log:
      - navigating to "http://localhost:5174/product/99999", waiting until "load"


      67 |   test('TS04 deve tratar ID inválido', async ({ page }) => {
      68 |     // Navigate to non-existent product
    > 69 |     await page.goto('/product/99999');
         |                ^
      70 |     // Verify error message is displayed
      71 |     await expect(page.getByText(/Produto não encontrado|Product not found/i)).toBeVisible();
      72 |   });
        at D:\github-projects\tester.com\e2e\specs\frontend\product-details.spec.ts:69:16

    attachment #1: screenshot (image/png) ──────────────────────────────────────────────────────────
    ..\..\..\test-results\product-details-Product-Details-TS04-deve-tratar-ID-inválido-frontend-edge-retry1\test-failed-1.png
    ────────────────────────────────────────────────────────────────────────────────────────────────

    attachment #3: video (video/webm) ──────────────────────────────────────────────────────────────
    ..\..\..\test-results\product-details-Product-Details-TS04-deve-tratar-ID-inválido-frontend-edge-retry1\video.webm
    ────────────────────────────────────────────────────────────────────────────────────────────────

    Error Context: ..\..\..\test-results\product-details-Product-Details-TS04-deve-tratar-ID-inválido-frontend-edge-retry1\error-context.md

    attachment #5: trace (application/zip) ─────────────────────────────────────────────────────────
    ..\..\..\test-results\product-details-Product-Details-TS04-deve-tratar-ID-inválido-frontend-edge-retry1\trace.zip
    Usage:

        npx playwright show-trace ..\..\..\test-results\product-details-Product-Details-TS04-deve-tratar-ID-inválido-frontend-edge-retry1\trace.zip

    ────────────────────────────────────────────────────────────────────────────────────────────────
]]>
</failure>
<system-out>
<![CDATA[
[[ATTACHMENT|test-results\product-details-Product-Details-TS04-deve-tratar-ID-inválido-frontend-edge\test-failed-1.png]]

[[ATTACHMENT|test-results\product-details-Product-Details-TS04-deve-tratar-ID-inválido-frontend-edge\video.webm]]

[[ATTACHMENT|test-results\product-details-Product-Details-TS04-deve-tratar-ID-inválido-frontend-edge\error-context.md]]

[[ATTACHMENT|test-results\product-details-Product-Details-TS04-deve-tratar-ID-inválido-frontend-edge-retry1\test-failed-1.png]]

[[ATTACHMENT|test-results\product-details-Product-Details-TS04-deve-tratar-ID-inválido-frontend-edge-retry1\video.webm]]

[[ATTACHMENT|test-results\product-details-Product-Details-TS04-deve-tratar-ID-inválido-frontend-edge-retry1\error-context.md]]

[[ATTACHMENT|test-results\product-details-Product-Details-TS04-deve-tratar-ID-inválido-frontend-edge-retry1\trace.zip]]
]]>
</system-out>
</testcase>
<testcase name="Product Details › TS05 deve voltar para catálogo" classname="product-details.spec.ts" time="8.359">
<failure message="product-details.spec.ts:74:3 TS05 deve voltar para catálogo" type="FAILURE">
<![CDATA[  [frontend-edge] › product-details.spec.ts:74:3 › Product Details › TS05 deve voltar para catálogo 

    Error: page.goto: net::ERR_CONNECTION_REFUSED at http://localhost:5174/product/1
    Call log:
      - navigating to "http://localhost:5174/product/1", waiting until "load"


      73 |
      74 |   test('TS05 deve voltar para catálogo', async ({ page, waitForPageLoad }) => {
    > 75 |     await page.goto('/product/1');
         |                ^
      76 |     await waitForPageLoad(page, 'productDetails');
      77 |
      78 |     // Click back button to return to catalog
        at D:\github-projects\tester.com\e2e\specs\frontend\product-details.spec.ts:75:16

    attachment #1: screenshot (image/png) ──────────────────────────────────────────────────────────
    ..\..\..\test-results\product-details-Product-De-05c6c-5-deve-voltar-para-catálogo-frontend-edge\test-failed-1.png
    ────────────────────────────────────────────────────────────────────────────────────────────────

    attachment #3: video (video/webm) ──────────────────────────────────────────────────────────────
    ..\..\..\test-results\product-details-Product-De-05c6c-5-deve-voltar-para-catálogo-frontend-edge\video.webm
    ────────────────────────────────────────────────────────────────────────────────────────────────

    Error Context: ..\..\..\test-results\product-details-Product-De-05c6c-5-deve-voltar-para-catálogo-frontend-edge\error-context.md

    Retry #1 ───────────────────────────────────────────────────────────────────────────────────────

    Error: page.goto: net::ERR_CONNECTION_REFUSED at http://localhost:5174/product/1
    Call log:
      - navigating to "http://localhost:5174/product/1", waiting until "load"


      73 |
      74 |   test('TS05 deve voltar para catálogo', async ({ page, waitForPageLoad }) => {
    > 75 |     await page.goto('/product/1');
         |                ^
      76 |     await waitForPageLoad(page, 'productDetails');
      77 |
      78 |     // Click back button to return to catalog
        at D:\github-projects\tester.com\e2e\specs\frontend\product-details.spec.ts:75:16

    attachment #1: screenshot (image/png) ──────────────────────────────────────────────────────────
    ..\..\..\test-results\product-details-Product-De-05c6c-5-deve-voltar-para-catálogo-frontend-edge-retry1\test-failed-1.png
    ────────────────────────────────────────────────────────────────────────────────────────────────

    attachment #3: video (video/webm) ──────────────────────────────────────────────────────────────
    ..\..\..\test-results\product-details-Product-De-05c6c-5-deve-voltar-para-catálogo-frontend-edge-retry1\video.webm
    ────────────────────────────────────────────────────────────────────────────────────────────────

    Error Context: ..\..\..\test-results\product-details-Product-De-05c6c-5-deve-voltar-para-catálogo-frontend-edge-retry1\error-context.md

    attachment #5: trace (application/zip) ─────────────────────────────────────────────────────────
    ..\..\..\test-results\product-details-Product-De-05c6c-5-deve-voltar-para-catálogo-frontend-edge-retry1\trace.zip
    Usage:

        npx playwright show-trace ..\..\..\test-results\product-details-Product-De-05c6c-5-deve-voltar-para-catálogo-frontend-edge-retry1\trace.zip

    ────────────────────────────────────────────────────────────────────────────────────────────────
]]>
</failure>
<system-out>
<![CDATA[
[[ATTACHMENT|test-results\product-details-Product-De-05c6c-5-deve-voltar-para-catálogo-frontend-edge\test-failed-1.png]]

[[ATTACHMENT|test-results\product-details-Product-De-05c6c-5-deve-voltar-para-catálogo-frontend-edge\video.webm]]

[[ATTACHMENT|test-results\product-details-Product-De-05c6c-5-deve-voltar-para-catálogo-frontend-edge\error-context.md]]

[[ATTACHMENT|test-results\product-details-Product-De-05c6c-5-deve-voltar-para-catálogo-frontend-edge-retry1\test-failed-1.png]]

[[ATTACHMENT|test-results\product-details-Product-De-05c6c-5-deve-voltar-para-catálogo-frontend-edge-retry1\video.webm]]

[[ATTACHMENT|test-results\product-details-Product-De-05c6c-5-deve-voltar-para-catálogo-frontend-edge-retry1\error-context.md]]

[[ATTACHMENT|test-results\product-details-Product-De-05c6c-5-deve-voltar-para-catálogo-frontend-edge-retry1\trace.zip]]
]]>
</system-out>
</testcase>
</testsuite>
<testsuite name="register-language.spec.ts" timestamp="2026-03-19T23:12:14.101Z" hostname="frontend-edge" tests="3" failures="3" skipped="0" time="21.701" errors="0">
<testcase name="Register and Language › TS01 registro PF completo com sucesso" classname="register-language.spec.ts" time="7.437">
<failure message="register-language.spec.ts:8:3 TS01 registro PF completo com sucesso" type="FAILURE">
<![CDATA[  [frontend-edge] › register-language.spec.ts:8:3 › Register and Language › TS01 registro PF completo com sucesso 

    Error: page.goto: net::ERR_CONNECTION_REFUSED at http://localhost:5174/register
    Call log:
      - navigating to "http://localhost:5174/register", waiting until "load"


       at ..\..\helpers\PageBase.ts:61

      59 |    */
      60 |   async goto(url: string) {
    > 61 |     await this.page.goto(url);
         |                     ^
      62 |   }
      63 |
      64 |   /**
        at RegisterPage.goto (D:\github-projects\tester.com\e2e\helpers\PageBase.ts:61:21)
        at RegisterPage.goToRegister (D:\github-projects\tester.com\e2e\helpers\RegisterPage.ts:80:16)
        at D:\github-projects\tester.com\e2e\specs\frontend\register-language.spec.ts:33:24

    attachment #1: screenshot (image/png) ──────────────────────────────────────────────────────────
    ..\..\..\test-results\register-language-Register-547c6-tro-PF-completo-com-sucesso-frontend-edge\test-failed-1.png
    ────────────────────────────────────────────────────────────────────────────────────────────────

    attachment #3: video (video/webm) ──────────────────────────────────────────────────────────────
    ..\..\..\test-results\register-language-Register-547c6-tro-PF-completo-com-sucesso-frontend-edge\video.webm
    ────────────────────────────────────────────────────────────────────────────────────────────────

    Error Context: ..\..\..\test-results\register-language-Register-547c6-tro-PF-completo-com-sucesso-frontend-edge\error-context.md

    Retry #1 ───────────────────────────────────────────────────────────────────────────────────────

    Error: page.goto: net::ERR_CONNECTION_REFUSED at http://localhost:5174/register
    Call log:
      - navigating to "http://localhost:5174/register", waiting until "load"


       at ..\..\helpers\PageBase.ts:61

      59 |    */
      60 |   async goto(url: string) {
    > 61 |     await this.page.goto(url);
         |                     ^
      62 |   }
      63 |
      64 |   /**
        at RegisterPage.goto (D:\github-projects\tester.com\e2e\helpers\PageBase.ts:61:21)
        at RegisterPage.goToRegister (D:\github-projects\tester.com\e2e\helpers\RegisterPage.ts:80:16)
        at D:\github-projects\tester.com\e2e\specs\frontend\register-language.spec.ts:33:24

    attachment #1: screenshot (image/png) ──────────────────────────────────────────────────────────
    ..\..\..\test-results\register-language-Register-547c6-tro-PF-completo-com-sucesso-frontend-edge-retry1\test-failed-1.png
    ────────────────────────────────────────────────────────────────────────────────────────────────

    attachment #3: video (video/webm) ──────────────────────────────────────────────────────────────
    ..\..\..\test-results\register-language-Register-547c6-tro-PF-completo-com-sucesso-frontend-edge-retry1\video.webm
    ────────────────────────────────────────────────────────────────────────────────────────────────

    Error Context: ..\..\..\test-results\register-language-Register-547c6-tro-PF-completo-com-sucesso-frontend-edge-retry1\error-context.md

    attachment #5: trace (application/zip) ─────────────────────────────────────────────────────────
    ..\..\..\test-results\register-language-Register-547c6-tro-PF-completo-com-sucesso-frontend-edge-retry1\trace.zip
    Usage:

        npx playwright show-trace ..\..\..\test-results\register-language-Register-547c6-tro-PF-completo-com-sucesso-frontend-edge-retry1\trace.zip

    ────────────────────────────────────────────────────────────────────────────────────────────────
]]>
</failure>
<system-out>
<![CDATA[
[[ATTACHMENT|test-results\register-language-Register-547c6-tro-PF-completo-com-sucesso-frontend-edge\test-failed-1.png]]

[[ATTACHMENT|test-results\register-language-Register-547c6-tro-PF-completo-com-sucesso-frontend-edge\video.webm]]

[[ATTACHMENT|test-results\register-language-Register-547c6-tro-PF-completo-com-sucesso-frontend-edge\error-context.md]]

[[ATTACHMENT|test-results\register-language-Register-547c6-tro-PF-completo-com-sucesso-frontend-edge-retry1\test-failed-1.png]]

[[ATTACHMENT|test-results\register-language-Register-547c6-tro-PF-completo-com-sucesso-frontend-edge-retry1\video.webm]]

[[ATTACHMENT|test-results\register-language-Register-547c6-tro-PF-completo-com-sucesso-frontend-edge-retry1\error-context.md]]

[[ATTACHMENT|test-results\register-language-Register-547c6-tro-PF-completo-com-sucesso-frontend-edge-retry1\trace.zip]]
]]>
</system-out>
</testcase>
<testcase name="Register and Language › TS03 validação de campos obrigatórios no registro" classname="register-language.spec.ts" time="7.239">
<failure message="register-language.spec.ts:47:3 TS03 validação de campos obrigatórios no registro" type="FAILURE">
<![CDATA[  [frontend-edge] › register-language.spec.ts:47:3 › Register and Language › TS03 validação de campos obrigatórios no registro 

    Error: page.goto: net::ERR_CONNECTION_REFUSED at http://localhost:5174/register
    Call log:
      - navigating to "http://localhost:5174/register", waiting until "load"


      46 |
      47 |   test('TS03 validação de campos obrigatórios no registro', async ({ page, waitForPageLoad }) => {
    > 48 |     await page.goto('/register');
         |                ^
      49 |     await waitForPageLoad(page, 'register');
      50 |
      51 |     await page.click(selectors.register.next);
        at D:\github-projects\tester.com\e2e\specs\frontend\register-language.spec.ts:48:16

    attachment #1: screenshot (image/png) ──────────────────────────────────────────────────────────
    ..\..\..\test-results\register-language-Register-30937-os-obrigatórios-no-registro-frontend-edge\test-failed-1.png
    ────────────────────────────────────────────────────────────────────────────────────────────────

    attachment #3: video (video/webm) ──────────────────────────────────────────────────────────────
    ..\..\..\test-results\register-language-Register-30937-os-obrigatórios-no-registro-frontend-edge\video.webm
    ────────────────────────────────────────────────────────────────────────────────────────────────

    Error Context: ..\..\..\test-results\register-language-Register-30937-os-obrigatórios-no-registro-frontend-edge\error-context.md

    Retry #1 ───────────────────────────────────────────────────────────────────────────────────────

    Error: page.goto: net::ERR_CONNECTION_REFUSED at http://localhost:5174/register
    Call log:
      - navigating to "http://localhost:5174/register", waiting until "load"


      46 |
      47 |   test('TS03 validação de campos obrigatórios no registro', async ({ page, waitForPageLoad }) => {
    > 48 |     await page.goto('/register');
         |                ^
      49 |     await waitForPageLoad(page, 'register');
      50 |
      51 |     await page.click(selectors.register.next);
        at D:\github-projects\tester.com\e2e\specs\frontend\register-language.spec.ts:48:16

    attachment #1: screenshot (image/png) ──────────────────────────────────────────────────────────
    ..\..\..\test-results\register-language-Register-30937-os-obrigatórios-no-registro-frontend-edge-retry1\test-failed-1.png
    ────────────────────────────────────────────────────────────────────────────────────────────────

    attachment #3: video (video/webm) ──────────────────────────────────────────────────────────────
    ..\..\..\test-results\register-language-Register-30937-os-obrigatórios-no-registro-frontend-edge-retry1\video.webm
    ────────────────────────────────────────────────────────────────────────────────────────────────

    Error Context: ..\..\..\test-results\register-language-Register-30937-os-obrigatórios-no-registro-frontend-edge-retry1\error-context.md

    attachment #5: trace (application/zip) ─────────────────────────────────────────────────────────
    ..\..\..\test-results\register-language-Register-30937-os-obrigatórios-no-registro-frontend-edge-retry1\trace.zip
    Usage:

        npx playwright show-trace ..\..\..\test-results\register-language-Register-30937-os-obrigatórios-no-registro-frontend-edge-retry1\trace.zip

    ────────────────────────────────────────────────────────────────────────────────────────────────
]]>
</failure>
<system-out>
<![CDATA[
[[ATTACHMENT|test-results\register-language-Register-30937-os-obrigatórios-no-registro-frontend-edge\test-failed-1.png]]

[[ATTACHMENT|test-results\register-language-Register-30937-os-obrigatórios-no-registro-frontend-edge\video.webm]]

[[ATTACHMENT|test-results\register-language-Register-30937-os-obrigatórios-no-registro-frontend-edge\error-context.md]]

[[ATTACHMENT|test-results\register-language-Register-30937-os-obrigatórios-no-registro-frontend-edge-retry1\test-failed-1.png]]

[[ATTACHMENT|test-results\register-language-Register-30937-os-obrigatórios-no-registro-frontend-edge-retry1\video.webm]]

[[ATTACHMENT|test-results\register-language-Register-30937-os-obrigatórios-no-registro-frontend-edge-retry1\error-context.md]]

[[ATTACHMENT|test-results\register-language-Register-30937-os-obrigatórios-no-registro-frontend-edge-retry1\trace.zip]]
]]>
</system-out>
</testcase>
<testcase name="Register and Language › TS01/TS02 idioma alterna e persiste após reload" classname="register-language.spec.ts" time="7.025">
<failure message="register-language.spec.ts:55:3 TS01/TS02 idioma alterna e persiste após reload" type="FAILURE">
<![CDATA[  [frontend-edge] › register-language.spec.ts:55:3 › Register and Language › TS01/TS02 idioma alterna e persiste após reload 

    Error: page.goto: net::ERR_CONNECTION_REFUSED at http://localhost:5174/
    Call log:
      - navigating to "http://localhost:5174/", waiting until "load"


      62 |     });
      63 |
    > 64 |     await page.goto('/');
         |                ^
      65 |     await waitForPageLoad(page, 'catalog');
      66 |
      67 |     await expect(page.getByRole('heading', { name: 'Catálogo de Produtos' })).toBeVisible();
        at D:\github-projects\tester.com\e2e\specs\frontend\register-language.spec.ts:64:16

    attachment #1: screenshot (image/png) ──────────────────────────────────────────────────────────
    ..\..\..\test-results\register-language-Register-280f8-erna-e-persiste-após-reload-frontend-edge\test-failed-1.png
    ────────────────────────────────────────────────────────────────────────────────────────────────

    attachment #3: video (video/webm) ──────────────────────────────────────────────────────────────
    ..\..\..\test-results\register-language-Register-280f8-erna-e-persiste-após-reload-frontend-edge\video.webm
    ────────────────────────────────────────────────────────────────────────────────────────────────

    Error Context: ..\..\..\test-results\register-language-Register-280f8-erna-e-persiste-após-reload-frontend-edge\error-context.md

    Retry #1 ───────────────────────────────────────────────────────────────────────────────────────

    Error: page.goto: net::ERR_CONNECTION_REFUSED at http://localhost:5174/
    Call log:
      - navigating to "http://localhost:5174/", waiting until "load"


      62 |     });
      63 |
    > 64 |     await page.goto('/');
         |                ^
      65 |     await waitForPageLoad(page, 'catalog');
      66 |
      67 |     await expect(page.getByRole('heading', { name: 'Catálogo de Produtos' })).toBeVisible();
        at D:\github-projects\tester.com\e2e\specs\frontend\register-language.spec.ts:64:16

    attachment #1: screenshot (image/png) ──────────────────────────────────────────────────────────
    ..\..\..\test-results\register-language-Register-280f8-erna-e-persiste-após-reload-frontend-edge-retry1\test-failed-1.png
    ────────────────────────────────────────────────────────────────────────────────────────────────

    attachment #3: video (video/webm) ──────────────────────────────────────────────────────────────
    ..\..\..\test-results\register-language-Register-280f8-erna-e-persiste-após-reload-frontend-edge-retry1\video.webm
    ────────────────────────────────────────────────────────────────────────────────────────────────

    Error Context: ..\..\..\test-results\register-language-Register-280f8-erna-e-persiste-após-reload-frontend-edge-retry1\error-context.md

    attachment #5: trace (application/zip) ─────────────────────────────────────────────────────────
    ..\..\..\test-results\register-language-Register-280f8-erna-e-persiste-após-reload-frontend-edge-retry1\trace.zip
    Usage:

        npx playwright show-trace ..\..\..\test-results\register-language-Register-280f8-erna-e-persiste-após-reload-frontend-edge-retry1\trace.zip

    ────────────────────────────────────────────────────────────────────────────────────────────────
]]>
</failure>
<system-out>
<![CDATA[
[[ATTACHMENT|test-results\register-language-Register-280f8-erna-e-persiste-após-reload-frontend-edge\test-failed-1.png]]

[[ATTACHMENT|test-results\register-language-Register-280f8-erna-e-persiste-após-reload-frontend-edge\video.webm]]

[[ATTACHMENT|test-results\register-language-Register-280f8-erna-e-persiste-após-reload-frontend-edge\error-context.md]]

[[ATTACHMENT|test-results\register-language-Register-280f8-erna-e-persiste-após-reload-frontend-edge-retry1\test-failed-1.png]]

[[ATTACHMENT|test-results\register-language-Register-280f8-erna-e-persiste-após-reload-frontend-edge-retry1\video.webm]]

[[ATTACHMENT|test-results\register-language-Register-280f8-erna-e-persiste-após-reload-frontend-edge-retry1\error-context.md]]

[[ATTACHMENT|test-results\register-language-Register-280f8-erna-e-persiste-após-reload-frontend-edge-retry1\trace.zip]]
]]>
</system-out>
</testcase>
</testsuite>
<testsuite name="register.spec.ts" timestamp="2026-03-19T23:12:14.101Z" hostname="frontend-edge" tests="7" failures="7" skipped="0" time="46.105" errors="0">
<testcase name="Register › TS01 - Validar registro realizado com sucesso" classname="register.spec.ts" time="7.27">
<failure message="register.spec.ts:38:3 TS01 - Validar registro realizado com sucesso" type="FAILURE">
<![CDATA[  [frontend-edge] › register.spec.ts:38:3 › Register › TS01 - Validar registro realizado com sucesso 

    Error: page.goto: net::ERR_CONNECTION_REFUSED at http://localhost:5174/register
    Call log:
      - navigating to "http://localhost:5174/register", waiting until "load"


      45 |     await setupViacepMock(page);
      46 |
    > 47 |     await page.goto('/register');
         |                ^
      48 |     await waitForPageLoad(page, 'register');
      49 |
      50 |     // ── Step 0: Dados Pessoais ────────────────────────────────────────────────
        at D:\github-projects\tester.com\e2e\specs\frontend\register.spec.ts:47:16

    attachment #1: screenshot (image/png) ──────────────────────────────────────────────────────────
    ..\..\..\test-results\register-Register-TS01---V-4db0f-istro-realizado-com-sucesso-frontend-edge\test-failed-1.png
    ────────────────────────────────────────────────────────────────────────────────────────────────

    attachment #3: video (video/webm) ──────────────────────────────────────────────────────────────
    ..\..\..\test-results\register-Register-TS01---V-4db0f-istro-realizado-com-sucesso-frontend-edge\video.webm
    ────────────────────────────────────────────────────────────────────────────────────────────────

    Error Context: ..\..\..\test-results\register-Register-TS01---V-4db0f-istro-realizado-com-sucesso-frontend-edge\error-context.md

    Retry #1 ───────────────────────────────────────────────────────────────────────────────────────

    Error: page.goto: net::ERR_CONNECTION_REFUSED at http://localhost:5174/register
    Call log:
      - navigating to "http://localhost:5174/register", waiting until "load"


      45 |     await setupViacepMock(page);
      46 |
    > 47 |     await page.goto('/register');
         |                ^
      48 |     await waitForPageLoad(page, 'register');
      49 |
      50 |     // ── Step 0: Dados Pessoais ────────────────────────────────────────────────
        at D:\github-projects\tester.com\e2e\specs\frontend\register.spec.ts:47:16

    attachment #1: screenshot (image/png) ──────────────────────────────────────────────────────────
    ..\..\..\test-results\register-Register-TS01---V-4db0f-istro-realizado-com-sucesso-frontend-edge-retry1\test-failed-1.png
    ────────────────────────────────────────────────────────────────────────────────────────────────

    attachment #3: video (video/webm) ──────────────────────────────────────────────────────────────
    ..\..\..\test-results\register-Register-TS01---V-4db0f-istro-realizado-com-sucesso-frontend-edge-retry1\video.webm
    ────────────────────────────────────────────────────────────────────────────────────────────────

    Error Context: ..\..\..\test-results\register-Register-TS01---V-4db0f-istro-realizado-com-sucesso-frontend-edge-retry1\error-context.md

    attachment #5: trace (application/zip) ─────────────────────────────────────────────────────────
    ..\..\..\test-results\register-Register-TS01---V-4db0f-istro-realizado-com-sucesso-frontend-edge-retry1\trace.zip
    Usage:

        npx playwright show-trace ..\..\..\test-results\register-Register-TS01---V-4db0f-istro-realizado-com-sucesso-frontend-edge-retry1\trace.zip

    ────────────────────────────────────────────────────────────────────────────────────────────────
]]>
</failure>
<system-out>
<![CDATA[
[[ATTACHMENT|test-results\register-Register-TS01---V-4db0f-istro-realizado-com-sucesso-frontend-edge\test-failed-1.png]]

[[ATTACHMENT|test-results\register-Register-TS01---V-4db0f-istro-realizado-com-sucesso-frontend-edge\video.webm]]

[[ATTACHMENT|test-results\register-Register-TS01---V-4db0f-istro-realizado-com-sucesso-frontend-edge\error-context.md]]

[[ATTACHMENT|test-results\register-Register-TS01---V-4db0f-istro-realizado-com-sucesso-frontend-edge-retry1\test-failed-1.png]]

[[ATTACHMENT|test-results\register-Register-TS01---V-4db0f-istro-realizado-com-sucesso-frontend-edge-retry1\video.webm]]

[[ATTACHMENT|test-results\register-Register-TS01---V-4db0f-istro-realizado-com-sucesso-frontend-edge-retry1\error-context.md]]

[[ATTACHMENT|test-results\register-Register-TS01---V-4db0f-istro-realizado-com-sucesso-frontend-edge-retry1\trace.zip]]
]]>
</system-out>
</testcase>
<testcase name="Register › TS02 - rejeita email em formato inválido aleatório" classname="register.spec.ts" time="7.479">
<failure message="register.spec.ts:76:3 TS02 - rejeita email em formato inválido aleatório" type="FAILURE">
<![CDATA[  [frontend-edge] › register.spec.ts:76:3 › Register › TS02 - rejeita email em formato inválido aleatório 

    Error: page.goto: net::ERR_CONNECTION_REFUSED at http://localhost:5174/register
    Call log:
      - navigating to "http://localhost:5174/register", waiting until "load"


      79 |     const base = new PageBase(page);
      80 |
    > 81 |     await page.goto('/register');
         |                ^
      82 |     await waitForPageLoad(page, 'register');
      83 |
      84 |     await base.fill(selectors.register.firstName, userData.firstName);
        at D:\github-projects\tester.com\e2e\specs\frontend\register.spec.ts:81:16

    attachment #1: screenshot (image/png) ──────────────────────────────────────────────────────────
    ..\..\..\test-results\register-Register-TS02---r-4f885--formato-inválido-aleatório-frontend-edge\test-failed-1.png
    ────────────────────────────────────────────────────────────────────────────────────────────────

    attachment #3: video (video/webm) ──────────────────────────────────────────────────────────────
    ..\..\..\test-results\register-Register-TS02---r-4f885--formato-inválido-aleatório-frontend-edge\video.webm
    ────────────────────────────────────────────────────────────────────────────────────────────────

    Error Context: ..\..\..\test-results\register-Register-TS02---r-4f885--formato-inválido-aleatório-frontend-edge\error-context.md

    Retry #1 ───────────────────────────────────────────────────────────────────────────────────────

    Error: page.goto: net::ERR_CONNECTION_REFUSED at http://localhost:5174/register
    Call log:
      - navigating to "http://localhost:5174/register", waiting until "load"


      79 |     const base = new PageBase(page);
      80 |
    > 81 |     await page.goto('/register');
         |                ^
      82 |     await waitForPageLoad(page, 'register');
      83 |
      84 |     await base.fill(selectors.register.firstName, userData.firstName);
        at D:\github-projects\tester.com\e2e\specs\frontend\register.spec.ts:81:16

    attachment #1: screenshot (image/png) ──────────────────────────────────────────────────────────
    ..\..\..\test-results\register-Register-TS02---r-4f885--formato-inválido-aleatório-frontend-edge-retry1\test-failed-1.png
    ────────────────────────────────────────────────────────────────────────────────────────────────

    attachment #3: video (video/webm) ──────────────────────────────────────────────────────────────
    ..\..\..\test-results\register-Register-TS02---r-4f885--formato-inválido-aleatório-frontend-edge-retry1\video.webm
    ────────────────────────────────────────────────────────────────────────────────────────────────

    Error Context: ..\..\..\test-results\register-Register-TS02---r-4f885--formato-inválido-aleatório-frontend-edge-retry1\error-context.md

    attachment #5: trace (application/zip) ─────────────────────────────────────────────────────────
    ..\..\..\test-results\register-Register-TS02---r-4f885--formato-inválido-aleatório-frontend-edge-retry1\trace.zip
    Usage:

        npx playwright show-trace ..\..\..\test-results\register-Register-TS02---r-4f885--formato-inválido-aleatório-frontend-edge-retry1\trace.zip

    ────────────────────────────────────────────────────────────────────────────────────────────────
]]>
</failure>
<system-out>
<![CDATA[
[[ATTACHMENT|test-results\register-Register-TS02---r-4f885--formato-inválido-aleatório-frontend-edge\test-failed-1.png]]

[[ATTACHMENT|test-results\register-Register-TS02---r-4f885--formato-inválido-aleatório-frontend-edge\video.webm]]

[[ATTACHMENT|test-results\register-Register-TS02---r-4f885--formato-inválido-aleatório-frontend-edge\error-context.md]]

[[ATTACHMENT|test-results\register-Register-TS02---r-4f885--formato-inválido-aleatório-frontend-edge-retry1\test-failed-1.png]]

[[ATTACHMENT|test-results\register-Register-TS02---r-4f885--formato-inválido-aleatório-frontend-edge-retry1\video.webm]]

[[ATTACHMENT|test-results\register-Register-TS02---r-4f885--formato-inválido-aleatório-frontend-edge-retry1\error-context.md]]

[[ATTACHMENT|test-results\register-Register-TS02---r-4f885--formato-inválido-aleatório-frontend-edge-retry1\trace.zip]]
]]>
</system-out>
</testcase>
<testcase name="Register › TS03 - rejeita senha curta no step 0" classname="register.spec.ts" time="6.779">
<failure message="register.spec.ts:98:3 TS03 - rejeita senha curta no step 0" type="FAILURE">
<![CDATA[  [frontend-edge] › register.spec.ts:98:3 › Register › TS03 - rejeita senha curta no step 0 ────────

    Error: page.goto: net::ERR_CONNECTION_REFUSED at http://localhost:5174/register
    Call log:
      - navigating to "http://localhost:5174/register", waiting until "load"


      101 |     const base = new PageBase(page);
      102 |
    > 103 |     await page.goto('/register');
          |                ^
      104 |     await waitForPageLoad(page, 'register');
      105 |
      106 |     await base.fill(selectors.register.firstName, userData.firstName);
        at D:\github-projects\tester.com\e2e\specs\frontend\register.spec.ts:103:16

    attachment #1: screenshot (image/png) ──────────────────────────────────────────────────────────
    ..\..\..\test-results\register-Register-TS03---rejeita-senha-curta-no-step-0-frontend-edge\test-failed-1.png
    ────────────────────────────────────────────────────────────────────────────────────────────────

    attachment #3: video (video/webm) ──────────────────────────────────────────────────────────────
    ..\..\..\test-results\register-Register-TS03---rejeita-senha-curta-no-step-0-frontend-edge\video.webm
    ────────────────────────────────────────────────────────────────────────────────────────────────

    Error Context: ..\..\..\test-results\register-Register-TS03---rejeita-senha-curta-no-step-0-frontend-edge\error-context.md

    Retry #1 ───────────────────────────────────────────────────────────────────────────────────────

    Error: page.goto: net::ERR_CONNECTION_REFUSED at http://localhost:5174/register
    Call log:
      - navigating to "http://localhost:5174/register", waiting until "load"


      101 |     const base = new PageBase(page);
      102 |
    > 103 |     await page.goto('/register');
          |                ^
      104 |     await waitForPageLoad(page, 'register');
      105 |
      106 |     await base.fill(selectors.register.firstName, userData.firstName);
        at D:\github-projects\tester.com\e2e\specs\frontend\register.spec.ts:103:16

    attachment #1: screenshot (image/png) ──────────────────────────────────────────────────────────
    ..\..\..\test-results\register-Register-TS03---rejeita-senha-curta-no-step-0-frontend-edge-retry1\test-failed-1.png
    ────────────────────────────────────────────────────────────────────────────────────────────────

    attachment #3: video (video/webm) ──────────────────────────────────────────────────────────────
    ..\..\..\test-results\register-Register-TS03---rejeita-senha-curta-no-step-0-frontend-edge-retry1\video.webm
    ────────────────────────────────────────────────────────────────────────────────────────────────

    Error Context: ..\..\..\test-results\register-Register-TS03---rejeita-senha-curta-no-step-0-frontend-edge-retry1\error-context.md

    attachment #5: trace (application/zip) ─────────────────────────────────────────────────────────
    ..\..\..\test-results\register-Register-TS03---rejeita-senha-curta-no-step-0-frontend-edge-retry1\trace.zip
    Usage:

        npx playwright show-trace ..\..\..\test-results\register-Register-TS03---rejeita-senha-curta-no-step-0-frontend-edge-retry1\trace.zip

    ────────────────────────────────────────────────────────────────────────────────────────────────
]]>
</failure>
<system-out>
<![CDATA[
[[ATTACHMENT|test-results\register-Register-TS03---rejeita-senha-curta-no-step-0-frontend-edge\test-failed-1.png]]

[[ATTACHMENT|test-results\register-Register-TS03---rejeita-senha-curta-no-step-0-frontend-edge\video.webm]]

[[ATTACHMENT|test-results\register-Register-TS03---rejeita-senha-curta-no-step-0-frontend-edge\error-context.md]]

[[ATTACHMENT|test-results\register-Register-TS03---rejeita-senha-curta-no-step-0-frontend-edge-retry1\test-failed-1.png]]

[[ATTACHMENT|test-results\register-Register-TS03---rejeita-senha-curta-no-step-0-frontend-edge-retry1\video.webm]]

[[ATTACHMENT|test-results\register-Register-TS03---rejeita-senha-curta-no-step-0-frontend-edge-retry1\error-context.md]]

[[ATTACHMENT|test-results\register-Register-TS03---rejeita-senha-curta-no-step-0-frontend-edge-retry1\trace.zip]]
]]>
</system-out>
</testcase>
<testcase name="Register › TS04 - rejeita senhas não-correspondentes com dados aleatórios" classname="register.spec.ts" time="5.882">
<failure message="register.spec.ts:120:3 TS04 - rejeita senhas não-correspondentes com dados aleatórios" type="FAILURE">
<![CDATA[  [frontend-edge] › register.spec.ts:120:3 › Register › TS04 - rejeita senhas não-correspondentes com dados aleatórios 

    Error: page.goto: net::ERR_CONNECTION_REFUSED at http://localhost:5174/register
    Call log:
      - navigating to "http://localhost:5174/register", waiting until "load"


      123 |     const base = new PageBase(page);
      124 |
    > 125 |     await page.goto('/register');
          |                ^
      126 |     await waitForPageLoad(page, 'register');
      127 |
      128 |     await base.fill(selectors.register.firstName, userData.firstName);
        at D:\github-projects\tester.com\e2e\specs\frontend\register.spec.ts:125:16

    attachment #1: screenshot (image/png) ──────────────────────────────────────────────────────────
    ..\..\..\test-results\register-Register-TS04---r-3dee2-dentes-com-dados-aleatórios-frontend-edge\test-failed-1.png
    ────────────────────────────────────────────────────────────────────────────────────────────────

    attachment #3: video (video/webm) ──────────────────────────────────────────────────────────────
    ..\..\..\test-results\register-Register-TS04---r-3dee2-dentes-com-dados-aleatórios-frontend-edge\video.webm
    ────────────────────────────────────────────────────────────────────────────────────────────────

    Error Context: ..\..\..\test-results\register-Register-TS04---r-3dee2-dentes-com-dados-aleatórios-frontend-edge\error-context.md

    Retry #1 ───────────────────────────────────────────────────────────────────────────────────────

    Error: page.goto: net::ERR_CONNECTION_REFUSED at http://localhost:5174/register
    Call log:
      - navigating to "http://localhost:5174/register", waiting until "load"


      123 |     const base = new PageBase(page);
      124 |
    > 125 |     await page.goto('/register');
          |                ^
      126 |     await waitForPageLoad(page, 'register');
      127 |
      128 |     await base.fill(selectors.register.firstName, userData.firstName);
        at D:\github-projects\tester.com\e2e\specs\frontend\register.spec.ts:125:16

    attachment #1: screenshot (image/png) ──────────────────────────────────────────────────────────
    ..\..\..\test-results\register-Register-TS04---r-3dee2-dentes-com-dados-aleatórios-frontend-edge-retry1\test-failed-1.png
    ────────────────────────────────────────────────────────────────────────────────────────────────

    attachment #3: video (video/webm) ──────────────────────────────────────────────────────────────
    ..\..\..\test-results\register-Register-TS04---r-3dee2-dentes-com-dados-aleatórios-frontend-edge-retry1\video.webm
    ────────────────────────────────────────────────────────────────────────────────────────────────

    Error Context: ..\..\..\test-results\register-Register-TS04---r-3dee2-dentes-com-dados-aleatórios-frontend-edge-retry1\error-context.md

    attachment #5: trace (application/zip) ─────────────────────────────────────────────────────────
    ..\..\..\test-results\register-Register-TS04---r-3dee2-dentes-com-dados-aleatórios-frontend-edge-retry1\trace.zip
    Usage:

        npx playwright show-trace ..\..\..\test-results\register-Register-TS04---r-3dee2-dentes-com-dados-aleatórios-frontend-edge-retry1\trace.zip

    ────────────────────────────────────────────────────────────────────────────────────────────────
]]>
</failure>
<system-out>
<![CDATA[
[[ATTACHMENT|test-results\register-Register-TS04---r-3dee2-dentes-com-dados-aleatórios-frontend-edge\test-failed-1.png]]

[[ATTACHMENT|test-results\register-Register-TS04---r-3dee2-dentes-com-dados-aleatórios-frontend-edge\video.webm]]

[[ATTACHMENT|test-results\register-Register-TS04---r-3dee2-dentes-com-dados-aleatórios-frontend-edge\error-context.md]]

[[ATTACHMENT|test-results\register-Register-TS04---r-3dee2-dentes-com-dados-aleatórios-frontend-edge-retry1\test-failed-1.png]]

[[ATTACHMENT|test-results\register-Register-TS04---r-3dee2-dentes-com-dados-aleatórios-frontend-edge-retry1\video.webm]]

[[ATTACHMENT|test-results\register-Register-TS04---r-3dee2-dentes-com-dados-aleatórios-frontend-edge-retry1\error-context.md]]

[[ATTACHMENT|test-results\register-Register-TS04---r-3dee2-dentes-com-dados-aleatórios-frontend-edge-retry1\trace.zip]]
]]>
</system-out>
</testcase>
<testcase name="Register › TS05 - valida campo obrigatório faltando no step 0" classname="register.spec.ts" time="6.38">
<failure message="register.spec.ts:143:3 TS05 - valida campo obrigatório faltando no step 0" type="FAILURE">
<![CDATA[  [frontend-edge] › register.spec.ts:143:3 › Register › TS05 - valida campo obrigatório faltando no step 0 

    Error: page.goto: net::ERR_CONNECTION_REFUSED at http://localhost:5174/register
    Call log:
      - navigating to "http://localhost:5174/register", waiting until "load"


      145 |     const base = new PageBase(page);
      146 |
    > 147 |     await page.goto('/register');
          |                ^
      148 |     await waitForPageLoad(page, 'register');
      149 |
      150 |     if (missingField !== 'firstName') await base.fill(selectors.register.firstName, faker.person.firstName());
        at D:\github-projects\tester.com\e2e\specs\frontend\register.spec.ts:147:16

    attachment #1: screenshot (image/png) ──────────────────────────────────────────────────────────
    ..\..\..\test-results\register-Register-TS05---v-38406-igatório-faltando-no-step-0-frontend-edge\test-failed-1.png
    ────────────────────────────────────────────────────────────────────────────────────────────────

    attachment #3: video (video/webm) ──────────────────────────────────────────────────────────────
    ..\..\..\test-results\register-Register-TS05---v-38406-igatório-faltando-no-step-0-frontend-edge\video.webm
    ────────────────────────────────────────────────────────────────────────────────────────────────

    Error Context: ..\..\..\test-results\register-Register-TS05---v-38406-igatório-faltando-no-step-0-frontend-edge\error-context.md

    Retry #1 ───────────────────────────────────────────────────────────────────────────────────────

    Error: page.goto: net::ERR_CONNECTION_REFUSED at http://localhost:5174/register
    Call log:
      - navigating to "http://localhost:5174/register", waiting until "load"


      145 |     const base = new PageBase(page);
      146 |
    > 147 |     await page.goto('/register');
          |                ^
      148 |     await waitForPageLoad(page, 'register');
      149 |
      150 |     if (missingField !== 'firstName') await base.fill(selectors.register.firstName, faker.person.firstName());
        at D:\github-projects\tester.com\e2e\specs\frontend\register.spec.ts:147:16

    attachment #1: screenshot (image/png) ──────────────────────────────────────────────────────────
    ..\..\..\test-results\register-Register-TS05---v-38406-igatório-faltando-no-step-0-frontend-edge-retry1\test-failed-1.png
    ────────────────────────────────────────────────────────────────────────────────────────────────

    attachment #3: video (video/webm) ──────────────────────────────────────────────────────────────
    ..\..\..\test-results\register-Register-TS05---v-38406-igatório-faltando-no-step-0-frontend-edge-retry1\video.webm
    ────────────────────────────────────────────────────────────────────────────────────────────────

    Error Context: ..\..\..\test-results\register-Register-TS05---v-38406-igatório-faltando-no-step-0-frontend-edge-retry1\error-context.md

    attachment #5: trace (application/zip) ─────────────────────────────────────────────────────────
    ..\..\..\test-results\register-Register-TS05---v-38406-igatório-faltando-no-step-0-frontend-edge-retry1\trace.zip
    Usage:

        npx playwright show-trace ..\..\..\test-results\register-Register-TS05---v-38406-igatório-faltando-no-step-0-frontend-edge-retry1\trace.zip

    ────────────────────────────────────────────────────────────────────────────────────────────────
]]>
</failure>
<system-out>
<![CDATA[
[[ATTACHMENT|test-results\register-Register-TS05---v-38406-igatório-faltando-no-step-0-frontend-edge\test-failed-1.png]]

[[ATTACHMENT|test-results\register-Register-TS05---v-38406-igatório-faltando-no-step-0-frontend-edge\video.webm]]

[[ATTACHMENT|test-results\register-Register-TS05---v-38406-igatório-faltando-no-step-0-frontend-edge\error-context.md]]

[[ATTACHMENT|test-results\register-Register-TS05---v-38406-igatório-faltando-no-step-0-frontend-edge-retry1\test-failed-1.png]]

[[ATTACHMENT|test-results\register-Register-TS05---v-38406-igatório-faltando-no-step-0-frontend-edge-retry1\video.webm]]

[[ATTACHMENT|test-results\register-Register-TS05---v-38406-igatório-faltando-no-step-0-frontend-edge-retry1\error-context.md]]

[[ATTACHMENT|test-results\register-Register-TS05---v-38406-igatório-faltando-no-step-0-frontend-edge-retry1\trace.zip]]
]]>
</system-out>
</testcase>
<testcase name="Register › TS06 - rejeita email duplicado com dados aleatórios" classname="register.spec.ts" time="6.329">
<failure message="register.spec.ts:178:3 TS06 - rejeita email duplicado com dados aleatórios" type="FAILURE">
<![CDATA[  [frontend-edge] › register.spec.ts:178:3 › Register › TS06 - rejeita email duplicado com dados aleatórios 

    Error: page.goto: net::ERR_CONNECTION_REFUSED at http://localhost:5174/register
    Call log:
      - navigating to "http://localhost:5174/register", waiting until "load"


      185 |     await setupViacepMock(page);
      186 |
    > 187 |     await page.goto('/register');
          |                ^
      188 |     await waitForPageLoad(page, 'register');
      189 |
      190 |     // ── Step 0 ────────────────────────────────────────────────────────────────
        at D:\github-projects\tester.com\e2e\specs\frontend\register.spec.ts:187:16

    attachment #1: screenshot (image/png) ──────────────────────────────────────────────────────────
    ..\..\..\test-results\register-Register-TS06---r-359dd-licado-com-dados-aleatórios-frontend-edge\test-failed-1.png
    ────────────────────────────────────────────────────────────────────────────────────────────────

    attachment #3: video (video/webm) ──────────────────────────────────────────────────────────────
    ..\..\..\test-results\register-Register-TS06---r-359dd-licado-com-dados-aleatórios-frontend-edge\video.webm
    ────────────────────────────────────────────────────────────────────────────────────────────────

    Error Context: ..\..\..\test-results\register-Register-TS06---r-359dd-licado-com-dados-aleatórios-frontend-edge\error-context.md

    Retry #1 ───────────────────────────────────────────────────────────────────────────────────────

    Error: page.goto: net::ERR_CONNECTION_REFUSED at http://localhost:5174/register
    Call log:
      - navigating to "http://localhost:5174/register", waiting until "load"


      185 |     await setupViacepMock(page);
      186 |
    > 187 |     await page.goto('/register');
          |                ^
      188 |     await waitForPageLoad(page, 'register');
      189 |
      190 |     // ── Step 0 ────────────────────────────────────────────────────────────────
        at D:\github-projects\tester.com\e2e\specs\frontend\register.spec.ts:187:16

    attachment #1: screenshot (image/png) ──────────────────────────────────────────────────────────
    ..\..\..\test-results\register-Register-TS06---r-359dd-licado-com-dados-aleatórios-frontend-edge-retry1\test-failed-1.png
    ────────────────────────────────────────────────────────────────────────────────────────────────

    attachment #3: video (video/webm) ──────────────────────────────────────────────────────────────
    ..\..\..\test-results\register-Register-TS06---r-359dd-licado-com-dados-aleatórios-frontend-edge-retry1\video.webm
    ────────────────────────────────────────────────────────────────────────────────────────────────

    Error Context: ..\..\..\test-results\register-Register-TS06---r-359dd-licado-com-dados-aleatórios-frontend-edge-retry1\error-context.md

    attachment #5: trace (application/zip) ─────────────────────────────────────────────────────────
    ..\..\..\test-results\register-Register-TS06---r-359dd-licado-com-dados-aleatórios-frontend-edge-retry1\trace.zip
    Usage:

        npx playwright show-trace ..\..\..\test-results\register-Register-TS06---r-359dd-licado-com-dados-aleatórios-frontend-edge-retry1\trace.zip

    ────────────────────────────────────────────────────────────────────────────────────────────────
]]>
</failure>
<system-out>
<![CDATA[
[[ATTACHMENT|test-results\register-Register-TS06---r-359dd-licado-com-dados-aleatórios-frontend-edge\test-failed-1.png]]

[[ATTACHMENT|test-results\register-Register-TS06---r-359dd-licado-com-dados-aleatórios-frontend-edge\video.webm]]

[[ATTACHMENT|test-results\register-Register-TS06---r-359dd-licado-com-dados-aleatórios-frontend-edge\error-context.md]]

[[ATTACHMENT|test-results\register-Register-TS06---r-359dd-licado-com-dados-aleatórios-frontend-edge-retry1\test-failed-1.png]]

[[ATTACHMENT|test-results\register-Register-TS06---r-359dd-licado-com-dados-aleatórios-frontend-edge-retry1\video.webm]]

[[ATTACHMENT|test-results\register-Register-TS06---r-359dd-licado-com-dados-aleatórios-frontend-edge-retry1\error-context.md]]

[[ATTACHMENT|test-results\register-Register-TS06---r-359dd-licado-com-dados-aleatórios-frontend-edge-retry1\trace.zip]]
]]>
</system-out>
</testcase>
<testcase name="Register › TS07 - valida todos os campos vazios com mensagens de validação individuais" classname="register.spec.ts" time="5.986">
<failure message="register.spec.ts:215:3 TS07 - valida todos os campos vazios com mensagens de validação individuais" type="FAILURE">
<![CDATA[  [frontend-edge] › register.spec.ts:215:3 › Register › TS07 - valida todos os campos vazios com mensagens de validação individuais 

    Error: page.goto: net::ERR_CONNECTION_REFUSED at http://localhost:5174/register
    Call log:
      - navigating to "http://localhost:5174/register", waiting until "load"


      214 |    */
      215 |   test('TS07 - valida todos os campos vazios com mensagens de validação individuais', async ({ page }) => {
    > 216 |     await page.goto('/register');
          |                ^
      217 |     await waitForPageLoad(page, 'register');
      218 |
      219 |     // Click "next" button with all fields empty
        at D:\github-projects\tester.com\e2e\specs\frontend\register.spec.ts:216:16

    attachment #1: screenshot (image/png) ──────────────────────────────────────────────────────────
    ..\..\..\test-results\register-Register-TS07---v-084f4-ns-de-validação-individuais-frontend-edge\test-failed-1.png
    ────────────────────────────────────────────────────────────────────────────────────────────────

    attachment #3: video (video/webm) ──────────────────────────────────────────────────────────────
    ..\..\..\test-results\register-Register-TS07---v-084f4-ns-de-validação-individuais-frontend-edge\video.webm
    ────────────────────────────────────────────────────────────────────────────────────────────────

    Error Context: ..\..\..\test-results\register-Register-TS07---v-084f4-ns-de-validação-individuais-frontend-edge\error-context.md

    Retry #1 ───────────────────────────────────────────────────────────────────────────────────────

    Error: page.goto: net::ERR_CONNECTION_REFUSED at http://localhost:5174/register
    Call log:
      - navigating to "http://localhost:5174/register", waiting until "load"


      214 |    */
      215 |   test('TS07 - valida todos os campos vazios com mensagens de validação individuais', async ({ page }) => {
    > 216 |     await page.goto('/register');
          |                ^
      217 |     await waitForPageLoad(page, 'register');
      218 |
      219 |     // Click "next" button with all fields empty
        at D:\github-projects\tester.com\e2e\specs\frontend\register.spec.ts:216:16

    attachment #1: screenshot (image/png) ──────────────────────────────────────────────────────────
    ..\..\..\test-results\register-Register-TS07---v-084f4-ns-de-validação-individuais-frontend-edge-retry1\test-failed-1.png
    ────────────────────────────────────────────────────────────────────────────────────────────────

    attachment #3: video (video/webm) ──────────────────────────────────────────────────────────────
    ..\..\..\test-results\register-Register-TS07---v-084f4-ns-de-validação-individuais-frontend-edge-retry1\video.webm
    ────────────────────────────────────────────────────────────────────────────────────────────────

    Error Context: ..\..\..\test-results\register-Register-TS07---v-084f4-ns-de-validação-individuais-frontend-edge-retry1\error-context.md

    attachment #5: trace (application/zip) ─────────────────────────────────────────────────────────
    ..\..\..\test-results\register-Register-TS07---v-084f4-ns-de-validação-individuais-frontend-edge-retry1\trace.zip
    Usage:

        npx playwright show-trace ..\..\..\test-results\register-Register-TS07---v-084f4-ns-de-validação-individuais-frontend-edge-retry1\trace.zip

    ────────────────────────────────────────────────────────────────────────────────────────────────
]]>
</failure>
<system-out>
<![CDATA[
[[ATTACHMENT|test-results\register-Register-TS07---v-084f4-ns-de-validação-individuais-frontend-edge\test-failed-1.png]]

[[ATTACHMENT|test-results\register-Register-TS07---v-084f4-ns-de-validação-individuais-frontend-edge\video.webm]]

[[ATTACHMENT|test-results\register-Register-TS07---v-084f4-ns-de-validação-individuais-frontend-edge\error-context.md]]

[[ATTACHMENT|test-results\register-Register-TS07---v-084f4-ns-de-validação-individuais-frontend-edge-retry1\test-failed-1.png]]

[[ATTACHMENT|test-results\register-Register-TS07---v-084f4-ns-de-validação-individuais-frontend-edge-retry1\video.webm]]

[[ATTACHMENT|test-results\register-Register-TS07---v-084f4-ns-de-validação-individuais-frontend-edge-retry1\error-context.md]]

[[ATTACHMENT|test-results\register-Register-TS07---v-084f4-ns-de-validação-individuais-frontend-edge-retry1\trace.zip]]
]]>
</system-out>
</testcase>
</testsuite>
</testsuites>